[     158ms] [INFO] %cDownload the React DevTools for a better development experience: https://react.dev/link/react-devtools font-weight:bold @ http://localhost:3777/_next/static/chunks/5d2cf_next_dist_4ad02d79._.js:2297
[     179ms] [LOG] [HMR] connected @ http://localhost:3777/_next/static/chunks/5d2cf_next_dist_4ad02d79._.js:2297
[     236ms] [ERROR] Access to fetch at 'http://localhost:8000/team' from origin 'http://localhost:3777' has been blocked by CORS policy: Response to preflight request doesn't pass access control check: No 'Access-Control-Allow-Origin' header is present on the requested resource. @ http://localhost:3777/login:0
[     236ms] [ERROR] Failed to load resource: net::ERR_FAILED @ http://localhost:8000/team:0
[     236ms] [ERROR] Access to fetch at 'http://localhost:8000/tasks' from origin 'http://localhost:3777' has been blocked by CORS policy: Response to preflight request doesn't pass access control check: No 'Access-Control-Allow-Origin' header is present on the requested resource. @ http://localhost:3777/login:0
[     236ms] [ERROR] Failed to load resource: net::ERR_FAILED @ http://localhost:8000/tasks:0
[     236ms] [ERROR] Access to fetch at 'http://localhost:8000/activity?limit=200' from origin 'http://localhost:3777' has been blocked by CORS policy: Response to preflight request doesn't pass access control check: No 'Access-Control-Allow-Origin' header is present on the requested resource. @ http://localhost:3777/login:0
[     236ms] [ERROR] Failed to load resource: net::ERR_FAILED @ http://localhost:8000/activity?limit=200:0
[  372391ms] [ERROR] WebSocket connection to 'ws://localhost:3777/_next/webpack-hmr?id=bJOZ3bJFs8JroauJg2uTv' failed:  @ http://localhost:3777/_next/static/chunks/5d2cf_next_dist_client_a690c487._.js:10878
[  373400ms] [LOG] [HMR] connected @ http://localhost:3777/_next/static/chunks/5d2cf_next_dist_4ad02d79._.js:2297
[  712882ms] [ERROR] WebSocket connection to 'ws://localhost:3777/_next/webpack-hmr?id=bJOZ3bJFs8JroauJg2uTv' failed:  @ http://localhost:3777/_next/static/chunks/5d2cf_next_dist_client_a690c487._.js:10878
[  713890ms] [LOG] [HMR] connected @ http://localhost:3777/_next/static/chunks/5d2cf_next_dist_4ad02d79._.js:2297
[  950878ms] [LOG] [Fast Refresh] rebuilding @ http://localhost:3777/_next/static/chunks/5d2cf_next_dist_4ad02d79._.js:2297
[  951258ms] [WARNING] [Fast Refresh] performing full reload

Fast Refresh will perform a full reload when you edit a file that's imported by modules outside of the React rendering tree.
You might have a file which exports a React component but also exports a value that is imported by a non-React component file.
Consider migrating the non-React component export to a separate file and importing it into both files.

It is also possible the parent component of the component you edited is a class component, which disables Fast Refresh.
Fast Refresh requires at least one parent function component in your React tree. @ http://localhost:3777/_next/static/chunks/5d2cf_next_dist_4ad02d79._.js:2297
[  951382ms] [LOG] [Fast Refresh] done in 480ms @ http://localhost:3777/_next/static/chunks/5d2cf_next_dist_4ad02d79._.js:2297
[  951728ms] [INFO] %cDownload the React DevTools for a better development experience: https://react.dev/link/react-devtools font-weight:bold @ http://localhost:3777/_next/static/chunks/5d2cf_next_dist_4ad02d79._.js:2297
[  951770ms] [LOG] [HMR] connected @ http://localhost:3777/_next/static/chunks/5d2cf_next_dist_4ad02d79._.js:2297
[  952124ms] [ERROR] Access to fetch at 'http://localhost:8000/team' from origin 'http://localhost:3777' has been blocked by CORS policy: Response to preflight request doesn't pass access control check: No 'Access-Control-Allow-Origin' header is present on the requested resource. @ http://localhost:3777/dashboard:0
[  952124ms] [ERROR] Failed to load resource: net::ERR_FAILED @ http://localhost:8000/team:0
[  952124ms] [ERROR] Access to fetch at 'http://localhost:8000/tasks' from origin 'http://localhost:3777' has been blocked by CORS policy: Response to preflight request doesn't pass access control check: No 'Access-Control-Allow-Origin' header is present on the requested resource. @ http://localhost:3777/dashboard:0
[  952124ms] [ERROR] Failed to load resource: net::ERR_FAILED @ http://localhost:8000/tasks:0
[  952124ms] [ERROR] Access to fetch at 'http://localhost:8000/activity?limit=200' from origin 'http://localhost:3777' has been blocked by CORS policy: Response to preflight request doesn't pass access control check: No 'Access-Control-Allow-Origin' header is present on the requested resource. @ http://localhost:3777/dashboard:0
[  952124ms] [ERROR] Failed to load resource: net::ERR_FAILED @ http://localhost:8000/activity?limit=200:0
[  971740ms] [LOG] [Fast Refresh] rebuilding @ http://localhost:3777/_next/static/chunks/5d2cf_next_dist_4ad02d79._.js:2297
[  971740ms] [WARNING] [Fast Refresh] performing full reload

Fast Refresh will perform a full reload when you edit a file that's imported by modules outside of the React rendering tree.
You might have a file which exports a React component but also exports a value that is imported by a non-React component file.
Consider migrating the non-React component export to a separate file and importing it into both files.

It is also possible the parent component of the component you edited is a class component, which disables Fast Refresh.
Fast Refresh requires at least one parent function component in your React tree. @ http://localhost:3777/_next/static/chunks/5d2cf_next_dist_4ad02d79._.js:2297
[  971866ms] [LOG] [Fast Refresh] done in 94ms @ http://localhost:3777/_next/static/chunks/5d2cf_next_dist_4ad02d79._.js:2297
[  972230ms] [INFO] %cDownload the React DevTools for a better development experience: https://react.dev/link/react-devtools font-weight:bold @ http://localhost:3777/_next/static/chunks/5d2cf_next_dist_4ad02d79._.js:2297
[  972253ms] [LOG] [HMR] connected @ http://localhost:3777/_next/static/chunks/5d2cf_next_dist_4ad02d79._.js:2297
[  972566ms] [ERROR] Access to fetch at 'http://localhost:8000/team' from origin 'http://localhost:3777' has been blocked by CORS policy: Response to preflight request doesn't pass access control check: No 'Access-Control-Allow-Origin' header is present on the requested resource. @ http://localhost:3777/dashboard:0
[  972566ms] [ERROR] Failed to load resource: net::ERR_FAILED @ http://localhost:8000/team:0
[  972566ms] [ERROR] Access to fetch at 'http://localhost:8000/tasks' from origin 'http://localhost:3777' has been blocked by CORS policy: Response to preflight request doesn't pass access control check: No 'Access-Control-Allow-Origin' header is present on the requested resource. @ http://localhost:3777/dashboard:0
[  972566ms] [ERROR] Failed to load resource: net::ERR_FAILED @ http://localhost:8000/tasks:0
[  972566ms] [ERROR] Access to fetch at 'http://localhost:8000/activity?limit=200' from origin 'http://localhost:3777' has been blocked by CORS policy: Response to preflight request doesn't pass access control check: No 'Access-Control-Allow-Origin' header is present on the requested resource. @ http://localhost:3777/dashboard:0
[  972567ms] [ERROR] Failed to load resource: net::ERR_FAILED @ http://localhost:8000/activity?limit=200:0
[ 2510938ms] [LOG] [Fast Refresh] rebuilding @ http://localhost:3777/_next/static/chunks/5d2cf_next_dist_4ad02d79._.js:2297
[ 2510967ms] [LOG] [Fast Refresh] done in 130ms @ http://localhost:3777/_next/static/chunks/5d2cf_next_dist_4ad02d79._.js:2297
[ 2652989ms] [LOG] [Fast Refresh] rebuilding @ http://localhost:3777/_next/static/chunks/5d2cf_next_dist_4ad02d79._.js:2297
[ 2652991ms] [WARNING] [Fast Refresh] performing full reload

Fast Refresh will perform a full reload when you edit a file that's imported by modules outside of the React rendering tree.
You might have a file which exports a React component but also exports a value that is imported by a non-React component file.
Consider migrating the non-React component export to a separate file and importing it into both files.

It is also possible the parent component of the component you edited is a class component, which disables Fast Refresh.
Fast Refresh requires at least one parent function component in your React tree. @ http://localhost:3777/_next/static/chunks/5d2cf_next_dist_4ad02d79._.js:2297
[ 2653114ms] [LOG] [Fast Refresh] done in 102ms @ http://localhost:3777/_next/static/chunks/5d2cf_next_dist_4ad02d79._.js:2297
[ 2653440ms] [INFO] %cDownload the React DevTools for a better development experience: https://react.dev/link/react-devtools font-weight:bold @ http://localhost:3777/_next/static/chunks/5d2cf_next_dist_4ad02d79._.js:2297
[ 2653474ms] [LOG] [HMR] connected @ http://localhost:3777/_next/static/chunks/5d2cf_next_dist_4ad02d79._.js:2297
[ 2653817ms] [ERROR] Access to fetch at 'http://localhost:8000/team' from origin 'http://localhost:3777' has been blocked by CORS policy: Response to preflight request doesn't pass access control check: No 'Access-Control-Allow-Origin' header is present on the requested resource. @ http://localhost:3777/dashboard:0
[ 2653817ms] [ERROR] Failed to load resource: net::ERR_FAILED @ http://localhost:8000/team:0
[ 2653818ms] [ERROR] Access to fetch at 'http://localhost:8000/tasks' from origin 'http://localhost:3777' has been blocked by CORS policy: Response to preflight request doesn't pass access control check: No 'Access-Control-Allow-Origin' header is present on the requested resource. @ http://localhost:3777/dashboard:0
[ 2653818ms] [ERROR] Failed to load resource: net::ERR_FAILED @ http://localhost:8000/tasks:0
[ 2653818ms] [ERROR] Access to fetch at 'http://localhost:8000/activity?limit=200' from origin 'http://localhost:3777' has been blocked by CORS policy: Response to preflight request doesn't pass access control check: No 'Access-Control-Allow-Origin' header is present on the requested resource. @ http://localhost:3777/dashboard:0
[ 2653818ms] [ERROR] Failed to load resource: net::ERR_FAILED @ http://localhost:8000/activity?limit=200:0
[ 2984181ms] [LOG] [Fast Refresh] rebuilding @ http://localhost:3777/_next/static/chunks/5d2cf_next_dist_4ad02d79._.js:2297
[ 2984252ms] [LOG] [Fast Refresh] done in 114ms @ http://localhost:3777/_next/static/chunks/5d2cf_next_dist_4ad02d79._.js:2297
[ 2984354ms] [LOG] [Fast Refresh] rebuilding @ http://localhost:3777/_next/static/chunks/5d2cf_next_dist_4ad02d79._.js:2297
