[     132ms] [INFO] %cDownload the React DevTools for a better development experience: https://react.dev/link/react-devtools font-weight:bold @ http://localhost:3000/_next/static/chunks/5d2cf_next_dist_4ad02d79._.js:2297
[     153ms] [LOG] [HMR] connected @ http://localhost:3000/_next/static/chunks/5d2cf_next_dist_4ad02d79._.js:2297
[  907808ms] [LOG] [Fast Refresh] rebuilding @ http://localhost:3000/_next/static/chunks/5d2cf_next_dist_4ad02d79._.js:2297
[  907882ms] [LOG] [Fast Refresh] done in 149ms @ http://localhost:3000/_next/static/chunks/5d2cf_next_dist_4ad02d79._.js:2297
[  919808ms] [LOG] [Fast Refresh] rebuilding @ http://localhost:3000/_next/static/chunks/5d2cf_next_dist_4ad02d79._.js:2297
[  919834ms] [LOG] [Fast Refresh] done in 78ms @ http://localhost:3000/_next/static/chunks/5d2cf_next_dist_4ad02d79._.js:2297
[  936684ms] [LOG] [Fast Refresh] rebuilding @ http://localhost:3000/_next/static/chunks/5d2cf_next_dist_4ad02d79._.js:2297
[  936707ms] [LOG] [Fast Refresh] done in 109ms @ http://localhost:3000/_next/static/chunks/5d2cf_next_dist_4ad02d79._.js:2297
[ 1148583ms] [LOG] [Fast Refresh] rebuilding @ http://localhost:3000/_next/static/chunks/5d2cf_next_dist_4ad02d79._.js:2297
[ 1148636ms] [LOG] [Fast Refresh] done in 153ms @ http://localhost:3000/_next/static/chunks/5d2cf_next_dist_4ad02d79._.js:2297
[ 1348366ms] [LOG] [Fast Refresh] rebuilding @ http://localhost:3000/_next/static/chunks/5d2cf_next_dist_4ad02d79._.js:2297
[ 1348420ms] [LOG] [Fast Refresh] done in 70ms @ http://localhost:3000/_next/static/chunks/5d2cf_next_dist_4ad02d79._.js:2297
[ 1348530ms] [LOG] [Fast Refresh] rebuilding @ http://localhost:3000/_next/static/chunks/5d2cf_next_dist_4ad02d79._.js:2297
[ 1348536ms] [ERROR] Failed to load resource: the server responded with a status of 404 (Not Found) @ http://localhost:3000/dashboard?_rsc=1h18q:0
[ 1348554ms] [LOG] [Fast Refresh] done in 124ms @ http://localhost:3000/_next/static/chunks/5d2cf_next_dist_4ad02d79._.js:2297
[ 1348589ms] [ERROR] Failed to load resource: the server responded with a status of 404 (Not Found) @ http://localhost:3000/dashboard?_rsc=1h18q:0
[ 1348678ms] [LOG] [Fast Refresh] rebuilding @ http://localhost:3000/_next/static/chunks/5d2cf_next_dist_4ad02d79._.js:2297
[ 1348693ms] [LOG] [Fast Refresh] done in 115ms @ http://localhost:3000/_next/static/chunks/5d2cf_next_dist_4ad02d79._.js:2297
[ 1348714ms] [ERROR] Failed to load resource: the server responded with a status of 404 (Not Found) @ http://localhost:3000/dashboard:0
[ 1348853ms] [INFO] %cDownload the React DevTools for a better development experience: https://react.dev/link/react-devtools font-weight:bold @ http://localhost:3000/_next/static/chunks/5d2cf_next_dist_4ad02d79._.js:2297
[ 1348873ms] [LOG] [HMR] connected @ http://localhost:3000/_next/static/chunks/5d2cf_next_dist_4ad02d79._.js:2297
[ 1384743ms] [LOG] [Fast Refresh] rebuilding @ http://localhost:3000/_next/static/chunks/5d2cf_next_dist_4ad02d79._.js:2297
[ 1384772ms] [LOG] [Fast Refresh] done in 93ms @ http://localhost:3000/_next/static/chunks/5d2cf_next_dist_4ad02d79._.js:2297
[ 1402882ms] [LOG] [Fast Refresh] rebuilding @ http://localhost:3000/_next/static/chunks/5d2cf_next_dist_4ad02d79._.js:2297
[ 1402883ms] [WARNING] [Fast Refresh] performing full reload

Fast Refresh will perform a full reload when you edit a file that's imported by modules outside of the React rendering tree.
You might have a file which exports a React component but also exports a value that is imported by a non-React component file.
Consider migrating the non-React component export to a separate file and importing it into both files.

It is also possible the parent component of the component you edited is a class component, which disables Fast Refresh.
Fast Refresh requires at least one parent function component in your React tree. @ http://localhost:3000/_next/static/chunks/5d2cf_next_dist_4ad02d79._.js:2297
[ 1402910ms] [LOG] [Fast Refresh] done in 73ms @ http://localhost:3000/_next/static/chunks/5d2cf_next_dist_4ad02d79._.js:2297
[ 1403011ms] [LOG] [Fast Refresh] rebuilding @ http://localhost:3000/_next/static/chunks/5d2cf_next_dist_4ad02d79._.js:2297
[ 1403029ms] [LOG] [Fast Refresh] done in 118ms @ http://localhost:3000/_next/static/chunks/5d2cf_next_dist_4ad02d79._.js:2297
[ 1403124ms] [ERROR] Failed to load resource: the server responded with a status of 404 (Not Found) @ http://localhost:3000/dashboard:0
[ 1403221ms] [INFO] %cDownload the React DevTools for a better development experience: https://react.dev/link/react-devtools font-weight:bold @ http://localhost:3000/_next/static/chunks/5d2cf_next_dist_4ad02d79._.js:2297
[ 1403243ms] [LOG] [HMR] connected @ http://localhost:3000/_next/static/chunks/5d2cf_next_dist_4ad02d79._.js:2297
[ 1403306ms] [ERROR] Failed to load resource: the server responded with a status of 404 (Not Found) @ http://localhost:3000/favicon.ico?favicon.0b3bf435.ico:0
[ 1738921ms] [ERROR] WebSocket connection to 'ws://localhost:3000/_next/webpack-hmr?id=YSYvrlysRPRiDVOsbNwBA' failed: Error in connection establishment: net::ERR_CONNECTION_REFUSED @ http://localhost:3000/_next/static/chunks/5d2cf_next_dist_client_a690c487._.js:10878
[ 1768765ms] [LOG] [HMR] connected @ http://localhost:3000/_next/static/chunks/5d2cf_next_dist_4ad02d79._.js:2297
[ 1770125ms] [INFO] %cDownload the React DevTools for a better development experience: https://react.dev/link/react-devtools font-weight:bold @ http://localhost:3000/_next/static/chunks/5d2cf_next_dist_4ad02d79._.js:2297
[ 1770149ms] [LOG] [HMR] connected @ http://localhost:3000/_next/static/chunks/5d2cf_next_dist_4ad02d79._.js:2297
[ 1793810ms] [LOG] [Fast Refresh] rebuilding @ http://localhost:3000/_next/static/chunks/5d2cf_next_dist_4ad02d79._.js:2297
[ 1794459ms] [LOG] [Fast Refresh] done in 749ms @ http://localhost:3000/_next/static/chunks/5d2cf_next_dist_4ad02d79._.js:2297
[ 1839736ms] [LOG] [Fast Refresh] rebuilding @ http://localhost:3000/_next/static/chunks/5d2cf_next_dist_4ad02d79._.js:2297
[ 1839980ms] [LOG] [Fast Refresh] done in 343ms @ http://localhost:3000/_next/static/chunks/5d2cf_next_dist_4ad02d79._.js:2297
[ 1896822ms] [LOG] [Fast Refresh] rebuilding @ http://localhost:3000/_next/static/chunks/5d2cf_next_dist_4ad02d79._.js:2297
[ 1896832ms] [LOG] [Fast Refresh] done in 110ms @ http://localhost:3000/_next/static/chunks/5d2cf_next_dist_4ad02d79._.js:2297
[ 1906621ms] [LOG] [Fast Refresh] rebuilding @ http://localhost:3000/_next/static/chunks/5d2cf_next_dist_4ad02d79._.js:2297
[ 1906660ms] [LOG] [Fast Refresh] done in 140ms @ http://localhost:3000/_next/static/chunks/5d2cf_next_dist_4ad02d79._.js:2297
[ 1908371ms] [LOG] [Fast Refresh] rebuilding @ http://localhost:3000/_next/static/chunks/5d2cf_next_dist_4ad02d79._.js:2297
[ 1908410ms] [LOG] [Fast Refresh] done in 138ms @ http://localhost:3000/_next/static/chunks/5d2cf_next_dist_4ad02d79._.js:2297
[ 1909153ms] [LOG] [Fast Refresh] rebuilding @ http://localhost:3000/_next/static/chunks/5d2cf_next_dist_4ad02d79._.js:2297
[ 1909191ms] [LOG] [Fast Refresh] done in 138ms @ http://localhost:3000/_next/static/chunks/5d2cf_next_dist_4ad02d79._.js:2297
[ 1968498ms] [LOG] [Fast Refresh] rebuilding @ http://localhost:3000/_next/static/chunks/5d2cf_next_dist_4ad02d79._.js:2297
[ 1968585ms] [LOG] [Fast Refresh] done in 156ms @ http://localhost:3000/_next/static/chunks/5d2cf_next_dist_4ad02d79._.js:2297
[ 3866428ms] [LOG] [Fast Refresh] rebuilding @ http://localhost:3000/_next/static/chunks/5d2cf_next_dist_4ad02d79._.js:2297
[ 3866460ms] [LOG] [Fast Refresh] done in 72ms @ http://localhost:3000/_next/static/chunks/5d2cf_next_dist_4ad02d79._.js:2297
[ 3867721ms] [LOG] [Fast Refresh] rebuilding @ http://localhost:3000/_next/static/chunks/5d2cf_next_dist_4ad02d79._.js:2297
[ 3867748ms] [LOG] [Fast Refresh] done in 63ms @ http://localhost:3000/_next/static/chunks/5d2cf_next_dist_4ad02d79._.js:2297
[ 3872099ms] [LOG] [Fast Refresh] rebuilding @ http://localhost:3000/_next/static/chunks/5d2cf_next_dist_4ad02d79._.js:2297
[ 3872124ms] [LOG] [Fast Refresh] done in 50ms @ http://localhost:3000/_next/static/chunks/5d2cf_next_dist_4ad02d79._.js:2297
[ 3872567ms] [LOG] [Fast Refresh] rebuilding @ http://localhost:3000/_next/static/chunks/5d2cf_next_dist_4ad02d79._.js:2297
[ 3872594ms] [LOG] [Fast Refresh] done in 43ms @ http://localhost:3000/_next/static/chunks/5d2cf_next_dist_4ad02d79._.js:2297
[ 3873986ms] [LOG] [Fast Refresh] rebuilding @ http://localhost:3000/_next/static/chunks/5d2cf_next_dist_4ad02d79._.js:2297
[ 3874014ms] [LOG] [Fast Refresh] done in 47ms @ http://localhost:3000/_next/static/chunks/5d2cf_next_dist_4ad02d79._.js:2297
[ 3875490ms] [LOG] [Fast Refresh] rebuilding @ http://localhost:3000/_next/static/chunks/5d2cf_next_dist_4ad02d79._.js:2297
[ 3875519ms] [LOG] [Fast Refresh] done in 41ms @ http://localhost:3000/_next/static/chunks/5d2cf_next_dist_4ad02d79._.js:2297
[ 3876457ms] [LOG] [Fast Refresh] rebuilding @ http://localhost:3000/_next/static/chunks/5d2cf_next_dist_4ad02d79._.js:2297
[ 3876484ms] [LOG] [Fast Refresh] done in 39ms @ http://localhost:3000/_next/static/chunks/5d2cf_next_dist_4ad02d79._.js:2297
[ 3885182ms] [LOG] [Fast Refresh] rebuilding @ http://localhost:3000/_next/static/chunks/5d2cf_next_dist_4ad02d79._.js:2297
[ 3885272ms] [LOG] [Fast Refresh] done in 46ms @ http://localhost:3000/_next/static/chunks/5d2cf_next_dist_4ad02d79._.js:2297
[ 3961610ms] [LOG] [Fast Refresh] rebuilding @ http://localhost:3000/_next/static/chunks/5d2cf_next_dist_4ad02d79._.js:2297
[ 3961613ms] [LOG] [Fast Refresh] done in 103ms @ http://localhost:3000/_next/static/chunks/5d2cf_next_dist_4ad02d79._.js:2297
[ 4089574ms] [LOG] [Fast Refresh] rebuilding @ http://localhost:3000/_next/static/chunks/5d2cf_next_dist_4ad02d79._.js:2297
[ 4089601ms] [LOG] [Fast Refresh] done in 126ms @ http://localhost:3000/_next/static/chunks/5d2cf_next_dist_4ad02d79._.js:2297
[ 4093440ms] [LOG] [Fast Refresh] rebuilding @ http://localhost:3000/_next/static/chunks/5d2cf_next_dist_4ad02d79._.js:2297
[ 4093462ms] [LOG] [Fast Refresh] done in 123ms @ http://localhost:3000/_next/static/chunks/5d2cf_next_dist_4ad02d79._.js:2297
[ 4094936ms] [LOG] [Fast Refresh] rebuilding @ http://localhost:3000/_next/static/chunks/5d2cf_next_dist_4ad02d79._.js:2297
[ 4094940ms] [LOG] [Fast Refresh] done in 105ms @ http://localhost:3000/_next/static/chunks/5d2cf_next_dist_4ad02d79._.js:2297
[ 4098411ms] [LOG] [Fast Refresh] rebuilding @ http://localhost:3000/_next/static/chunks/5d2cf_next_dist_4ad02d79._.js:2297
[ 4098478ms] [LOG] [Fast Refresh] done in 167ms @ http://localhost:3000/_next/static/chunks/5d2cf_next_dist_4ad02d79._.js:2297
[ 5002916ms] [LOG] [Fast Refresh] rebuilding @ http://localhost:3000/_next/static/chunks/5d2cf_next_dist_4ad02d79._.js:2297
[ 5002944ms] [LOG] [Fast Refresh] done in 49ms @ http://localhost:3000/_next/static/chunks/5d2cf_next_dist_4ad02d79._.js:2297
[ 5010572ms] [LOG] [Fast Refresh] rebuilding @ http://localhost:3000/_next/static/chunks/5d2cf_next_dist_4ad02d79._.js:2297
[ 5010601ms] [LOG] [Fast Refresh] done in 44ms @ http://localhost:3000/_next/static/chunks/5d2cf_next_dist_4ad02d79._.js:2297
[ 5012929ms] [LOG] [Fast Refresh] rebuilding @ http://localhost:3000/_next/static/chunks/5d2cf_next_dist_4ad02d79._.js:2297
[ 5012957ms] [LOG] [Fast Refresh] done in 45ms @ http://localhost:3000/_next/static/chunks/5d2cf_next_dist_4ad02d79._.js:2297
[ 5015291ms] [LOG] [Fast Refresh] rebuilding @ http://localhost:3000/_next/static/chunks/5d2cf_next_dist_4ad02d79._.js:2297
[ 5015323ms] [LOG] [Fast Refresh] done in 39ms @ http://localhost:3000/_next/static/chunks/5d2cf_next_dist_4ad02d79._.js:2297
[ 5016290ms] [LOG] [Fast Refresh] rebuilding @ http://localhost:3000/_next/static/chunks/5d2cf_next_dist_4ad02d79._.js:2297
[ 5016319ms] [LOG] [Fast Refresh] done in 43ms @ http://localhost:3000/_next/static/chunks/5d2cf_next_dist_4ad02d79._.js:2297
[ 5017652ms] [LOG] [Fast Refresh] rebuilding @ http://localhost:3000/_next/static/chunks/5d2cf_next_dist_4ad02d79._.js:2297
[ 5017681ms] [LOG] [Fast Refresh] done in 42ms @ http://localhost:3000/_next/static/chunks/5d2cf_next_dist_4ad02d79._.js:2297
[ 5020110ms] [LOG] [Fast Refresh] rebuilding @ http://localhost:3000/_next/static/chunks/5d2cf_next_dist_4ad02d79._.js:2297
[ 5020151ms] [LOG] [Fast Refresh] done in 40ms @ http://localhost:3000/_next/static/chunks/5d2cf_next_dist_4ad02d79._.js:2297
[ 5021480ms] [LOG] [Fast Refresh] rebuilding @ http://localhost:3000/_next/static/chunks/5d2cf_next_dist_4ad02d79._.js:2297
[ 5021517ms] [LOG] [Fast Refresh] done in 36ms @ http://localhost:3000/_next/static/chunks/5d2cf_next_dist_4ad02d79._.js:2297
[ 5022416ms] [LOG] [Fast Refresh] rebuilding @ http://localhost:3000/_next/static/chunks/5d2cf_next_dist_4ad02d79._.js:2297
[ 5022449ms] [LOG] [Fast Refresh] done in 34ms @ http://localhost:3000/_next/static/chunks/5d2cf_next_dist_4ad02d79._.js:2297
[ 5023940ms] [LOG] [Fast Refresh] rebuilding @ http://localhost:3000/_next/static/chunks/5d2cf_next_dist_4ad02d79._.js:2297
[ 5023979ms] [LOG] [Fast Refresh] done in 40ms @ http://localhost:3000/_next/static/chunks/5d2cf_next_dist_4ad02d79._.js:2297
[ 5024896ms] [LOG] [Fast Refresh] rebuilding @ http://localhost:3000/_next/static/chunks/5d2cf_next_dist_4ad02d79._.js:2297
[ 5024925ms] [LOG] [Fast Refresh] done in 36ms @ http://localhost:3000/_next/static/chunks/5d2cf_next_dist_4ad02d79._.js:2297
[ 5025839ms] [LOG] [Fast Refresh] rebuilding @ http://localhost:3000/_next/static/chunks/5d2cf_next_dist_4ad02d79._.js:2297
[ 5025868ms] [LOG] [Fast Refresh] done in 40ms @ http://localhost:3000/_next/static/chunks/5d2cf_next_dist_4ad02d79._.js:2297
[ 5027728ms] [LOG] [Fast Refresh] rebuilding @ http://localhost:3000/_next/static/chunks/5d2cf_next_dist_4ad02d79._.js:2297
[ 5027756ms] [LOG] [Fast Refresh] done in 40ms @ http://localhost:3000/_next/static/chunks/5d2cf_next_dist_4ad02d79._.js:2297
[ 5028726ms] [LOG] [Fast Refresh] rebuilding @ http://localhost:3000/_next/static/chunks/5d2cf_next_dist_4ad02d79._.js:2297
[ 5028754ms] [LOG] [Fast Refresh] done in 36ms @ http://localhost:3000/_next/static/chunks/5d2cf_next_dist_4ad02d79._.js:2297
[ 5204806ms] [LOG] [Fast Refresh] rebuilding @ http://localhost:3000/_next/static/chunks/5d2cf_next_dist_4ad02d79._.js:2297
[ 5204827ms] [LOG] [Fast Refresh] done in 59ms @ http://localhost:3000/_next/static/chunks/5d2cf_next_dist_4ad02d79._.js:2297
[ 5205751ms] [LOG] [Fast Refresh] rebuilding @ http://localhost:3000/_next/static/chunks/5d2cf_next_dist_4ad02d79._.js:2297
[ 5205770ms] [LOG] [Fast Refresh] done in 55ms @ http://localhost:3000/_next/static/chunks/5d2cf_next_dist_4ad02d79._.js:2297
[ 5209589ms] [LOG] [Fast Refresh] rebuilding @ http://localhost:3000/_next/static/chunks/5d2cf_next_dist_4ad02d79._.js:2297
[ 5209606ms] [LOG] [Fast Refresh] done in 58ms @ http://localhost:3000/_next/static/chunks/5d2cf_next_dist_4ad02d79._.js:2297
[ 5212052ms] [LOG] [Fast Refresh] rebuilding @ http://localhost:3000/_next/static/chunks/5d2cf_next_dist_4ad02d79._.js:2297
[ 5212073ms] [LOG] [Fast Refresh] done in 48ms @ http://localhost:3000/_next/static/chunks/5d2cf_next_dist_4ad02d79._.js:2297
[ 5213463ms] [LOG] [Fast Refresh] rebuilding @ http://localhost:3000/_next/static/chunks/5d2cf_next_dist_4ad02d79._.js:2297
[ 5213480ms] [LOG] [Fast Refresh] done in 52ms @ http://localhost:3000/_next/static/chunks/5d2cf_next_dist_4ad02d79._.js:2297
[ 5214868ms] [LOG] [Fast Refresh] rebuilding @ http://localhost:3000/_next/static/chunks/5d2cf_next_dist_4ad02d79._.js:2297
[ 5214886ms] [LOG] [Fast Refresh] done in 60ms @ http://localhost:3000/_next/static/chunks/5d2cf_next_dist_4ad02d79._.js:2297
[ 5216292ms] [LOG] [Fast Refresh] rebuilding @ http://localhost:3000/_next/static/chunks/5d2cf_next_dist_4ad02d79._.js:2297
[ 5216312ms] [LOG] [Fast Refresh] done in 48ms @ http://localhost:3000/_next/static/chunks/5d2cf_next_dist_4ad02d79._.js:2297
[ 5224975ms] [LOG] [Fast Refresh] rebuilding @ http://localhost:3000/_next/static/chunks/5d2cf_next_dist_4ad02d79._.js:2297
[ 5225000ms] [LOG] [Fast Refresh] done in 42ms @ http://localhost:3000/_next/static/chunks/5d2cf_next_dist_4ad02d79._.js:2297
[ 5227364ms] [LOG] [Fast Refresh] rebuilding @ http://localhost:3000/_next/static/chunks/5d2cf_next_dist_4ad02d79._.js:2297
[ 5227389ms] [LOG] [Fast Refresh] done in 45ms @ http://localhost:3000/_next/static/chunks/5d2cf_next_dist_4ad02d79._.js:2297
[ 5229264ms] [LOG] [Fast Refresh] rebuilding @ http://localhost:3000/_next/static/chunks/5d2cf_next_dist_4ad02d79._.js:2297
[ 5229288ms] [LOG] [Fast Refresh] done in 43ms @ http://localhost:3000/_next/static/chunks/5d2cf_next_dist_4ad02d79._.js:2297
[ 5231665ms] [LOG] [Fast Refresh] rebuilding @ http://localhost:3000/_next/static/chunks/5d2cf_next_dist_4ad02d79._.js:2297
[ 5231690ms] [LOG] [Fast Refresh] done in 41ms @ http://localhost:3000/_next/static/chunks/5d2cf_next_dist_4ad02d79._.js:2297
[ 5232156ms] [LOG] [Fast Refresh] rebuilding @ http://localhost:3000/_next/static/chunks/5d2cf_next_dist_4ad02d79._.js:2297
[ 5232176ms] [LOG] [Fast Refresh] done in 47ms @ http://localhost:3000/_next/static/chunks/5d2cf_next_dist_4ad02d79._.js:2297
[ 5233599ms] [LOG] [Fast Refresh] rebuilding @ http://localhost:3000/_next/static/chunks/5d2cf_next_dist_4ad02d79._.js:2297
[ 5233621ms] [LOG] [Fast Refresh] done in 54ms @ http://localhost:3000/_next/static/chunks/5d2cf_next_dist_4ad02d79._.js:2297
[ 5235496ms] [LOG] [Fast Refresh] rebuilding @ http://localhost:3000/_next/static/chunks/5d2cf_next_dist_4ad02d79._.js:2297
[ 5235520ms] [LOG] [Fast Refresh] done in 41ms @ http://localhost:3000/_next/static/chunks/5d2cf_next_dist_4ad02d79._.js:2297
[ 5235989ms] [LOG] [Fast Refresh] rebuilding @ http://localhost:3000/_next/static/chunks/5d2cf_next_dist_4ad02d79._.js:2297
[ 5236011ms] [LOG] [Fast Refresh] done in 45ms @ http://localhost:3000/_next/static/chunks/5d2cf_next_dist_4ad02d79._.js:2297
[ 5236973ms] [LOG] [Fast Refresh] rebuilding @ http://localhost:3000/_next/static/chunks/5d2cf_next_dist_4ad02d79._.js:2297
[ 5236997ms] [LOG] [Fast Refresh] done in 52ms @ http://localhost:3000/_next/static/chunks/5d2cf_next_dist_4ad02d79._.js:2297
[ 5238858ms] [LOG] [Fast Refresh] rebuilding @ http://localhost:3000/_next/static/chunks/5d2cf_next_dist_4ad02d79._.js:2297
[ 5238882ms] [LOG] [Fast Refresh] done in 41ms @ http://localhost:3000/_next/static/chunks/5d2cf_next_dist_4ad02d79._.js:2297
[ 5240278ms] [LOG] [Fast Refresh] rebuilding @ http://localhost:3000/_next/static/chunks/5d2cf_next_dist_4ad02d79._.js:2297
[ 5240301ms] [LOG] [Fast Refresh] done in 43ms @ http://localhost:3000/_next/static/chunks/5d2cf_next_dist_4ad02d79._.js:2297
[ 5240779ms] [LOG] [Fast Refresh] rebuilding @ http://localhost:3000/_next/static/chunks/5d2cf_next_dist_4ad02d79._.js:2297
[ 5240803ms] [LOG] [Fast Refresh] done in 45ms @ http://localhost:3000/_next/static/chunks/5d2cf_next_dist_4ad02d79._.js:2297
[ 5242220ms] [LOG] [Fast Refresh] rebuilding @ http://localhost:3000/_next/static/chunks/5d2cf_next_dist_4ad02d79._.js:2297
[ 5242240ms] [LOG] [Fast Refresh] done in 55ms @ http://localhost:3000/_next/static/chunks/5d2cf_next_dist_4ad02d79._.js:2297
[ 5242709ms] [LOG] [Fast Refresh] rebuilding @ http://localhost:3000/_next/static/chunks/5d2cf_next_dist_4ad02d79._.js:2297
[ 5242733ms] [LOG] [Fast Refresh] done in 41ms @ http://localhost:3000/_next/static/chunks/5d2cf_next_dist_4ad02d79._.js:2297
[ 5243695ms] [LOG] [Fast Refresh] rebuilding @ http://localhost:3000/_next/static/chunks/5d2cf_next_dist_4ad02d79._.js:2297
[ 5243717ms] [LOG] [Fast Refresh] done in 45ms @ http://localhost:3000/_next/static/chunks/5d2cf_next_dist_4ad02d79._.js:2297
[ 5246516ms] [LOG] [Fast Refresh] rebuilding @ http://localhost:3000/_next/static/chunks/5d2cf_next_dist_4ad02d79._.js:2297
[ 5246540ms] [LOG] [Fast Refresh] done in 48ms @ http://localhost:3000/_next/static/chunks/5d2cf_next_dist_4ad02d79._.js:2297
[ 5247009ms] [LOG] [Fast Refresh] rebuilding @ http://localhost:3000/_next/static/chunks/5d2cf_next_dist_4ad02d79._.js:2297
[ 5247031ms] [LOG] [Fast Refresh] done in 43ms @ http://localhost:3000/_next/static/chunks/5d2cf_next_dist_4ad02d79._.js:2297
[ 5247948ms] [LOG] [Fast Refresh] rebuilding @ http://localhost:3000/_next/static/chunks/5d2cf_next_dist_4ad02d79._.js:2297
[ 5247967ms] [LOG] [Fast Refresh] done in 49ms @ http://localhost:3000/_next/static/chunks/5d2cf_next_dist_4ad02d79._.js:2297
[ 5249556ms] [LOG] [Fast Refresh] rebuilding @ http://localhost:3000/_next/static/chunks/5d2cf_next_dist_4ad02d79._.js:2297
[ 5249580ms] [LOG] [Fast Refresh] done in 42ms @ http://localhost:3000/_next/static/chunks/5d2cf_next_dist_4ad02d79._.js:2297
[ 5250964ms] [LOG] [Fast Refresh] rebuilding @ http://localhost:3000/_next/static/chunks/5d2cf_next_dist_4ad02d79._.js:2297
[ 5250991ms] [LOG] [Fast Refresh] done in 49ms @ http://localhost:3000/_next/static/chunks/5d2cf_next_dist_4ad02d79._.js:2297
[ 5252936ms] [LOG] [Fast Refresh] rebuilding @ http://localhost:3000/_next/static/chunks/5d2cf_next_dist_4ad02d79._.js:2297
[ 5252961ms] [LOG] [Fast Refresh] done in 40ms @ http://localhost:3000/_next/static/chunks/5d2cf_next_dist_4ad02d79._.js:2297
[ 5253885ms] [LOG] [Fast Refresh] rebuilding @ http://localhost:3000/_next/static/chunks/5d2cf_next_dist_4ad02d79._.js:2297
[ 5253912ms] [LOG] [Fast Refresh] done in 42ms @ http://localhost:3000/_next/static/chunks/5d2cf_next_dist_4ad02d79._.js:2297
[ 5255874ms] [LOG] [Fast Refresh] rebuilding @ http://localhost:3000/_next/static/chunks/5d2cf_next_dist_4ad02d79._.js:2297
[ 5255899ms] [LOG] [Fast Refresh] done in 50ms @ http://localhost:3000/_next/static/chunks/5d2cf_next_dist_4ad02d79._.js:2297
[ 5257274ms] [LOG] [Fast Refresh] rebuilding @ http://localhost:3000/_next/static/chunks/5d2cf_next_dist_4ad02d79._.js:2297
[ 5257297ms] [LOG] [Fast Refresh] done in 45ms @ http://localhost:3000/_next/static/chunks/5d2cf_next_dist_4ad02d79._.js:2297
[ 5259695ms] [LOG] [Fast Refresh] rebuilding @ http://localhost:3000/_next/static/chunks/5d2cf_next_dist_4ad02d79._.js:2297
[ 5259720ms] [LOG] [Fast Refresh] done in 40ms @ http://localhost:3000/_next/static/chunks/5d2cf_next_dist_4ad02d79._.js:2297
[ 5260653ms] [LOG] [Fast Refresh] rebuilding @ http://localhost:3000/_next/static/chunks/5d2cf_next_dist_4ad02d79._.js:2297
[ 5260680ms] [LOG] [Fast Refresh] done in 40ms @ http://localhost:3000/_next/static/chunks/5d2cf_next_dist_4ad02d79._.js:2297
[ 5261614ms] [LOG] [Fast Refresh] rebuilding @ http://localhost:3000/_next/static/chunks/5d2cf_next_dist_4ad02d79._.js:2297
[ 5261642ms] [LOG] [Fast Refresh] done in 35ms @ http://localhost:3000/_next/static/chunks/5d2cf_next_dist_4ad02d79._.js:2297
[ 5262572ms] [LOG] [Fast Refresh] rebuilding @ http://localhost:3000/_next/static/chunks/5d2cf_next_dist_4ad02d79._.js:2297
[ 5262599ms] [LOG] [Fast Refresh] done in 40ms @ http://localhost:3000/_next/static/chunks/5d2cf_next_dist_4ad02d79._.js:2297
[ 5263542ms] [LOG] [Fast Refresh] rebuilding @ http://localhost:3000/_next/static/chunks/5d2cf_next_dist_4ad02d79._.js:2297
[ 5263569ms] [LOG] [Fast Refresh] done in 38ms @ http://localhost:3000/_next/static/chunks/5d2cf_next_dist_4ad02d79._.js:2297
[ 5266419ms] [LOG] [Fast Refresh] rebuilding @ http://localhost:3000/_next/static/chunks/5d2cf_next_dist_4ad02d79._.js:2297
[ 5266444ms] [LOG] [Fast Refresh] done in 44ms @ http://localhost:3000/_next/static/chunks/5d2cf_next_dist_4ad02d79._.js:2297
[ 5267392ms] [LOG] [Fast Refresh] rebuilding @ http://localhost:3000/_next/static/chunks/5d2cf_next_dist_4ad02d79._.js:2297
[ 5267417ms] [LOG] [Fast Refresh] done in 46ms @ http://localhost:3000/_next/static/chunks/5d2cf_next_dist_4ad02d79._.js:2297
[ 5268338ms] [LOG] [Fast Refresh] rebuilding @ http://localhost:3000/_next/static/chunks/5d2cf_next_dist_4ad02d79._.js:2297
[ 5268365ms] [LOG] [Fast Refresh] done in 38ms @ http://localhost:3000/_next/static/chunks/5d2cf_next_dist_4ad02d79._.js:2297
[ 5269271ms] [LOG] [Fast Refresh] rebuilding @ http://localhost:3000/_next/static/chunks/5d2cf_next_dist_4ad02d79._.js:2297
[ 5269296ms] [LOG] [Fast Refresh] done in 38ms @ http://localhost:3000/_next/static/chunks/5d2cf_next_dist_4ad02d79._.js:2297
[ 5272048ms] [LOG] [Fast Refresh] rebuilding @ http://localhost:3000/_next/static/chunks/5d2cf_next_dist_4ad02d79._.js:2297
[ 5272070ms] [LOG] [Fast Refresh] done in 46ms @ http://localhost:3000/_next/static/chunks/5d2cf_next_dist_4ad02d79._.js:2297
[ 5274441ms] [LOG] [Fast Refresh] rebuilding @ http://localhost:3000/_next/static/chunks/5d2cf_next_dist_4ad02d79._.js:2297
[ 5274467ms] [LOG] [Fast Refresh] done in 41ms @ http://localhost:3000/_next/static/chunks/5d2cf_next_dist_4ad02d79._.js:2297
[ 5275448ms] [LOG] [Fast Refresh] rebuilding @ http://localhost:3000/_next/static/chunks/5d2cf_next_dist_4ad02d79._.js:2297
[ 5275473ms] [LOG] [Fast Refresh] done in 37ms @ http://localhost:3000/_next/static/chunks/5d2cf_next_dist_4ad02d79._.js:2297
[ 5276365ms] [LOG] [Fast Refresh] rebuilding @ http://localhost:3000/_next/static/chunks/5d2cf_next_dist_4ad02d79._.js:2297
[ 5276391ms] [LOG] [Fast Refresh] done in 41ms @ http://localhost:3000/_next/static/chunks/5d2cf_next_dist_4ad02d79._.js:2297
[ 5279756ms] [LOG] [Fast Refresh] rebuilding @ http://localhost:3000/_next/static/chunks/5d2cf_next_dist_4ad02d79._.js:2297
[ 5279781ms] [LOG] [Fast Refresh] done in 49ms @ http://localhost:3000/_next/static/chunks/5d2cf_next_dist_4ad02d79._.js:2297
[ 5281667ms] [LOG] [Fast Refresh] rebuilding @ http://localhost:3000/_next/static/chunks/5d2cf_next_dist_4ad02d79._.js:2297
[ 5281695ms] [LOG] [Fast Refresh] done in 38ms @ http://localhost:3000/_next/static/chunks/5d2cf_next_dist_4ad02d79._.js:2297
[ 5284099ms] [LOG] [Fast Refresh] rebuilding @ http://localhost:3000/_next/static/chunks/5d2cf_next_dist_4ad02d79._.js:2297
[ 5284126ms] [LOG] [Fast Refresh] done in 37ms @ http://localhost:3000/_next/static/chunks/5d2cf_next_dist_4ad02d79._.js:2297
[ 5284587ms] [LOG] [Fast Refresh] rebuilding @ http://localhost:3000/_next/static/chunks/5d2cf_next_dist_4ad02d79._.js:2297
[ 5284613ms] [LOG] [Fast Refresh] done in 39ms @ http://localhost:3000/_next/static/chunks/5d2cf_next_dist_4ad02d79._.js:2297
[ 5286490ms] [LOG] [Fast Refresh] rebuilding @ http://localhost:3000/_next/static/chunks/5d2cf_next_dist_4ad02d79._.js:2297
[ 5286519ms] [LOG] [Fast Refresh] done in 40ms @ http://localhost:3000/_next/static/chunks/5d2cf_next_dist_4ad02d79._.js:2297
[ 5287447ms] [LOG] [Fast Refresh] rebuilding @ http://localhost:3000/_next/static/chunks/5d2cf_next_dist_4ad02d79._.js:2297
[ 5287473ms] [LOG] [Fast Refresh] done in 37ms @ http://localhost:3000/_next/static/chunks/5d2cf_next_dist_4ad02d79._.js:2297
[ 5288872ms] [LOG] [Fast Refresh] rebuilding @ http://localhost:3000/_next/static/chunks/5d2cf_next_dist_4ad02d79._.js:2297
[ 5288898ms] [LOG] [Fast Refresh] done in 42ms @ http://localhost:3000/_next/static/chunks/5d2cf_next_dist_4ad02d79._.js:2297
[ 5289447ms] [LOG] [Fast Refresh] rebuilding @ http://localhost:3000/_next/static/chunks/5d2cf_next_dist_4ad02d79._.js:2297
[ 5289472ms] [LOG] [Fast Refresh] done in 44ms @ http://localhost:3000/_next/static/chunks/5d2cf_next_dist_4ad02d79._.js:2297
[ 5290336ms] [LOG] [Fast Refresh] rebuilding @ http://localhost:3000/_next/static/chunks/5d2cf_next_dist_4ad02d79._.js:2297
[ 5290360ms] [LOG] [Fast Refresh] done in 42ms @ http://localhost:3000/_next/static/chunks/5d2cf_next_dist_4ad02d79._.js:2297
[ 5290830ms] [LOG] [Fast Refresh] rebuilding @ http://localhost:3000/_next/static/chunks/5d2cf_next_dist_4ad02d79._.js:2297
[ 5290855ms] [LOG] [Fast Refresh] done in 38ms @ http://localhost:3000/_next/static/chunks/5d2cf_next_dist_4ad02d79._.js:2297
[ 5293874ms] [LOG] [Fast Refresh] rebuilding @ http://localhost:3000/_next/static/chunks/5d2cf_next_dist_4ad02d79._.js:2297
[ 5293900ms] [LOG] [Fast Refresh] done in 43ms @ http://localhost:3000/_next/static/chunks/5d2cf_next_dist_4ad02d79._.js:2297
[ 5295795ms] [LOG] [Fast Refresh] rebuilding @ http://localhost:3000/_next/static/chunks/5d2cf_next_dist_4ad02d79._.js:2297
[ 5295821ms] [LOG] [Fast Refresh] done in 42ms @ http://localhost:3000/_next/static/chunks/5d2cf_next_dist_4ad02d79._.js:2297
[ 5296773ms] [LOG] [Fast Refresh] rebuilding @ http://localhost:3000/_next/static/chunks/5d2cf_next_dist_4ad02d79._.js:2297
[ 5296799ms] [LOG] [Fast Refresh] done in 39ms @ http://localhost:3000/_next/static/chunks/5d2cf_next_dist_4ad02d79._.js:2297
[ 5298223ms] [LOG] [Fast Refresh] rebuilding @ http://localhost:3000/_next/static/chunks/5d2cf_next_dist_4ad02d79._.js:2297
[ 5298250ms] [LOG] [Fast Refresh] done in 44ms @ http://localhost:3000/_next/static/chunks/5d2cf_next_dist_4ad02d79._.js:2297
[ 5299692ms] [LOG] [Fast Refresh] rebuilding @ http://localhost:3000/_next/static/chunks/5d2cf_next_dist_4ad02d79._.js:2297
[ 5299716ms] [LOG] [Fast Refresh] done in 44ms @ http://localhost:3000/_next/static/chunks/5d2cf_next_dist_4ad02d79._.js:2297
[ 5300632ms] [LOG] [Fast Refresh] rebuilding @ http://localhost:3000/_next/static/chunks/5d2cf_next_dist_4ad02d79._.js:2297
[ 5300653ms] [LOG] [Fast Refresh] done in 47ms @ http://localhost:3000/_next/static/chunks/5d2cf_next_dist_4ad02d79._.js:2297
[ 5301609ms] [LOG] [Fast Refresh] rebuilding @ http://localhost:3000/_next/static/chunks/5d2cf_next_dist_4ad02d79._.js:2297
[ 5301632ms] [LOG] [Fast Refresh] done in 53ms @ http://localhost:3000/_next/static/chunks/5d2cf_next_dist_4ad02d79._.js:2297
[ 5302571ms] [LOG] [Fast Refresh] rebuilding @ http://localhost:3000/_next/static/chunks/5d2cf_next_dist_4ad02d79._.js:2297
[ 5302596ms] [LOG] [Fast Refresh] done in 55ms @ http://localhost:3000/_next/static/chunks/5d2cf_next_dist_4ad02d79._.js:2297
[ 5303479ms] [LOG] [Fast Refresh] rebuilding @ http://localhost:3000/_next/static/chunks/5d2cf_next_dist_4ad02d79._.js:2297
[ 5303504ms] [LOG] [Fast Refresh] done in 40ms @ http://localhost:3000/_next/static/chunks/5d2cf_next_dist_4ad02d79._.js:2297
[ 5304447ms] [LOG] [Fast Refresh] rebuilding @ http://localhost:3000/_next/static/chunks/5d2cf_next_dist_4ad02d79._.js:2297
[ 5304467ms] [LOG] [Fast Refresh] done in 51ms @ http://localhost:3000/_next/static/chunks/5d2cf_next_dist_4ad02d79._.js:2297
[ 5467611ms] [LOG] [Fast Refresh] rebuilding @ http://localhost:3000/_next/static/chunks/5d2cf_next_dist_4ad02d79._.js:2297
[ 5467639ms] [LOG] [Fast Refresh] done in 44ms @ http://localhost:3000/_next/static/chunks/5d2cf_next_dist_4ad02d79._.js:2297
[ 5498205ms] [LOG] [Fast Refresh] rebuilding @ http://localhost:3000/_next/static/chunks/5d2cf_next_dist_4ad02d79._.js:2297
[ 5498224ms] [LOG] [Fast Refresh] done in 54ms @ http://localhost:3000/_next/static/chunks/5d2cf_next_dist_4ad02d79._.js:2297
[ 5499177ms] [LOG] [Fast Refresh] rebuilding @ http://localhost:3000/_next/static/chunks/5d2cf_next_dist_4ad02d79._.js:2297
[ 5499196ms] [LOG] [Fast Refresh] done in 50ms @ http://localhost:3000/_next/static/chunks/5d2cf_next_dist_4ad02d79._.js:2297
[ 5500156ms] [LOG] [Fast Refresh] rebuilding @ http://localhost:3000/_next/static/chunks/5d2cf_next_dist_4ad02d79._.js:2297
[ 5500176ms] [LOG] [Fast Refresh] done in 48ms @ http://localhost:3000/_next/static/chunks/5d2cf_next_dist_4ad02d79._.js:2297
[ 5502629ms] [LOG] [Fast Refresh] rebuilding @ http://localhost:3000/_next/static/chunks/5d2cf_next_dist_4ad02d79._.js:2297
[ 5502649ms] [LOG] [Fast Refresh] done in 49ms @ http://localhost:3000/_next/static/chunks/5d2cf_next_dist_4ad02d79._.js:2297
[ 5504470ms] [LOG] [Fast Refresh] rebuilding @ http://localhost:3000/_next/static/chunks/5d2cf_next_dist_4ad02d79._.js:2297
[ 5504490ms] [LOG] [Fast Refresh] done in 55ms @ http://localhost:3000/_next/static/chunks/5d2cf_next_dist_4ad02d79._.js:2297
[ 5506423ms] [LOG] [Fast Refresh] rebuilding @ http://localhost:3000/_next/static/chunks/5d2cf_next_dist_4ad02d79._.js:2297
[ 5506443ms] [LOG] [Fast Refresh] done in 58ms @ http://localhost:3000/_next/static/chunks/5d2cf_next_dist_4ad02d79._.js:2297
[ 5508365ms] [LOG] [Fast Refresh] rebuilding @ http://localhost:3000/_next/static/chunks/5d2cf_next_dist_4ad02d79._.js:2297
[ 5508382ms] [LOG] [Fast Refresh] done in 61ms @ http://localhost:3000/_next/static/chunks/5d2cf_next_dist_4ad02d79._.js:2297
[ 5509791ms] [LOG] [Fast Refresh] rebuilding @ http://localhost:3000/_next/static/chunks/5d2cf_next_dist_4ad02d79._.js:2297
[ 5509811ms] [LOG] [Fast Refresh] done in 63ms @ http://localhost:3000/_next/static/chunks/5d2cf_next_dist_4ad02d79._.js:2297
[ 5512190ms] [LOG] [Fast Refresh] rebuilding @ http://localhost:3000/_next/static/chunks/5d2cf_next_dist_4ad02d79._.js:2297
[ 5512204ms] [LOG] [Fast Refresh] done in 54ms @ http://localhost:3000/_next/static/chunks/5d2cf_next_dist_4ad02d79._.js:2297
[ 5514675ms] [LOG] [Fast Refresh] rebuilding @ http://localhost:3000/_next/static/chunks/5d2cf_next_dist_4ad02d79._.js:2297
[ 5514695ms] [LOG] [Fast Refresh] done in 46ms @ http://localhost:3000/_next/static/chunks/5d2cf_next_dist_4ad02d79._.js:2297
[ 5516672ms] [LOG] [Fast Refresh] rebuilding @ http://localhost:3000/_next/static/chunks/5d2cf_next_dist_4ad02d79._.js:2297
[ 5516691ms] [LOG] [Fast Refresh] done in 51ms @ http://localhost:3000/_next/static/chunks/5d2cf_next_dist_4ad02d79._.js:2297
[ 5519627ms] [LOG] [Fast Refresh] rebuilding @ http://localhost:3000/_next/static/chunks/5d2cf_next_dist_4ad02d79._.js:2297
[ 5519647ms] [LOG] [Fast Refresh] done in 49ms @ http://localhost:3000/_next/static/chunks/5d2cf_next_dist_4ad02d79._.js:2297
[ 5523678ms] [LOG] [Fast Refresh] rebuilding @ http://localhost:3000/_next/static/chunks/5d2cf_next_dist_4ad02d79._.js:2297
[ 5523904ms] [LOG] [Fast Refresh] done in 321ms @ http://localhost:3000/_next/static/chunks/5d2cf_next_dist_4ad02d79._.js:2297
[ 5526076ms] [LOG] [Fast Refresh] rebuilding @ http://localhost:3000/_next/static/chunks/5d2cf_next_dist_4ad02d79._.js:2297
[ 5526091ms] [LOG] [Fast Refresh] done in 52ms @ http://localhost:3000/_next/static/chunks/5d2cf_next_dist_4ad02d79._.js:2297
[ 5529599ms] [LOG] [Fast Refresh] rebuilding @ http://localhost:3000/_next/static/chunks/5d2cf_next_dist_4ad02d79._.js:2297
[ 5529619ms] [LOG] [Fast Refresh] done in 67ms @ http://localhost:3000/_next/static/chunks/5d2cf_next_dist_4ad02d79._.js:2297
[ 5539257ms] [LOG] [Fast Refresh] rebuilding @ http://localhost:3000/_next/static/chunks/5d2cf_next_dist_4ad02d79._.js:2297
[ 5539280ms] [LOG] [Fast Refresh] done in 52ms @ http://localhost:3000/_next/static/chunks/5d2cf_next_dist_4ad02d79._.js:2297
[ 5541166ms] [LOG] [Fast Refresh] rebuilding @ http://localhost:3000/_next/static/chunks/5d2cf_next_dist_4ad02d79._.js:2297
[ 5541190ms] [LOG] [Fast Refresh] done in 48ms @ http://localhost:3000/_next/static/chunks/5d2cf_next_dist_4ad02d79._.js:2297
[ 5542662ms] [LOG] [Fast Refresh] rebuilding @ http://localhost:3000/_next/static/chunks/5d2cf_next_dist_4ad02d79._.js:2297
[ 5542686ms] [LOG] [Fast Refresh] done in 43ms @ http://localhost:3000/_next/static/chunks/5d2cf_next_dist_4ad02d79._.js:2297
[ 5544650ms] [LOG] [Fast Refresh] rebuilding @ http://localhost:3000/_next/static/chunks/5d2cf_next_dist_4ad02d79._.js:2297
[ 5544676ms] [LOG] [Fast Refresh] done in 45ms @ http://localhost:3000/_next/static/chunks/5d2cf_next_dist_4ad02d79._.js:2297
[ 5546117ms] [LOG] [Fast Refresh] rebuilding @ http://localhost:3000/_next/static/chunks/5d2cf_next_dist_4ad02d79._.js:2297
[ 5546142ms] [LOG] [Fast Refresh] done in 48ms @ http://localhost:3000/_next/static/chunks/5d2cf_next_dist_4ad02d79._.js:2297
[ 5547613ms] [LOG] [Fast Refresh] rebuilding @ http://localhost:3000/_next/static/chunks/5d2cf_next_dist_4ad02d79._.js:2297
[ 5547641ms] [LOG] [Fast Refresh] done in 48ms @ http://localhost:3000/_next/static/chunks/5d2cf_next_dist_4ad02d79._.js:2297
[ 5562145ms] [LOG] [Fast Refresh] rebuilding @ http://localhost:3000/_next/static/chunks/5d2cf_next_dist_4ad02d79._.js:2297
[ 5562172ms] [LOG] [Fast Refresh] done in 54ms @ http://localhost:3000/_next/static/chunks/5d2cf_next_dist_4ad02d79._.js:2297
[ 5563997ms] [LOG] [Fast Refresh] rebuilding @ http://localhost:3000/_next/static/chunks/5d2cf_next_dist_4ad02d79._.js:2297
[ 5564018ms] [LOG] [Fast Refresh] done in 45ms @ http://localhost:3000/_next/static/chunks/5d2cf_next_dist_4ad02d79._.js:2297
[ 5571837ms] [LOG] [Fast Refresh] rebuilding @ http://localhost:3000/_next/static/chunks/5d2cf_next_dist_4ad02d79._.js:2297
[ 5571863ms] [LOG] [Fast Refresh] done in 40ms @ http://localhost:3000/_next/static/chunks/5d2cf_next_dist_4ad02d79._.js:2297
[ 5574275ms] [LOG] [Fast Refresh] rebuilding @ http://localhost:3000/_next/static/chunks/5d2cf_next_dist_4ad02d79._.js:2297
[ 5574303ms] [LOG] [Fast Refresh] done in 36ms @ http://localhost:3000/_next/static/chunks/5d2cf_next_dist_4ad02d79._.js:2297
[ 5578191ms] [LOG] [Fast Refresh] rebuilding @ http://localhost:3000/_next/static/chunks/5d2cf_next_dist_4ad02d79._.js:2297
[ 5578220ms] [LOG] [Fast Refresh] done in 42ms @ http://localhost:3000/_next/static/chunks/5d2cf_next_dist_4ad02d79._.js:2297
[ 5579156ms] [LOG] [Fast Refresh] rebuilding @ http://localhost:3000/_next/static/chunks/5d2cf_next_dist_4ad02d79._.js:2297
[ 5579182ms] [LOG] [Fast Refresh] done in 42ms @ http://localhost:3000/_next/static/chunks/5d2cf_next_dist_4ad02d79._.js:2297
[ 5580585ms] [LOG] [Fast Refresh] rebuilding @ http://localhost:3000/_next/static/chunks/5d2cf_next_dist_4ad02d79._.js:2297
[ 5580607ms] [LOG] [Fast Refresh] done in 45ms @ http://localhost:3000/_next/static/chunks/5d2cf_next_dist_4ad02d79._.js:2297
[ 5582535ms] [LOG] [Fast Refresh] rebuilding @ http://localhost:3000/_next/static/chunks/5d2cf_next_dist_4ad02d79._.js:2297
[ 5582556ms] [LOG] [Fast Refresh] done in 48ms @ http://localhost:3000/_next/static/chunks/5d2cf_next_dist_4ad02d79._.js:2297
[ 6545956ms] [LOG] [Fast Refresh] rebuilding @ http://localhost:3000/_next/static/chunks/5d2cf_next_dist_4ad02d79._.js:2297
[ 6546359ms] [LOG] [Fast Refresh] done in 503ms @ http://localhost:3000/_next/static/chunks/5d2cf_next_dist_4ad02d79._.js:2297
[ 6549261ms] [LOG] [Fast Refresh] rebuilding @ http://localhost:3000/_next/static/chunks/5d2cf_next_dist_4ad02d79._.js:2297
[ 6549289ms] [LOG] [Fast Refresh] done in 127ms @ http://localhost:3000/_next/static/chunks/5d2cf_next_dist_4ad02d79._.js:2297
[ 6550788ms] [LOG] [Fast Refresh] rebuilding @ http://localhost:3000/_next/static/chunks/5d2cf_next_dist_4ad02d79._.js:2297
[ 6550789ms] [LOG] [Fast Refresh] done in 101ms @ http://localhost:3000/_next/static/chunks/5d2cf_next_dist_4ad02d79._.js:2297
[11242021ms] [LOG] [Fast Refresh] rebuilding @ http://localhost:3000/_next/static/chunks/5d2cf_next_dist_4ad02d79._.js:2297
[11242584ms] [LOG] [Fast Refresh] done in 666ms @ http://localhost:3000/_next/static/chunks/5d2cf_next_dist_4ad02d79._.js:2297
[11355216ms] [LOG] [Fast Refresh] rebuilding @ http://localhost:3000/_next/static/chunks/5d2cf_next_dist_4ad02d79._.js:2297
[11355316ms] [LOG] [Fast Refresh] done in 171ms @ http://localhost:3000/_next/static/chunks/5d2cf_next_dist_4ad02d79._.js:2297
[11355626ms] [LOG] [Fast Refresh] rebuilding @ http://localhost:3000/_next/static/chunks/5d2cf_next_dist_4ad02d79._.js:2297
[11355726ms] [LOG] [Fast Refresh] done in 201ms @ http://localhost:3000/_next/static/chunks/5d2cf_next_dist_4ad02d79._.js:2297
[11356101ms] [INFO] %cDownload the React DevTools for a better development experience: https://react.dev/link/react-devtools font-weight:bold @ http://localhost:3000/_next/static/chunks/5d2cf_next_dist_4ad02d79._.js:2297
[11356160ms] [LOG] [HMR] connected @ http://localhost:3000/_next/static/chunks/5d2cf_next_dist_4ad02d79._.js:2297
[11408462ms] [LOG] [Fast Refresh] rebuilding @ http://localhost:3000/_next/static/chunks/5d2cf_next_dist_4ad02d79._.js:2297
[11408924ms] [LOG] [Fast Refresh] done in 518ms @ http://localhost:3000/_next/static/chunks/5d2cf_next_dist_4ad02d79._.js:2297
[11425591ms] [LOG] [Fast Refresh] rebuilding @ http://localhost:3000/_next/static/chunks/5d2cf_next_dist_4ad02d79._.js:2297
[11425703ms] [LOG] [Fast Refresh] done in 165ms @ http://localhost:3000/_next/static/chunks/5d2cf_next_dist_4ad02d79._.js:2297
[11448678ms] [LOG] [Fast Refresh] rebuilding @ http://localhost:3000/_next/static/chunks/5d2cf_next_dist_4ad02d79._.js:2297
[11448784ms] [LOG] [Fast Refresh] done in 83ms @ http://localhost:3000/_next/static/chunks/5d2cf_next_dist_4ad02d79._.js:2297
[11457700ms] [LOG] [Fast Refresh] rebuilding @ http://localhost:3000/_next/static/chunks/5d2cf_next_dist_4ad02d79._.js:2297
[11457741ms] [LOG] [Fast Refresh] done in 91ms @ http://localhost:3000/_next/static/chunks/5d2cf_next_dist_4ad02d79._.js:2297
[11459453ms] [LOG] [Fast Refresh] rebuilding @ http://localhost:3000/_next/static/chunks/5d2cf_next_dist_4ad02d79._.js:2297
[11459496ms] [LOG] [Fast Refresh] done in 62ms @ http://localhost:3000/_next/static/chunks/5d2cf_next_dist_4ad02d79._.js:2297
[11477734ms] [LOG] [Fast Refresh] rebuilding @ http://localhost:3000/_next/static/chunks/5d2cf_next_dist_4ad02d79._.js:2297
[11477782ms] [LOG] [Fast Refresh] done in 57ms @ http://localhost:3000/_next/static/chunks/5d2cf_next_dist_4ad02d79._.js:2297
[11500271ms] [LOG] [Fast Refresh] rebuilding @ http://localhost:3000/_next/static/chunks/5d2cf_next_dist_4ad02d79._.js:2297
[11500312ms] [LOG] [Fast Refresh] done in 62ms @ http://localhost:3000/_next/static/chunks/5d2cf_next_dist_4ad02d79._.js:2297
[11985378ms] [LOG] [Fast Refresh] rebuilding @ http://localhost:3000/_next/static/chunks/5d2cf_next_dist_4ad02d79._.js:2297
[11985465ms] [LOG] [Fast Refresh] done in 89ms @ http://localhost:3000/_next/static/chunks/5d2cf_next_dist_4ad02d79._.js:2297
[11997367ms] [LOG] [Fast Refresh] rebuilding @ http://localhost:3000/_next/static/chunks/5d2cf_next_dist_4ad02d79._.js:2297
[11997411ms] [LOG] [Fast Refresh] done in 66ms @ http://localhost:3000/_next/static/chunks/5d2cf_next_dist_4ad02d79._.js:2297
[12065157ms] [LOG] [Fast Refresh] rebuilding @ http://localhost:3000/_next/static/chunks/5d2cf_next_dist_4ad02d79._.js:2297
[12065252ms] [LOG] [Fast Refresh] done in 82ms @ http://localhost:3000/_next/static/chunks/5d2cf_next_dist_4ad02d79._.js:2297
[12082115ms] [LOG] [Fast Refresh] rebuilding @ http://localhost:3000/_next/static/chunks/5d2cf_next_dist_4ad02d79._.js:2297
[12082207ms] [LOG] [Fast Refresh] done in 155ms @ http://localhost:3000/_next/static/chunks/5d2cf_next_dist_4ad02d79._.js:2297
[12108249ms] [LOG] [Fast Refresh] rebuilding @ http://localhost:3000/_next/static/chunks/5d2cf_next_dist_4ad02d79._.js:2297
[12108310ms] [LOG] [Fast Refresh] done in 130ms @ http://localhost:3000/_next/static/chunks/5d2cf_next_dist_4ad02d79._.js:2297
[12168178ms] [LOG] [Fast Refresh] rebuilding @ http://localhost:3000/_next/static/chunks/5d2cf_next_dist_4ad02d79._.js:2297
[12168246ms] [LOG] [Fast Refresh] done in 139ms @ http://localhost:3000/_next/static/chunks/5d2cf_next_dist_4ad02d79._.js:2297
[12176244ms] [LOG] [Fast Refresh] rebuilding @ http://localhost:3000/_next/static/chunks/5d2cf_next_dist_4ad02d79._.js:2297
[12176264ms] [LOG] [Fast Refresh] done in 120ms @ http://localhost:3000/_next/static/chunks/5d2cf_next_dist_4ad02d79._.js:2297
[12201714ms] [LOG] [Fast Refresh] rebuilding @ http://localhost:3000/_next/static/chunks/5d2cf_next_dist_4ad02d79._.js:2297
[12201759ms] [LOG] [Fast Refresh] done in 94ms @ http://localhost:3000/_next/static/chunks/5d2cf_next_dist_4ad02d79._.js:2297
[12397154ms] [LOG] [Fast Refresh] rebuilding @ http://localhost:3000/_next/static/chunks/5d2cf_next_dist_4ad02d79._.js:2297
[12397202ms] [LOG] [Fast Refresh] done in 148ms @ http://localhost:3000/_next/static/chunks/5d2cf_next_dist_4ad02d79._.js:2297
[12398217ms] [LOG] [Fast Refresh] rebuilding @ http://localhost:3000/_next/static/chunks/5d2cf_next_dist_4ad02d79._.js:2297
[12398394ms] [LOG] [Fast Refresh] done in 277ms @ http://localhost:3000/_next/static/chunks/5d2cf_next_dist_4ad02d79._.js:2297
[12426277ms] [LOG] [Fast Refresh] rebuilding @ http://localhost:3000/_next/static/chunks/5d2cf_next_dist_4ad02d79._.js:2297
[12426371ms] [LOG] [Fast Refresh] done in 194ms @ http://localhost:3000/_next/static/chunks/5d2cf_next_dist_4ad02d79._.js:2297
[13446604ms] [LOG] [Fast Refresh] rebuilding @ http://localhost:3000/_next/static/chunks/5d2cf_next_dist_4ad02d79._.js:2297
[13446864ms] [LOG] [Fast Refresh] done in 211ms @ http://localhost:3000/_next/static/chunks/5d2cf_next_dist_4ad02d79._.js:2297
[13477083ms] [LOG] [Fast Refresh] rebuilding @ http://localhost:3000/_next/static/chunks/5d2cf_next_dist_4ad02d79._.js:2297
[13477278ms] [LOG] [Fast Refresh] done in 128ms @ http://localhost:3000/_next/static/chunks/5d2cf_next_dist_4ad02d79._.js:2297
[13486806ms] [LOG] [Fast Refresh] rebuilding @ http://localhost:3000/_next/static/chunks/5d2cf_next_dist_4ad02d79._.js:2297
[13486819ms] [LOG] [Fast Refresh] done in 108ms @ http://localhost:3000/_next/static/chunks/5d2cf_next_dist_4ad02d79._.js:2297
[13499779ms] [LOG] [Fast Refresh] rebuilding @ http://localhost:3000/_next/static/chunks/5d2cf_next_dist_4ad02d79._.js:2297
[13499959ms] [LOG] [Fast Refresh] done in 120ms @ http://localhost:3000/_next/static/chunks/5d2cf_next_dist_4ad02d79._.js:2297
[13507745ms] [LOG] [Fast Refresh] rebuilding @ http://localhost:3000/_next/static/chunks/5d2cf_next_dist_4ad02d79._.js:2297
[13507940ms] [LOG] [Fast Refresh] done in 263ms @ http://localhost:3000/_next/static/chunks/5d2cf_next_dist_4ad02d79._.js:2297
[13510184ms] [LOG] [Fast Refresh] rebuilding @ http://localhost:3000/_next/static/chunks/5d2cf_next_dist_4ad02d79._.js:2297
[13510210ms] [LOG] [Fast Refresh] done in 54ms @ http://localhost:3000/_next/static/chunks/5d2cf_next_dist_4ad02d79._.js:2297
[13512198ms] [LOG] [Fast Refresh] rebuilding @ http://localhost:3000/_next/static/chunks/5d2cf_next_dist_4ad02d79._.js:2297
[13512224ms] [LOG] [Fast Refresh] done in 59ms @ http://localhost:3000/_next/static/chunks/5d2cf_next_dist_4ad02d79._.js:2297
[13528546ms] [LOG] [Fast Refresh] rebuilding @ http://localhost:3000/_next/static/chunks/5d2cf_next_dist_4ad02d79._.js:2297
[13528792ms] [LOG] [Fast Refresh] done in 177ms @ http://localhost:3000/_next/static/chunks/5d2cf_next_dist_4ad02d79._.js:2297
[13543824ms] [LOG] [Fast Refresh] rebuilding @ http://localhost:3000/_next/static/chunks/5d2cf_next_dist_4ad02d79._.js:2297
[13543844ms] [LOG] [Fast Refresh] done in 57ms @ http://localhost:3000/_next/static/chunks/5d2cf_next_dist_4ad02d79._.js:2297
[13545784ms] [LOG] [Fast Refresh] rebuilding @ http://localhost:3000/_next/static/chunks/5d2cf_next_dist_4ad02d79._.js:2297
[13545798ms] [LOG] [Fast Refresh] done in 61ms @ http://localhost:3000/_next/static/chunks/5d2cf_next_dist_4ad02d79._.js:2297
[13582967ms] [LOG] [Fast Refresh] rebuilding @ http://localhost:3000/_next/static/chunks/5d2cf_next_dist_4ad02d79._.js:2297
[13583025ms] [LOG] [Fast Refresh] done in 140ms @ http://localhost:3000/_next/static/chunks/5d2cf_next_dist_4ad02d79._.js:2297
[13992565ms] [LOG] [Fast Refresh] rebuilding @ http://localhost:3000/_next/static/chunks/5d2cf_next_dist_4ad02d79._.js:2297
[13992603ms] [LOG] [Fast Refresh] done in 138ms @ http://localhost:3000/_next/static/chunks/5d2cf_next_dist_4ad02d79._.js:2297
[14102588ms] [LOG] [Fast Refresh] rebuilding @ http://localhost:3000/_next/static/chunks/5d2cf_next_dist_4ad02d79._.js:2297
[14102702ms] [LOG] [Fast Refresh] done in 71ms @ http://localhost:3000/_next/static/chunks/5d2cf_next_dist_4ad02d79._.js:2297
[14102803ms] [LOG] [Fast Refresh] rebuilding @ http://localhost:3000/_next/static/chunks/5d2cf_next_dist_4ad02d79._.js:2297
[14102862ms] [LOG] [Fast Refresh] done in 160ms @ http://localhost:3000/_next/static/chunks/5d2cf_next_dist_4ad02d79._.js:2297
[14103097ms] [LOG] [Fast Refresh] rebuilding @ http://localhost:3000/_next/static/chunks/5d2cf_next_dist_4ad02d79._.js:2297
[14103194ms] [LOG] [Fast Refresh] done in 196ms @ http://localhost:3000/_next/static/chunks/5d2cf_next_dist_4ad02d79._.js:2297
[14103382ms] [LOG] [Fast Refresh] rebuilding @ http://localhost:3000/_next/static/chunks/5d2cf_next_dist_4ad02d79._.js:2297
[14103437ms] [LOG] [Fast Refresh] done in 154ms @ http://localhost:3000/_next/static/chunks/5d2cf_next_dist_4ad02d79._.js:2297
[14103876ms] [LOG] [Fast Refresh] rebuilding @ http://localhost:3000/_next/static/chunks/5d2cf_next_dist_4ad02d79._.js:2297
[14104160ms] [LOG] [Fast Refresh] done in 384ms @ http://localhost:3000/_next/static/chunks/5d2cf_next_dist_4ad02d79._.js:2297
[14104490ms] [LOG] [Fast Refresh] rebuilding @ http://localhost:3000/_next/static/chunks/5d2cf_next_dist_4ad02d79._.js:2297
[14104575ms] [LOG] [Fast Refresh] done in 185ms @ http://localhost:3000/_next/static/chunks/5d2cf_next_dist_4ad02d79._.js:2297
[14105002ms] [INFO] %cDownload the React DevTools for a better development experience: https://react.dev/link/react-devtools font-weight:bold @ http://localhost:3000/_next/static/chunks/5d2cf_next_dist_4ad02d79._.js:2297
[14105080ms] [LOG] [HMR] connected @ http://localhost:3000/_next/static/chunks/5d2cf_next_dist_4ad02d79._.js:2297
[14114344ms] [LOG] [Fast Refresh] rebuilding @ http://localhost:3000/_next/static/chunks/5d2cf_next_dist_4ad02d79._.js:2297
[14114383ms] [LOG] [Fast Refresh] done in 140ms @ http://localhost:3000/_next/static/chunks/5d2cf_next_dist_4ad02d79._.js:2297
[14132497ms] [LOG] [Fast Refresh] rebuilding @ http://localhost:3000/_next/static/chunks/5d2cf_next_dist_4ad02d79._.js:2297
[14132511ms] [LOG] [Fast Refresh] done in 115ms @ http://localhost:3000/_next/static/chunks/5d2cf_next_dist_4ad02d79._.js:2297
[14593367ms] [LOG] [Fast Refresh] rebuilding @ http://localhost:3000/_next/static/chunks/5d2cf_next_dist_4ad02d79._.js:2297
[14593618ms] [LOG] [Fast Refresh] done in 352ms @ http://localhost:3000/_next/static/chunks/5d2cf_next_dist_4ad02d79._.js:2297
[15175628ms] [LOG] [Fast Refresh] rebuilding @ http://localhost:3000/_next/static/chunks/5d2cf_next_dist_4ad02d79._.js:2297
[15175741ms] [LOG] [Fast Refresh] done in 213ms @ http://localhost:3000/_next/static/chunks/5d2cf_next_dist_4ad02d79._.js:2297
[16511707ms] [LOG] [Fast Refresh] rebuilding @ http://localhost:3000/_next/static/chunks/5d2cf_next_dist_4ad02d79._.js:2297
[16511770ms] [LOG] [Fast Refresh] done in 173ms @ http://localhost:3000/_next/static/chunks/5d2cf_next_dist_4ad02d79._.js:2297
[16603756ms] [LOG] [Fast Refresh] rebuilding @ http://localhost:3000/_next/static/chunks/5d2cf_next_dist_4ad02d79._.js:2297
[16604371ms] [LOG] [Fast Refresh] done in 319ms @ http://localhost:3000/_next/static/chunks/5d2cf_next_dist_4ad02d79._.js:2297
[16900072ms] [LOG] [Fast Refresh] rebuilding @ http://localhost:3000/_next/static/chunks/5d2cf_next_dist_4ad02d79._.js:2297
[16900513ms] [LOG] [Fast Refresh] done in 342ms @ http://localhost:3000/_next/static/chunks/5d2cf_next_dist_4ad02d79._.js:2297
[16930752ms] [LOG] [Fast Refresh] rebuilding @ http://localhost:3000/_next/static/chunks/5d2cf_next_dist_4ad02d79._.js:2297
[16930981ms] [LOG] [Fast Refresh] done in 82ms @ http://localhost:3000/_next/static/chunks/5d2cf_next_dist_4ad02d79._.js:2297
[16939969ms] [LOG] [Fast Refresh] rebuilding @ http://localhost:3000/_next/static/chunks/5d2cf_next_dist_4ad02d79._.js:2297
[16939994ms] [LOG] [Fast Refresh] done in 52ms @ http://localhost:3000/_next/static/chunks/5d2cf_next_dist_4ad02d79._.js:2297
[16944280ms] [LOG] [Fast Refresh] rebuilding @ http://localhost:3000/_next/static/chunks/5d2cf_next_dist_4ad02d79._.js:2297
[16944358ms] [LOG] [Fast Refresh] done in 124ms @ http://localhost:3000/_next/static/chunks/5d2cf_next_dist_4ad02d79._.js:2297
[17024406ms] [LOG] [Fast Refresh] rebuilding @ http://localhost:3000/_next/static/chunks/5d2cf_next_dist_4ad02d79._.js:2297
[17024500ms] [LOG] [Fast Refresh] done in 176ms @ http://localhost:3000/_next/static/chunks/5d2cf_next_dist_4ad02d79._.js:2297
[17497798ms] [LOG] [Fast Refresh] rebuilding @ http://localhost:3000/_next/static/chunks/5d2cf_next_dist_4ad02d79._.js:2297
[17498183ms] [LOG] [Fast Refresh] done in 231ms @ http://localhost:3000/_next/static/chunks/5d2cf_next_dist_4ad02d79._.js:2297
[17500140ms] [LOG] [Fast Refresh] rebuilding @ http://localhost:3000/_next/static/chunks/5d2cf_next_dist_4ad02d79._.js:2297
[17500333ms] [LOG] [Fast Refresh] done in 50ms @ http://localhost:3000/_next/static/chunks/5d2cf_next_dist_4ad02d79._.js:2297
[17505073ms] [LOG] [Fast Refresh] rebuilding @ http://localhost:3000/_next/static/chunks/5d2cf_next_dist_4ad02d79._.js:2297
[17505340ms] [LOG] [Fast Refresh] done in 151ms @ http://localhost:3000/_next/static/chunks/5d2cf_next_dist_4ad02d79._.js:2297
[17506336ms] [LOG] [Fast Refresh] rebuilding @ http://localhost:3000/_next/static/chunks/5d2cf_next_dist_4ad02d79._.js:2297
[17506526ms] [LOG] [Fast Refresh] done in 45ms @ http://localhost:3000/_next/static/chunks/5d2cf_next_dist_4ad02d79._.js:2297
[17543983ms] [LOG] [Fast Refresh] rebuilding @ http://localhost:3000/_next/static/chunks/5d2cf_next_dist_4ad02d79._.js:2297
[17544047ms] [LOG] [Fast Refresh] done in 149ms @ http://localhost:3000/_next/static/chunks/5d2cf_next_dist_4ad02d79._.js:2297
[17742955ms] [LOG] [Fast Refresh] rebuilding @ http://localhost:3000/_next/static/chunks/5d2cf_next_dist_4ad02d79._.js:2297
[17743122ms] [LOG] [Fast Refresh] done in 276ms @ http://localhost:3000/_next/static/chunks/5d2cf_next_dist_4ad02d79._.js:2297
[17852901ms] [LOG] [Fast Refresh] rebuilding @ http://localhost:3000/_next/static/chunks/5d2cf_next_dist_4ad02d79._.js:2297
[17852913ms] [LOG] [Fast Refresh] done in 117ms @ http://localhost:3000/_next/static/chunks/5d2cf_next_dist_4ad02d79._.js:2297
[17854199ms] [LOG] [Fast Refresh] rebuilding @ http://localhost:3000/_next/static/chunks/5d2cf_next_dist_4ad02d79._.js:2297
[17854297ms] [LOG] [Fast Refresh] done in 198ms @ http://localhost:3000/_next/static/chunks/5d2cf_next_dist_4ad02d79._.js:2297
[18011174ms] [LOG] [Fast Refresh] rebuilding @ http://localhost:3000/_next/static/chunks/5d2cf_next_dist_4ad02d79._.js:2297
[18011199ms] [LOG] [Fast Refresh] done in 130ms @ http://localhost:3000/_next/static/chunks/5d2cf_next_dist_4ad02d79._.js:2297
[18314122ms] [LOG] [Fast Refresh] rebuilding @ http://localhost:3000/_next/static/chunks/5d2cf_next_dist_4ad02d79._.js:2297
[18314262ms] [ERROR] ./components/files/file-client-page.tsx:8:1
Module not found: Can't resolve './file-filters'
   6 | import { getDriveConnectionStatus, listDriveFiles } from "@/lib/actions/drive"
   7 | import { FileSearchBar } from "./file-search-bar"
>  8 | import { FileFilters } from "./file-filters"
     | ^^^^^^^^^^^^^^^^^^^^^^^^^^^^^^^^^^^^^^^^^^^^
   9 | import { FileBreadcrumbs } from "./file-breadcrumbs"
  10 | import { FileToolbar } from "./file-toolbar"
  11 | import { FileExplorer } from "./file-explorer"

Import trace:
  Server Component:
    ./components/files/file-client-page.tsx
    ./app/files/[[...path]]/page.tsx

https://nextjs.org/docs/messages/module-not-found @ http://localhost:3000/_next/static/chunks/5d2cf_next_dist_4ad02d79._.js:3127
[18314262ms] [ERROR] ./components/files/file-client-page.tsx:7:1
Module not found: Can't resolve './file-search-bar'
   5 | import { FileItem } from "@/lib/actions/files"
   6 | import { getDriveConnectionStatus, listDriveFiles } from "@/lib/actions/drive"
>  7 | import { FileSearchBar } from "./file-search-bar"
     | ^^^^^^^^^^^^^^^^^^^^^^^^^^^^^^^^^^^^^^^^^^^^^^^^^
   8 | import { FileFilters } from "./file-filters"
   9 | import { FileBreadcrumbs } from "./file-breadcrumbs"
  10 | import { FileToolbar } from "./file-toolbar"

Import trace:
  Server Component:
    ./components/files/file-client-page.tsx
    ./app/files/[[...path]]/page.tsx

https://nextjs.org/docs/messages/module-not-found @ http://localhost:3000/_next/static/chunks/5d2cf_next_dist_4ad02d79._.js:3127
[18319597ms] [ERROR] ./components/files/file-client-page.tsx:8:1
Module not found: Can't resolve './file-filters'
   6 | import { getDriveConnectionStatus, listDriveFiles } from "@/lib/actions/drive"
   7 | import { FileSearchBar } from "./file-search-bar"
>  8 | import { FileFilters } from "./file-filters"
     | ^^^^^^^^^^^^^^^^^^^^^^^^^^^^^^^^^^^^^^^^^^^^
   9 | import { FileBreadcrumbs } from "./file-breadcrumbs"
  10 | import { FileToolbar } from "./file-toolbar"
  11 | import { FileExplorer } from "./file-explorer"

Import trace:
  Server Component:
    ./components/files/file-client-page.tsx
    ./app/files/[[...path]]/page.tsx

https://nextjs.org/docs/messages/module-not-found @ http://localhost:3000/_next/static/chunks/5d2cf_next_dist_4ad02d79._.js:3127
[18319598ms] [ERROR] ./components/files/file-client-page.tsx:7:1
Module not found: Can't resolve './file-search-bar'
   5 | import { FileItem } from "@/lib/actions/files"
   6 | import { getDriveConnectionStatus, listDriveFiles } from "@/lib/actions/drive"
>  7 | import { FileSearchBar } from "./file-search-bar"
     | ^^^^^^^^^^^^^^^^^^^^^^^^^^^^^^^^^^^^^^^^^^^^^^^^^
   8 | import { FileFilters } from "./file-filters"
   9 | import { FileBreadcrumbs } from "./file-breadcrumbs"
  10 | import { FileToolbar } from "./file-toolbar"

Import trace:
  Server Component:
    ./components/files/file-client-page.tsx
    ./app/files/[[...path]]/page.tsx

https://nextjs.org/docs/messages/module-not-found @ http://localhost:3000/_next/static/chunks/5d2cf_next_dist_4ad02d79._.js:3127
[18319617ms] [LOG] [Fast Refresh] rebuilding @ http://localhost:3000/_next/static/chunks/5d2cf_next_dist_4ad02d79._.js:2297
[18855714ms] [LOG] [Fast Refresh] rebuilding @ http://localhost:3000/_next/static/chunks/5d2cf_next_dist_4ad02d79._.js:2297
[18855872ms] [LOG] [Fast Refresh] done in 257ms @ http://localhost:3000/_next/static/chunks/5d2cf_next_dist_4ad02d79._.js:2297
[18861812ms] [LOG] [Fast Refresh] rebuilding @ http://localhost:3000/_next/static/chunks/5d2cf_next_dist_4ad02d79._.js:2297
[18861878ms] [LOG] [Fast Refresh] done in 98ms @ http://localhost:3000/_next/static/chunks/5d2cf_next_dist_4ad02d79._.js:2297
[18883475ms] [LOG] [Fast Refresh] rebuilding @ http://localhost:3000/_next/static/chunks/5d2cf_next_dist_4ad02d79._.js:2297
[18883513ms] [LOG] [Fast Refresh] done in 67ms @ http://localhost:3000/_next/static/chunks/5d2cf_next_dist_4ad02d79._.js:2297
[18901309ms] [LOG] [Fast Refresh] rebuilding @ http://localhost:3000/_next/static/chunks/5d2cf_next_dist_4ad02d79._.js:2297
[18901351ms] [LOG] [Fast Refresh] done in 143ms @ http://localhost:3000/_next/static/chunks/5d2cf_next_dist_4ad02d79._.js:2297
[19267774ms] [LOG] [Fast Refresh] rebuilding @ http://localhost:3000/_next/static/chunks/5d2cf_next_dist_4ad02d79._.js:2297
[19267947ms] [LOG] [Fast Refresh] done in 274ms @ http://localhost:3000/_next/static/chunks/5d2cf_next_dist_4ad02d79._.js:2297
[19269293ms] [LOG] [Fast Refresh] rebuilding @ http://localhost:3000/_next/static/chunks/5d2cf_next_dist_4ad02d79._.js:2297
[19269396ms] [LOG] [Fast Refresh] done in 204ms @ http://localhost:3000/_next/static/chunks/5d2cf_next_dist_4ad02d79._.js:2297
[19574810ms] [LOG] [Fast Refresh] rebuilding @ http://localhost:3000/_next/static/chunks/5d2cf_next_dist_4ad02d79._.js:2297
[19574830ms] [LOG] [Fast Refresh] done in 60ms @ http://localhost:3000/_next/static/chunks/5d2cf_next_dist_4ad02d79._.js:2297
[19578834ms] [LOG] [Fast Refresh] rebuilding @ http://localhost:3000/_next/static/chunks/5d2cf_next_dist_4ad02d79._.js:2297
[19578854ms] [LOG] [Fast Refresh] done in 53ms @ http://localhost:3000/_next/static/chunks/5d2cf_next_dist_4ad02d79._.js:2297
[19590395ms] [LOG] [Fast Refresh] rebuilding @ http://localhost:3000/_next/static/chunks/5d2cf_next_dist_4ad02d79._.js:2297
[19590491ms] [LOG] [Fast Refresh] done in 180ms @ http://localhost:3000/_next/static/chunks/5d2cf_next_dist_4ad02d79._.js:2297
[19590592ms] [LOG] [Fast Refresh] rebuilding @ http://localhost:3000/_next/static/chunks/5d2cf_next_dist_4ad02d79._.js:2297
[19590653ms] [LOG] [Fast Refresh] done in 162ms @ http://localhost:3000/_next/static/chunks/5d2cf_next_dist_4ad02d79._.js:2297
[19623926ms] [LOG] [Fast Refresh] rebuilding @ http://localhost:3000/_next/static/chunks/5d2cf_next_dist_4ad02d79._.js:2297
[19624176ms] [LOG] [Fast Refresh] done in 136ms @ http://localhost:3000/_next/static/chunks/5d2cf_next_dist_4ad02d79._.js:2297
[20089652ms] [LOG] [Fast Refresh] rebuilding @ http://localhost:3000/_next/static/chunks/5d2cf_next_dist_4ad02d79._.js:2297
[20089702ms] [LOG] [Fast Refresh] done in 150ms @ http://localhost:3000/_next/static/chunks/5d2cf_next_dist_4ad02d79._.js:2297
[20341383ms] [LOG] [Fast Refresh] rebuilding @ http://localhost:3000/_next/static/chunks/5d2cf_next_dist_4ad02d79._.js:2297
[20341425ms] [LOG] [Fast Refresh] done in 142ms @ http://localhost:3000/_next/static/chunks/5d2cf_next_dist_4ad02d79._.js:2297
[20370455ms] [LOG] [Fast Refresh] rebuilding @ http://localhost:3000/_next/static/chunks/5d2cf_next_dist_4ad02d79._.js:2297
[20373085ms] [LOG] [Fast Refresh] done in 1747ms @ http://localhost:3000/_next/static/chunks/5d2cf_next_dist_4ad02d79._.js:2297
[20374787ms] [LOG] [Fast Refresh] rebuilding @ http://localhost:3000/_next/static/chunks/5d2cf_next_dist_4ad02d79._.js:2297
[20374837ms] [LOG] [Fast Refresh] done in 111ms @ http://localhost:3000/_next/static/chunks/5d2cf_next_dist_4ad02d79._.js:2297
[20375863ms] [LOG] [Fast Refresh] rebuilding @ http://localhost:3000/_next/static/chunks/5d2cf_next_dist_4ad02d79._.js:2297
[20375926ms] [ERROR] Failed to load resource: the server responded with a status of 404 (Not Found) @ http://localhost:3000/login?from=%2Fdashboard&_rsc=1m0bw:0
[20375938ms] [LOG] [Fast Refresh] done in 176ms @ http://localhost:3000/_next/static/chunks/5d2cf_next_dist_4ad02d79._.js:2297
[20376122ms] [LOG] [Fast Refresh] rebuilding @ http://localhost:3000/_next/static/chunks/5d2cf_next_dist_4ad02d79._.js:2297
[20376142ms] [LOG] [Fast Refresh] done in 120ms @ http://localhost:3000/_next/static/chunks/5d2cf_next_dist_4ad02d79._.js:2297
[20376325ms] [INFO] %cDownload the React DevTools for a better development experience: https://react.dev/link/react-devtools font-weight:bold @ http://localhost:3000/_next/static/chunks/5d2cf_next_dist_4ad02d79._.js:2297
[20376348ms] [LOG] [HMR] connected @ http://localhost:3000/_next/static/chunks/5d2cf_next_dist_4ad02d79._.js:2297
[20376460ms] [LOG] [Fast Refresh] rebuilding @ http://localhost:3000/_next/static/chunks/5d2cf_next_dist_4ad02d79._.js:2297
[20376604ms] [LOG] [Fast Refresh] done in 245ms @ http://localhost:3000/_next/static/chunks/5d2cf_next_dist_4ad02d79._.js:2297
[20376713ms] [LOG] [Fast Refresh] rebuilding @ http://localhost:3000/_next/static/chunks/5d2cf_next_dist_4ad02d79._.js:2297
[20377003ms] [LOG] [Fast Refresh] done in 390ms @ http://localhost:3000/_next/static/chunks/5d2cf_next_dist_4ad02d79._.js:2297
[20381648ms] [LOG] [Fast Refresh] rebuilding @ http://localhost:3000/_next/static/chunks/5d2cf_next_dist_4ad02d79._.js:2297
[20381697ms] [LOG] [Fast Refresh] done in 110ms @ http://localhost:3000/_next/static/chunks/5d2cf_next_dist_4ad02d79._.js:2297
[20381873ms] [LOG] [Fast Refresh] rebuilding @ http://localhost:3000/_next/static/chunks/5d2cf_next_dist_4ad02d79._.js:2297
[20382566ms] [LOG] [Fast Refresh] done in 793ms @ http://localhost:3000/_next/static/chunks/5d2cf_next_dist_4ad02d79._.js:2297
[20382748ms] [LOG] [Fast Refresh] rebuilding @ http://localhost:3000/_next/static/chunks/5d2cf_next_dist_4ad02d79._.js:2297
[20382887ms] [LOG] [Fast Refresh] done in 239ms @ http://localhost:3000/_next/static/chunks/5d2cf_next_dist_4ad02d79._.js:2297
[20383105ms] [LOG] [Fast Refresh] rebuilding @ http://localhost:3000/_next/static/chunks/5d2cf_next_dist_4ad02d79._.js:2297
[20383255ms] [LOG] [Fast Refresh] done in 250ms @ http://localhost:3000/_next/static/chunks/5d2cf_next_dist_4ad02d79._.js:2297
[20383479ms] [LOG] [Fast Refresh] rebuilding @ http://localhost:3000/_next/static/chunks/5d2cf_next_dist_4ad02d79._.js:2297
[20383989ms] [LOG] [Fast Refresh] done in 610ms @ http://localhost:3000/_next/static/chunks/5d2cf_next_dist_4ad02d79._.js:2297
[20384092ms] [LOG] [Fast Refresh] rebuilding @ http://localhost:3000/_next/static/chunks/5d2cf_next_dist_4ad02d79._.js:2297
[20384187ms] [LOG] [Fast Refresh] done in 194ms @ http://localhost:3000/_next/static/chunks/5d2cf_next_dist_4ad02d79._.js:2297
[20384292ms] [LOG] [Fast Refresh] rebuilding @ http://localhost:3000/_next/static/chunks/5d2cf_next_dist_4ad02d79._.js:2297
[20384318ms] [LOG] [Fast Refresh] done in 126ms @ http://localhost:3000/_next/static/chunks/5d2cf_next_dist_4ad02d79._.js:2297
[20515304ms] [LOG] [Fast Refresh] rebuilding @ http://localhost:3000/_next/static/chunks/5d2cf_next_dist_4ad02d79._.js:2297
[20515717ms] [LOG] [Fast Refresh] done in 368ms @ http://localhost:3000/_next/static/chunks/5d2cf_next_dist_4ad02d79._.js:2297
[20765195ms] [LOG] [Fast Refresh] rebuilding @ http://localhost:3000/_next/static/chunks/5d2cf_next_dist_4ad02d79._.js:2297
[20765199ms] [LOG] [Fast Refresh] done in 105ms @ http://localhost:3000/_next/static/chunks/5d2cf_next_dist_4ad02d79._.js:2297
[21148339ms] [LOG] [Fast Refresh] rebuilding @ http://localhost:3000/_next/static/chunks/5d2cf_next_dist_4ad02d79._.js:2297
[21148994ms] [LOG] [Fast Refresh] done in 756ms @ http://localhost:3000/_next/static/chunks/5d2cf_next_dist_4ad02d79._.js:2297
[21149570ms] [LOG] [Fast Refresh] rebuilding @ http://localhost:3000/_next/static/chunks/5d2cf_next_dist_4ad02d79._.js:2297
[21149731ms] [LOG] [Fast Refresh] done in 262ms @ http://localhost:3000/_next/static/chunks/5d2cf_next_dist_4ad02d79._.js:2297
[21155049ms] [LOG] [Fast Refresh] rebuilding @ http://localhost:3000/_next/static/chunks/5d2cf_next_dist_4ad02d79._.js:2297
[21155225ms] [LOG] [Fast Refresh] done in 276ms @ http://localhost:3000/_next/static/chunks/5d2cf_next_dist_4ad02d79._.js:2297
[21231042ms] [LOG] [Fast Refresh] rebuilding @ http://localhost:3000/_next/static/chunks/5d2cf_next_dist_4ad02d79._.js:2297
[21231060ms] [LOG] [Fast Refresh] done in 87ms @ http://localhost:3000/_next/static/chunks/5d2cf_next_dist_4ad02d79._.js:2297
[21235260ms] [LOG] [Fast Refresh] rebuilding @ http://localhost:3000/_next/static/chunks/5d2cf_next_dist_4ad02d79._.js:2297
[21235280ms] [LOG] [Fast Refresh] done in 66ms @ http://localhost:3000/_next/static/chunks/5d2cf_next_dist_4ad02d79._.js:2297
[21254974ms] [LOG] [Fast Refresh] rebuilding @ http://localhost:3000/_next/static/chunks/5d2cf_next_dist_4ad02d79._.js:2297
[21255915ms] [LOG] [Fast Refresh] done in 1041ms @ http://localhost:3000/_next/static/chunks/5d2cf_next_dist_4ad02d79._.js:2297
[21258026ms] [LOG] [Fast Refresh] rebuilding @ http://localhost:3000/_next/static/chunks/5d2cf_next_dist_4ad02d79._.js:2297
[21258103ms] [LOG] [Fast Refresh] done in 176ms @ http://localhost:3000/_next/static/chunks/5d2cf_next_dist_4ad02d79._.js:2297
[21259322ms] [LOG] [Fast Refresh] rebuilding @ http://localhost:3000/_next/static/chunks/5d2cf_next_dist_4ad02d79._.js:2297
[21259397ms] [LOG] [Fast Refresh] done in 175ms @ http://localhost:3000/_next/static/chunks/5d2cf_next_dist_4ad02d79._.js:2297
[21262490ms] [LOG] [Fast Refresh] rebuilding @ http://localhost:3000/_next/static/chunks/5d2cf_next_dist_4ad02d79._.js:2297
[21262584ms] [LOG] [Fast Refresh] done in 193ms @ http://localhost:3000/_next/static/chunks/5d2cf_next_dist_4ad02d79._.js:2297
[21268625ms] [LOG] [Fast Refresh] rebuilding @ http://localhost:3000/_next/static/chunks/5d2cf_next_dist_4ad02d79._.js:2297
[21268700ms] [LOG] [Fast Refresh] done in 175ms @ http://localhost:3000/_next/static/chunks/5d2cf_next_dist_4ad02d79._.js:2297
[22120406ms] [LOG] [Fast Refresh] rebuilding @ http://localhost:3000/_next/static/chunks/5d2cf_next_dist_4ad02d79._.js:2297
[22120411ms] [LOG] [Fast Refresh] done in 42ms @ http://localhost:3000/_next/static/chunks/5d2cf_next_dist_4ad02d79._.js:2297
[22120549ms] [LOG] [Fast Refresh] rebuilding @ http://localhost:3000/_next/static/chunks/5d2cf_next_dist_4ad02d79._.js:2297
[22121002ms] [LOG] [Fast Refresh] done in 553ms @ http://localhost:3000/_next/static/chunks/5d2cf_next_dist_4ad02d79._.js:2297
[22121551ms] [LOG] [Fast Refresh] rebuilding @ http://localhost:3000/_next/static/chunks/5d2cf_next_dist_4ad02d79._.js:2297
[22121559ms] [LOG] [Fast Refresh] done in 25ms @ http://localhost:3000/_next/static/chunks/5d2cf_next_dist_4ad02d79._.js:2297
[22121684ms] [LOG] [Fast Refresh] rebuilding @ http://localhost:3000/_next/static/chunks/5d2cf_next_dist_4ad02d79._.js:2297
[22122164ms] [LOG] [Fast Refresh] done in 580ms @ http://localhost:3000/_next/static/chunks/5d2cf_next_dist_4ad02d79._.js:2297
[22123645ms] [LOG] [Fast Refresh] rebuilding @ http://localhost:3000/_next/static/chunks/5d2cf_next_dist_4ad02d79._.js:2297
[22123650ms] [LOG] [Fast Refresh] done in 30ms @ http://localhost:3000/_next/static/chunks/5d2cf_next_dist_4ad02d79._.js:2297
[22128840ms] [LOG] [Fast Refresh] rebuilding @ http://localhost:3000/_next/static/chunks/5d2cf_next_dist_4ad02d79._.js:2297
[22128846ms] [LOG] [Fast Refresh] done in 27ms @ http://localhost:3000/_next/static/chunks/5d2cf_next_dist_4ad02d79._.js:2297
[22133586ms] [LOG] [Fast Refresh] rebuilding @ http://localhost:3000/_next/static/chunks/5d2cf_next_dist_4ad02d79._.js:2297
[22133591ms] [LOG] [Fast Refresh] done in 29ms @ http://localhost:3000/_next/static/chunks/5d2cf_next_dist_4ad02d79._.js:2297
[22133719ms] [LOG] [Fast Refresh] rebuilding @ http://localhost:3000/_next/static/chunks/5d2cf_next_dist_4ad02d79._.js:2297
[22134156ms] [LOG] [Fast Refresh] done in 537ms @ http://localhost:3000/_next/static/chunks/5d2cf_next_dist_4ad02d79._.js:2297
[22139381ms] [LOG] [Fast Refresh] rebuilding @ http://localhost:3000/_next/static/chunks/5d2cf_next_dist_4ad02d79._.js:2297
[22139385ms] [LOG] [Fast Refresh] done in 30ms @ http://localhost:3000/_next/static/chunks/5d2cf_next_dist_4ad02d79._.js:2297
[22141377ms] [LOG] [Fast Refresh] rebuilding @ http://localhost:3000/_next/static/chunks/5d2cf_next_dist_4ad02d79._.js:2297
[22141380ms] [LOG] [Fast Refresh] done in 36ms @ http://localhost:3000/_next/static/chunks/5d2cf_next_dist_4ad02d79._.js:2297
[22144281ms] [LOG] [Fast Refresh] rebuilding @ http://localhost:3000/_next/static/chunks/5d2cf_next_dist_4ad02d79._.js:2297
[22144433ms] [LOG] [Fast Refresh] done in 253ms @ http://localhost:3000/_next/static/chunks/5d2cf_next_dist_4ad02d79._.js:2297
[22213284ms] [LOG] [Fast Refresh] rebuilding @ http://localhost:3000/_next/static/chunks/5d2cf_next_dist_4ad02d79._.js:2297
[22213287ms] [LOG] [Fast Refresh] done in 48ms @ http://localhost:3000/_next/static/chunks/5d2cf_next_dist_4ad02d79._.js:2297
[22213423ms] [LOG] [Fast Refresh] rebuilding @ http://localhost:3000/_next/static/chunks/5d2cf_next_dist_4ad02d79._.js:2297
[22213435ms] [LOG] [Fast Refresh] done in 111ms @ http://localhost:3000/_next/static/chunks/5d2cf_next_dist_4ad02d79._.js:2297
[22216583ms] [LOG] [Fast Refresh] rebuilding @ http://localhost:3000/_next/static/chunks/5d2cf_next_dist_4ad02d79._.js:2297
[22216589ms] [LOG] [Fast Refresh] done in 26ms @ http://localhost:3000/_next/static/chunks/5d2cf_next_dist_4ad02d79._.js:2297
[22219228ms] [LOG] [Fast Refresh] rebuilding @ http://localhost:3000/_next/static/chunks/5d2cf_next_dist_4ad02d79._.js:2297
[22219260ms] [LOG] [Fast Refresh] done in 17ms @ http://localhost:3000/_next/static/chunks/5d2cf_next_dist_4ad02d79._.js:2297
[22222196ms] [LOG] [Fast Refresh] rebuilding @ http://localhost:3000/_next/static/chunks/5d2cf_next_dist_4ad02d79._.js:2297
[22222534ms] [LOG] [Fast Refresh] done in 438ms @ http://localhost:3000/_next/static/chunks/5d2cf_next_dist_4ad02d79._.js:2297
[22222758ms] [LOG] [Fast Refresh] rebuilding @ http://localhost:3000/_next/static/chunks/5d2cf_next_dist_4ad02d79._.js:2297
[22223035ms] [LOG] [Fast Refresh] done in 378ms @ http://localhost:3000/_next/static/chunks/5d2cf_next_dist_4ad02d79._.js:2297
[22225791ms] [LOG] [Fast Refresh] rebuilding @ http://localhost:3000/_next/static/chunks/5d2cf_next_dist_4ad02d79._.js:2297
[22225802ms] [LOG] [Fast Refresh] done in 110ms @ http://localhost:3000/_next/static/chunks/5d2cf_next_dist_4ad02d79._.js:2297
[22239136ms] [LOG] [Fast Refresh] rebuilding @ http://localhost:3000/_next/static/chunks/5d2cf_next_dist_4ad02d79._.js:2297
[22241858ms] [LOG] [Fast Refresh] done in 2822ms @ http://localhost:3000/_next/static/chunks/5d2cf_next_dist_4ad02d79._.js:2297
[22248230ms] [LOG] [Fast Refresh] rebuilding @ http://localhost:3000/_next/static/chunks/5d2cf_next_dist_4ad02d79._.js:2297
[22248258ms] [LOG] [Fast Refresh] done in 128ms @ http://localhost:3000/_next/static/chunks/5d2cf_next_dist_4ad02d79._.js:2297
[22255209ms] [LOG] [Fast Refresh] rebuilding @ http://localhost:3000/_next/static/chunks/5d2cf_next_dist_4ad02d79._.js:2297
[22255223ms] [LOG] [Fast Refresh] done in 114ms @ http://localhost:3000/_next/static/chunks/5d2cf_next_dist_4ad02d79._.js:2297
[22258060ms] [LOG] [Fast Refresh] rebuilding @ http://localhost:3000/_next/static/chunks/5d2cf_next_dist_4ad02d79._.js:2297
[22258074ms] [LOG] [Fast Refresh] done in 114ms @ http://localhost:3000/_next/static/chunks/5d2cf_next_dist_4ad02d79._.js:2297
[22259861ms] [LOG] [Fast Refresh] rebuilding @ http://localhost:3000/_next/static/chunks/5d2cf_next_dist_4ad02d79._.js:2297
[22259875ms] [LOG] [Fast Refresh] done in 115ms @ http://localhost:3000/_next/static/chunks/5d2cf_next_dist_4ad02d79._.js:2297
[22260901ms] [LOG] [Fast Refresh] rebuilding @ http://localhost:3000/_next/static/chunks/5d2cf_next_dist_4ad02d79._.js:2297
[22260911ms] [LOG] [Fast Refresh] done in 110ms @ http://localhost:3000/_next/static/chunks/5d2cf_next_dist_4ad02d79._.js:2297
[22261585ms] [LOG] [Fast Refresh] rebuilding @ http://localhost:3000/_next/static/chunks/5d2cf_next_dist_4ad02d79._.js:2297
[22261646ms] [LOG] [Fast Refresh] done in 160ms @ http://localhost:3000/_next/static/chunks/5d2cf_next_dist_4ad02d79._.js:2297
[22263635ms] [LOG] [Fast Refresh] rebuilding @ http://localhost:3000/_next/static/chunks/5d2cf_next_dist_4ad02d79._.js:2297
[22263653ms] [LOG] [Fast Refresh] done in 119ms @ http://localhost:3000/_next/static/chunks/5d2cf_next_dist_4ad02d79._.js:2297
[22264127ms] [LOG] [Fast Refresh] rebuilding @ http://localhost:3000/_next/static/chunks/5d2cf_next_dist_4ad02d79._.js:2297
[22264132ms] [LOG] [Fast Refresh] done in 104ms @ http://localhost:3000/_next/static/chunks/5d2cf_next_dist_4ad02d79._.js:2297
[22269373ms] [LOG] [Fast Refresh] rebuilding @ http://localhost:3000/_next/static/chunks/5d2cf_next_dist_4ad02d79._.js:2297
[22269380ms] [LOG] [Fast Refresh] done in 107ms @ http://localhost:3000/_next/static/chunks/5d2cf_next_dist_4ad02d79._.js:2297
[22279797ms] [LOG] [Fast Refresh] rebuilding @ http://localhost:3000/_next/static/chunks/5d2cf_next_dist_4ad02d79._.js:2297
[22279805ms] [LOG] [Fast Refresh] done in 108ms @ http://localhost:3000/_next/static/chunks/5d2cf_next_dist_4ad02d79._.js:2297
[22284805ms] [LOG] [Fast Refresh] rebuilding @ http://localhost:3000/_next/static/chunks/5d2cf_next_dist_4ad02d79._.js:2297
[22284835ms] [LOG] [Fast Refresh] done in 130ms @ http://localhost:3000/_next/static/chunks/5d2cf_next_dist_4ad02d79._.js:2297
[22347308ms] [LOG] [Fast Refresh] rebuilding @ http://localhost:3000/_next/static/chunks/5d2cf_next_dist_4ad02d79._.js:2297
[22347338ms] [LOG] [Fast Refresh] done in 131ms @ http://localhost:3000/_next/static/chunks/5d2cf_next_dist_4ad02d79._.js:2297
[22601832ms] [LOG] [Fast Refresh] rebuilding @ http://localhost:3000/_next/static/chunks/5d2cf_next_dist_4ad02d79._.js:2297
[22601852ms] [LOG] [Fast Refresh] done in 87ms @ http://localhost:3000/_next/static/chunks/5d2cf_next_dist_4ad02d79._.js:2297
[22606831ms] [LOG] [Fast Refresh] rebuilding @ http://localhost:3000/_next/static/chunks/5d2cf_next_dist_4ad02d79._.js:2297
[22606854ms] [LOG] [Fast Refresh] done in 54ms @ http://localhost:3000/_next/static/chunks/5d2cf_next_dist_4ad02d79._.js:2297
[22610319ms] [LOG] [Fast Refresh] rebuilding @ http://localhost:3000/_next/static/chunks/5d2cf_next_dist_4ad02d79._.js:2297
[22610351ms] [LOG] [Fast Refresh] done in 114ms @ http://localhost:3000/_next/static/chunks/5d2cf_next_dist_4ad02d79._.js:2297
[22610487ms] [LOG] [Fast Refresh] rebuilding @ http://localhost:3000/_next/static/chunks/5d2cf_next_dist_4ad02d79._.js:2297
[22611263ms] [LOG] [Fast Refresh] done in 876ms @ http://localhost:3000/_next/static/chunks/5d2cf_next_dist_4ad02d79._.js:2297
[22612228ms] [LOG] [Fast Refresh] rebuilding @ http://localhost:3000/_next/static/chunks/5d2cf_next_dist_4ad02d79._.js:2297
[22612255ms] [LOG] [Fast Refresh] done in 47ms @ http://localhost:3000/_next/static/chunks/5d2cf_next_dist_4ad02d79._.js:2297
[22632835ms] [LOG] [Fast Refresh] rebuilding @ http://localhost:3000/_next/static/chunks/5d2cf_next_dist_4ad02d79._.js:2297
[22632863ms] [LOG] [Fast Refresh] done in 50ms @ http://localhost:3000/_next/static/chunks/5d2cf_next_dist_4ad02d79._.js:2297
[22634338ms] [LOG] [Fast Refresh] rebuilding @ http://localhost:3000/_next/static/chunks/5d2cf_next_dist_4ad02d79._.js:2297
[22634364ms] [LOG] [Fast Refresh] done in 51ms @ http://localhost:3000/_next/static/chunks/5d2cf_next_dist_4ad02d79._.js:2297
[22713537ms] [LOG] [Fast Refresh] rebuilding @ http://localhost:3000/_next/static/chunks/5d2cf_next_dist_4ad02d79._.js:2297
[22714470ms] [LOG] [Fast Refresh] done in 1033ms @ http://localhost:3000/_next/static/chunks/5d2cf_next_dist_4ad02d79._.js:2297
[22717895ms] [LOG] [Fast Refresh] rebuilding @ http://localhost:3000/_next/static/chunks/5d2cf_next_dist_4ad02d79._.js:2297
[22717911ms] [LOG] [Fast Refresh] done in 115ms @ http://localhost:3000/_next/static/chunks/5d2cf_next_dist_4ad02d79._.js:2297
[22719375ms] [LOG] [Fast Refresh] rebuilding @ http://localhost:3000/_next/static/chunks/5d2cf_next_dist_4ad02d79._.js:2297
[22719390ms] [LOG] [Fast Refresh] done in 116ms @ http://localhost:3000/_next/static/chunks/5d2cf_next_dist_4ad02d79._.js:2297
[22721047ms] [LOG] [Fast Refresh] rebuilding @ http://localhost:3000/_next/static/chunks/5d2cf_next_dist_4ad02d79._.js:2297
[22721056ms] [LOG] [Fast Refresh] done in 109ms @ http://localhost:3000/_next/static/chunks/5d2cf_next_dist_4ad02d79._.js:2297
[22725699ms] [LOG] [Fast Refresh] rebuilding @ http://localhost:3000/_next/static/chunks/5d2cf_next_dist_4ad02d79._.js:2297
[22725709ms] [LOG] [Fast Refresh] done in 113ms @ http://localhost:3000/_next/static/chunks/5d2cf_next_dist_4ad02d79._.js:2297
[22726184ms] [LOG] [Fast Refresh] rebuilding @ http://localhost:3000/_next/static/chunks/5d2cf_next_dist_4ad02d79._.js:2297
[22726192ms] [LOG] [Fast Refresh] done in 109ms @ http://localhost:3000/_next/static/chunks/5d2cf_next_dist_4ad02d79._.js:2297
[22730568ms] [LOG] [Fast Refresh] rebuilding @ http://localhost:3000/_next/static/chunks/5d2cf_next_dist_4ad02d79._.js:2297
[22731452ms] [LOG] [Fast Refresh] done in 985ms @ http://localhost:3000/_next/static/chunks/5d2cf_next_dist_4ad02d79._.js:2297
[22812019ms] [LOG] [Fast Refresh] rebuilding @ http://localhost:3000/_next/static/chunks/5d2cf_next_dist_4ad02d79._.js:2297
[22812045ms] [LOG] [Fast Refresh] done in 93ms @ http://localhost:3000/_next/static/chunks/5d2cf_next_dist_4ad02d79._.js:2297
[22815910ms] [LOG] [Fast Refresh] rebuilding @ http://localhost:3000/_next/static/chunks/5d2cf_next_dist_4ad02d79._.js:2297
[22815938ms] [LOG] [Fast Refresh] done in 50ms @ http://localhost:3000/_next/static/chunks/5d2cf_next_dist_4ad02d79._.js:2297
[23262616ms] [LOG] [Fast Refresh] rebuilding @ http://localhost:3000/_next/static/chunks/5d2cf_next_dist_4ad02d79._.js:2297
[23262634ms] [LOG] [Fast Refresh] done in 94ms @ http://localhost:3000/_next/static/chunks/5d2cf_next_dist_4ad02d79._.js:2297
[23264633ms] [LOG] [Fast Refresh] rebuilding @ http://localhost:3000/_next/static/chunks/5d2cf_next_dist_4ad02d79._.js:2297
[23264647ms] [LOG] [Fast Refresh] done in 65ms @ http://localhost:3000/_next/static/chunks/5d2cf_next_dist_4ad02d79._.js:2297
[23266155ms] [LOG] [Fast Refresh] rebuilding @ http://localhost:3000/_next/static/chunks/5d2cf_next_dist_4ad02d79._.js:2297
[23266171ms] [LOG] [Fast Refresh] done in 61ms @ http://localhost:3000/_next/static/chunks/5d2cf_next_dist_4ad02d79._.js:2297
[23266956ms] [LOG] [Fast Refresh] rebuilding @ http://localhost:3000/_next/static/chunks/5d2cf_next_dist_4ad02d79._.js:2297
[23266968ms] [LOG] [Fast Refresh] done in 67ms @ http://localhost:3000/_next/static/chunks/5d2cf_next_dist_4ad02d79._.js:2297
[23268404ms] [LOG] [Fast Refresh] rebuilding @ http://localhost:3000/_next/static/chunks/5d2cf_next_dist_4ad02d79._.js:2297
[23268411ms] [LOG] [Fast Refresh] done in 83ms @ http://localhost:3000/_next/static/chunks/5d2cf_next_dist_4ad02d79._.js:2297
[23272385ms] [LOG] [Fast Refresh] rebuilding @ http://localhost:3000/_next/static/chunks/5d2cf_next_dist_4ad02d79._.js:2297
[23272398ms] [LOG] [Fast Refresh] done in 58ms @ http://localhost:3000/_next/static/chunks/5d2cf_next_dist_4ad02d79._.js:2297
[23284580ms] [LOG] [Fast Refresh] rebuilding @ http://localhost:3000/_next/static/chunks/5d2cf_next_dist_4ad02d79._.js:2297
[23284597ms] [LOG] [Fast Refresh] done in 63ms @ http://localhost:3000/_next/static/chunks/5d2cf_next_dist_4ad02d79._.js:2297
[23285781ms] [LOG] [Fast Refresh] rebuilding @ http://localhost:3000/_next/static/chunks/5d2cf_next_dist_4ad02d79._.js:2297
[23285797ms] [LOG] [Fast Refresh] done in 49ms @ http://localhost:3000/_next/static/chunks/5d2cf_next_dist_4ad02d79._.js:2297
[23287046ms] [LOG] [Fast Refresh] rebuilding @ http://localhost:3000/_next/static/chunks/5d2cf_next_dist_4ad02d79._.js:2297
[23287061ms] [LOG] [Fast Refresh] done in 58ms @ http://localhost:3000/_next/static/chunks/5d2cf_next_dist_4ad02d79._.js:2297
[23302386ms] [LOG] [Fast Refresh] rebuilding @ http://localhost:3000/_next/static/chunks/5d2cf_next_dist_4ad02d79._.js:2297
[23302402ms] [LOG] [Fast Refresh] done in 57ms @ http://localhost:3000/_next/static/chunks/5d2cf_next_dist_4ad02d79._.js:2297
[23484286ms] [LOG] [Fast Refresh] rebuilding @ http://localhost:3000/_next/static/chunks/5d2cf_next_dist_4ad02d79._.js:2297
[23485136ms] [LOG] [Fast Refresh] done in 950ms @ http://localhost:3000/_next/static/chunks/5d2cf_next_dist_4ad02d79._.js:2297
[23495442ms] [LOG] [Fast Refresh] rebuilding @ http://localhost:3000/_next/static/chunks/5d2cf_next_dist_4ad02d79._.js:2297
[23495456ms] [LOG] [Fast Refresh] done in 114ms @ http://localhost:3000/_next/static/chunks/5d2cf_next_dist_4ad02d79._.js:2297
[23495605ms] [LOG] [Fast Refresh] rebuilding @ http://localhost:3000/_next/static/chunks/5d2cf_next_dist_4ad02d79._.js:2297
[23495634ms] [LOG] [Fast Refresh] done in 129ms @ http://localhost:3000/_next/static/chunks/5d2cf_next_dist_4ad02d79._.js:2297
[23499091ms] [LOG] [Fast Refresh] rebuilding @ http://localhost:3000/_next/static/chunks/5d2cf_next_dist_4ad02d79._.js:2297
[23499114ms] [LOG] [Fast Refresh] done in 123ms @ http://localhost:3000/_next/static/chunks/5d2cf_next_dist_4ad02d79._.js:2297
[23509819ms] [LOG] [Fast Refresh] rebuilding @ http://localhost:3000/_next/static/chunks/5d2cf_next_dist_4ad02d79._.js:2297
[23509840ms] [LOG] [Fast Refresh] done in 121ms @ http://localhost:3000/_next/static/chunks/5d2cf_next_dist_4ad02d79._.js:2297
[23515556ms] [LOG] [Fast Refresh] rebuilding @ http://localhost:3000/_next/static/chunks/5d2cf_next_dist_4ad02d79._.js:2297
[23515571ms] [LOG] [Fast Refresh] done in 115ms @ http://localhost:3000/_next/static/chunks/5d2cf_next_dist_4ad02d79._.js:2297
[23516467ms] [LOG] [Fast Refresh] rebuilding @ http://localhost:3000/_next/static/chunks/5d2cf_next_dist_4ad02d79._.js:2297
[23516569ms] [LOG] [Fast Refresh] done in 202ms @ http://localhost:3000/_next/static/chunks/5d2cf_next_dist_4ad02d79._.js:2297
[23524345ms] [LOG] [Fast Refresh] rebuilding @ http://localhost:3000/_next/static/chunks/5d2cf_next_dist_4ad02d79._.js:2297
[23524359ms] [LOG] [Fast Refresh] done in 115ms @ http://localhost:3000/_next/static/chunks/5d2cf_next_dist_4ad02d79._.js:2297
[23706494ms] [LOG] [Fast Refresh] rebuilding @ http://localhost:3000/_next/static/chunks/5d2cf_next_dist_4ad02d79._.js:2297
[23706515ms] [LOG] [Fast Refresh] done in 89ms @ http://localhost:3000/_next/static/chunks/5d2cf_next_dist_4ad02d79._.js:2297
[23743955ms] [LOG] [Fast Refresh] rebuilding @ http://localhost:3000/_next/static/chunks/5d2cf_next_dist_4ad02d79._.js:2297
[23745182ms] [LOG] [Fast Refresh] done in 163ms @ http://localhost:3000/_next/static/chunks/5d2cf_next_dist_4ad02d79._.js:2297
[23746151ms] [LOG] [Fast Refresh] rebuilding @ http://localhost:3000/_next/static/chunks/5d2cf_next_dist_4ad02d79._.js:2297
[23746165ms] [LOG] [Fast Refresh] done in 114ms @ http://localhost:3000/_next/static/chunks/5d2cf_next_dist_4ad02d79._.js:2297
[23746270ms] [LOG] [Fast Refresh] rebuilding @ http://localhost:3000/_next/static/chunks/5d2cf_next_dist_4ad02d79._.js:2297
[23746288ms] [LOG] [Fast Refresh] done in 118ms @ http://localhost:3000/_next/static/chunks/5d2cf_next_dist_4ad02d79._.js:2297
[23791312ms] [LOG] [Fast Refresh] rebuilding @ http://localhost:3000/_next/static/chunks/5d2cf_next_dist_4ad02d79._.js:2297
[23791366ms] [LOG] [Fast Refresh] done in 161ms @ http://localhost:3000/_next/static/chunks/5d2cf_next_dist_4ad02d79._.js:2297
[23793779ms] [LOG] [Fast Refresh] rebuilding @ http://localhost:3000/_next/static/chunks/5d2cf_next_dist_4ad02d79._.js:2297
[23793806ms] [LOG] [Fast Refresh] done in 126ms @ http://localhost:3000/_next/static/chunks/5d2cf_next_dist_4ad02d79._.js:2297
[23803015ms] [LOG] [Fast Refresh] rebuilding @ http://localhost:3000/_next/static/chunks/5d2cf_next_dist_4ad02d79._.js:2297
[23803028ms] [LOG] [Fast Refresh] done in 113ms @ http://localhost:3000/_next/static/chunks/5d2cf_next_dist_4ad02d79._.js:2297
[23804087ms] [LOG] [Fast Refresh] rebuilding @ http://localhost:3000/_next/static/chunks/5d2cf_next_dist_4ad02d79._.js:2297
[23804095ms] [LOG] [Fast Refresh] done in 109ms @ http://localhost:3000/_next/static/chunks/5d2cf_next_dist_4ad02d79._.js:2297
[23815510ms] [LOG] [Fast Refresh] rebuilding @ http://localhost:3000/_next/static/chunks/5d2cf_next_dist_4ad02d79._.js:2297
[23815524ms] [LOG] [Fast Refresh] done in 115ms @ http://localhost:3000/_next/static/chunks/5d2cf_next_dist_4ad02d79._.js:2297
[25477734ms] [LOG] [Fast Refresh] rebuilding @ http://localhost:3000/_next/static/chunks/5d2cf_next_dist_4ad02d79._.js:2297
[25477745ms] [LOG] [Fast Refresh] done in 114ms @ http://localhost:3000/_next/static/chunks/5d2cf_next_dist_4ad02d79._.js:2297
[25479706ms] [LOG] [Fast Refresh] rebuilding @ http://localhost:3000/_next/static/chunks/5d2cf_next_dist_4ad02d79._.js:2297
[25479901ms] [LOG] [Fast Refresh] done in 294ms @ http://localhost:3000/_next/static/chunks/5d2cf_next_dist_4ad02d79._.js:2297
[25485318ms] [LOG] [Fast Refresh] rebuilding @ http://localhost:3000/_next/static/chunks/5d2cf_next_dist_4ad02d79._.js:2297
[25485344ms] [LOG] [Fast Refresh] done in 130ms @ http://localhost:3000/_next/static/chunks/5d2cf_next_dist_4ad02d79._.js:2297
[25485911ms] [LOG] [Fast Refresh] rebuilding @ http://localhost:3000/_next/static/chunks/5d2cf_next_dist_4ad02d79._.js:2297
[25485953ms] [LOG] [Fast Refresh] done in 142ms @ http://localhost:3000/_next/static/chunks/5d2cf_next_dist_4ad02d79._.js:2297
[25493055ms] [LOG] [Fast Refresh] rebuilding @ http://localhost:3000/_next/static/chunks/5d2cf_next_dist_4ad02d79._.js:2297
[25493261ms] [LOG] [Fast Refresh] done in 305ms @ http://localhost:3000/_next/static/chunks/5d2cf_next_dist_4ad02d79._.js:2297
[25494673ms] [LOG] [Fast Refresh] rebuilding @ http://localhost:3000/_next/static/chunks/5d2cf_next_dist_4ad02d79._.js:2297
[25494733ms] [LOG] [Fast Refresh] done in 159ms @ http://localhost:3000/_next/static/chunks/5d2cf_next_dist_4ad02d79._.js:2297
[25520655ms] [LOG] [Fast Refresh] rebuilding @ http://localhost:3000/_next/static/chunks/5d2cf_next_dist_4ad02d79._.js:2297
[25520681ms] [LOG] [Fast Refresh] done in 128ms @ http://localhost:3000/_next/static/chunks/5d2cf_next_dist_4ad02d79._.js:2297
[25624369ms] [LOG] [Fast Refresh] rebuilding @ http://localhost:3000/_next/static/chunks/5d2cf_next_dist_4ad02d79._.js:2297
[25624400ms] [LOG] [Fast Refresh] done in 136ms @ http://localhost:3000/_next/static/chunks/5d2cf_next_dist_4ad02d79._.js:2297
