[     118ms] [INFO] %cDownload the React DevTools for a better development experience: https://react.dev/link/react-devtools font-weight:bold @ http://localhost:3000/_next/static/chunks/5d2cf_next_dist_4ad02d79._.js:2297
[     138ms] [LOG] [HMR] connected @ http://localhost:3000/_next/static/chunks/5d2cf_next_dist_4ad02d79._.js:2297
[   38103ms] RangeError: Invalid time value
    at format (http://localhost:3000/_next/static/chunks/node_modules__pnpm_9797c08d._.js:14142:15)
    at cell (http://localhost:3000/_next/static/chunks/_621ab97e._.js:4037:254)
    at Object.react_stack_bottom_frame (http://localhost:3000/_next/static/chunks/5d2cf_next_dist_compiled_react-dom_8e8691bf._.js:14826:24)
    at renderWithHooks (http://localhost:3000/_next/static/chunks/5d2cf_next_dist_compiled_react-dom_8e8691bf._.js:4651:24)
    at updateFunctionComponent (http://localhost:3000/_next/static/chunks/5d2cf_next_dist_compiled_react-dom_8e8691bf._.js:6112:21)
    at beginWork (http://localhost:3000/_next/static/chunks/5d2cf_next_dist_compiled_react-dom_8e8691bf._.js:6708:24)
    at runWithFiberInDEV (http://localhost:3000/_next/static/chunks/5d2cf_next_dist_compiled_react-dom_8e8691bf._.js:965:74)
    at performUnitOfWork (http://localhost:3000/_next/static/chunks/5d2cf_next_dist_compiled_react-dom_8e8691bf._.js:9562:97)
    at workLoopSync (http://localhost:3000/_next/static/chunks/5d2cf_next_dist_compiled_react-dom_8e8691bf._.js:9456:40)
    at renderRootSync (http://localhost:3000/_next/static/chunks/5d2cf_next_dist_compiled_react-dom_8e8691bf._.js:9440:13)
    at performWorkOnRoot (http://localhost:3000/_next/static/chunks/5d2cf_next_dist_compiled_react-dom_8e8691bf._.js:9105:47)
    at performSyncWorkOnRoot (http://localhost:3000/_next/static/chunks/5d2cf_next_dist_compiled_react-dom_8e8691bf._.js:10238:9)
    at flushSyncWorkAcrossRoots_impl (http://localhost:3000/_next/static/chunks/5d2cf_next_dist_compiled_react-dom_8e8691bf._.js:10154:316)
    at flushSpawnedWork (http://localhost:3000/_next/static/chunks/5d2cf_next_dist_compiled_react-dom_8e8691bf._.js:9914:13)
    at commitRoot (http://localhost:3000/_next/static/chunks/5d2cf_next_dist_compiled_react-dom_8e8691bf._.js:9720:432)
    at commitRootWhenReady (http://localhost:3000/_next/static/chunks/5d2cf_next_dist_compiled_react-dom_8e8691bf._.js:9194:9)
    at performWorkOnRoot (http://localhost:3000/_next/static/chunks/5d2cf_next_dist_compiled_react-dom_8e8691bf._.js:9166:25)
    at performWorkOnRootViaSchedulerTask (http://localhost:3000/_next/static/chunks/5d2cf_next_dist_compiled_react-dom_8e8691bf._.js:10230:9)
    at MessagePort.performWorkUntilDeadline (http://localhost:3000/_next/static/chunks/5d2cf_next_dist_compiled_24abeeee._.js:2647:64)
[   79509ms] [LOG] [Fast Refresh] rebuilding @ http://localhost:3000/_next/static/chunks/5d2cf_next_dist_4ad02d79._.js:2297
[   79885ms] [WARNING] [Fast Refresh] performing full reload because your application had an unrecoverable error @ http://localhost:3000/_next/static/chunks/5d2cf_next_dist_4ad02d79._.js:2297
[   80017ms] [LOG] [Fast Refresh] done in 471ms @ http://localhost:3000/_next/static/chunks/5d2cf_next_dist_4ad02d79._.js:2297
[   80249ms] [INFO] %cDownload the React DevTools for a better development experience: https://react.dev/link/react-devtools font-weight:bold @ http://localhost:3000/_next/static/chunks/5d2cf_next_dist_4ad02d79._.js:2297
[   80270ms] [LOG] [HMR] connected @ http://localhost:3000/_next/static/chunks/5d2cf_next_dist_4ad02d79._.js:2297
