[     137ms] [INFO] %cDownload the React DevTools for a better development experience: https://react.dev/link/react-devtools font-weight:bold @ http://localhost:3000/_next/static/chunks/5d2cf_next_dist_4ad02d79._.js:2297
[     165ms] [LOG] [HMR] connected @ http://localhost:3000/_next/static/chunks/5d2cf_next_dist_4ad02d79._.js:2297
[  457662ms] [ERROR] WebSocket connection to 'ws://localhost:3000/_next/webpack-hmr?id=PCTnbqU2Mqnbk1Bb1yOSM' failed: Error in connection establishment: net::ERR_CONNECTION_REFUSED @ http://localhost:3000/_next/static/chunks/5d2cf_next_dist_client_a690c487._.js:10878
[  458670ms] [LOG] [HMR] connected @ http://localhost:3000/_next/static/chunks/5d2cf_next_dist_4ad02d79._.js:2297
[  459233ms] [INFO] %cDownload the React DevTools for a better development experience: https://react.dev/link/react-devtools font-weight:bold @ http://localhost:3000/_next/static/chunks/5d2cf_next_dist_4ad02d79._.js:2297
[  459261ms] [LOG] [HMR] connected @ http://localhost:3000/_next/static/chunks/5d2cf_next_dist_4ad02d79._.js:2297
[  465491ms] [LOG] [Fast Refresh] rebuilding @ http://localhost:3000/_next/static/chunks/5d2cf_next_dist_4ad02d79._.js:2297
[  465586ms] [LOG] [Fast Refresh] done in 195ms @ http://localhost:3000/_next/static/chunks/5d2cf_next_dist_4ad02d79._.js:2297
[  497701ms] [LOG] [Fast Refresh] rebuilding @ http://localhost:3000/_next/static/chunks/5d2cf_next_dist_4ad02d79._.js:2297
[  497857ms] [LOG] [Fast Refresh] done in 257ms @ http://localhost:3000/_next/static/chunks/5d2cf_next_dist_4ad02d79._.js:2297
[  506367ms] [LOG] [Fast Refresh] rebuilding @ http://localhost:3000/_next/static/chunks/5d2cf_next_dist_4ad02d79._.js:2297
[  506481ms] [LOG] [Fast Refresh] done in 213ms @ http://localhost:3000/_next/static/chunks/5d2cf_next_dist_4ad02d79._.js:2297
[  507795ms] [LOG] [Fast Refresh] rebuilding @ http://localhost:3000/_next/static/chunks/5d2cf_next_dist_4ad02d79._.js:2297
[  507836ms] [LOG] [Fast Refresh] done in 141ms @ http://localhost:3000/_next/static/chunks/5d2cf_next_dist_4ad02d79._.js:2297
[  914369ms] [LOG] [Fast Refresh] rebuilding @ http://localhost:3000/_next/static/chunks/5d2cf_next_dist_4ad02d79._.js:2297
[  914402ms] [LOG] [Fast Refresh] done in 132ms @ http://localhost:3000/_next/static/chunks/5d2cf_next_dist_4ad02d79._.js:2297
[ 2940800ms] [LOG] [Fast Refresh] rebuilding @ http://localhost:3000/_next/static/chunks/5d2cf_next_dist_4ad02d79._.js:2297
[ 2940828ms] [LOG] [Fast Refresh] done in 128ms @ http://localhost:3000/_next/static/chunks/5d2cf_next_dist_4ad02d79._.js:2297
[ 2945720ms] [LOG] [Fast Refresh] rebuilding @ http://localhost:3000/_next/static/chunks/5d2cf_next_dist_4ad02d79._.js:2297
[ 2946039ms] [LOG] [Fast Refresh] done in 420ms @ http://localhost:3000/_next/static/chunks/5d2cf_next_dist_4ad02d79._.js:2297
[ 2952542ms] [LOG] [Fast Refresh] rebuilding @ http://localhost:3000/_next/static/chunks/5d2cf_next_dist_4ad02d79._.js:2297
[ 2952555ms] [LOG] [Fast Refresh] done in 113ms @ http://localhost:3000/_next/static/chunks/5d2cf_next_dist_4ad02d79._.js:2297
[ 2956602ms] [LOG] [Fast Refresh] rebuilding @ http://localhost:3000/_next/static/chunks/5d2cf_next_dist_4ad02d79._.js:2297
[ 2956718ms] [LOG] [Fast Refresh] done in 65ms @ http://localhost:3000/_next/static/chunks/5d2cf_next_dist_4ad02d79._.js:2297
[ 2993971ms] [LOG] [Fast Refresh] rebuilding @ http://localhost:3000/_next/static/chunks/5d2cf_next_dist_4ad02d79._.js:2297
[ 2994077ms] [LOG] [Fast Refresh] done in 47ms @ http://localhost:3000/_next/static/chunks/5d2cf_next_dist_4ad02d79._.js:2297
[ 2994854ms] [LOG] [Fast Refresh] rebuilding @ http://localhost:3000/_next/static/chunks/5d2cf_next_dist_4ad02d79._.js:2297
[ 2994883ms] [LOG] [Fast Refresh] done in 50ms @ http://localhost:3000/_next/static/chunks/5d2cf_next_dist_4ad02d79._.js:2297
[ 2996188ms] [LOG] [Fast Refresh] rebuilding @ http://localhost:3000/_next/static/chunks/5d2cf_next_dist_4ad02d79._.js:2297
[ 2996319ms] [LOG] [Fast Refresh] done in 43ms @ http://localhost:3000/_next/static/chunks/5d2cf_next_dist_4ad02d79._.js:2297
[ 2997064ms] [LOG] [Fast Refresh] rebuilding @ http://localhost:3000/_next/static/chunks/5d2cf_next_dist_4ad02d79._.js:2297
[ 2997171ms] [LOG] [Fast Refresh] done in 33ms @ http://localhost:3000/_next/static/chunks/5d2cf_next_dist_4ad02d79._.js:2297
[ 2998396ms] [LOG] [Fast Refresh] rebuilding @ http://localhost:3000/_next/static/chunks/5d2cf_next_dist_4ad02d79._.js:2297
[ 2998502ms] [LOG] [Fast Refresh] done in 40ms @ http://localhost:3000/_next/static/chunks/5d2cf_next_dist_4ad02d79._.js:2297
[ 2999696ms] [LOG] [Fast Refresh] rebuilding @ http://localhost:3000/_next/static/chunks/5d2cf_next_dist_4ad02d79._.js:2297
[ 2999806ms] [LOG] [Fast Refresh] done in 33ms @ http://localhost:3000/_next/static/chunks/5d2cf_next_dist_4ad02d79._.js:2297
[ 5713107ms] [LOG] [Fast Refresh] rebuilding @ http://localhost:3000/_next/static/chunks/5d2cf_next_dist_4ad02d79._.js:2297
[ 5713110ms] [LOG] [Fast Refresh] done in 103ms @ http://localhost:3000/_next/static/chunks/5d2cf_next_dist_4ad02d79._.js:2297
[ 5743085ms] [LOG] [Fast Refresh] rebuilding @ http://localhost:3000/_next/static/chunks/5d2cf_next_dist_4ad02d79._.js:2297
[ 5743324ms] [LOG] [Fast Refresh] done in 70ms @ http://localhost:3000/_next/static/chunks/5d2cf_next_dist_4ad02d79._.js:2297
[ 5743610ms] [LOG] [Fast Refresh] rebuilding @ http://localhost:3000/_next/static/chunks/5d2cf_next_dist_4ad02d79._.js:2297
[ 5743774ms] [LOG] [Fast Refresh] done in 265ms @ http://localhost:3000/_next/static/chunks/5d2cf_next_dist_4ad02d79._.js:2297
[ 5744108ms] [LOG] [Fast Refresh] rebuilding @ http://localhost:3000/_next/static/chunks/5d2cf_next_dist_4ad02d79._.js:2297
[ 5744146ms] [LOG] [Fast Refresh] done in 139ms @ http://localhost:3000/_next/static/chunks/5d2cf_next_dist_4ad02d79._.js:2297
[ 5744445ms] [LOG] [Fast Refresh] rebuilding @ http://localhost:3000/_next/static/chunks/5d2cf_next_dist_4ad02d79._.js:2297
[ 5744509ms] [LOG] [Fast Refresh] done in 180ms @ http://localhost:3000/_next/static/chunks/5d2cf_next_dist_4ad02d79._.js:2297
[ 5754249ms] [LOG] [Fast Refresh] rebuilding @ http://localhost:3000/_next/static/chunks/5d2cf_next_dist_4ad02d79._.js:2297
[ 5754466ms] [LOG] [Fast Refresh] done in 54ms @ http://localhost:3000/_next/static/chunks/5d2cf_next_dist_4ad02d79._.js:2297
[ 5754837ms] [LOG] [Fast Refresh] rebuilding @ http://localhost:3000/_next/static/chunks/5d2cf_next_dist_4ad02d79._.js:2297
[ 5754967ms] [LOG] [Fast Refresh] done in 235ms @ http://localhost:3000/_next/static/chunks/5d2cf_next_dist_4ad02d79._.js:2297
[ 5755199ms] [LOG] [Fast Refresh] rebuilding @ http://localhost:3000/_next/static/chunks/5d2cf_next_dist_4ad02d79._.js:2297
[ 5755265ms] [LOG] [Fast Refresh] done in 171ms @ http://localhost:3000/_next/static/chunks/5d2cf_next_dist_4ad02d79._.js:2297
[ 5755413ms] [LOG] [Fast Refresh] rebuilding @ http://localhost:3000/_next/static/chunks/5d2cf_next_dist_4ad02d79._.js:2297
[ 5755425ms] [LOG] [Fast Refresh] done in 112ms @ http://localhost:3000/_next/static/chunks/5d2cf_next_dist_4ad02d79._.js:2297
[ 5755648ms] [LOG] [Fast Refresh] rebuilding @ http://localhost:3000/_next/static/chunks/5d2cf_next_dist_4ad02d79._.js:2297
[ 5755726ms] [LOG] [Fast Refresh] done in 179ms @ http://localhost:3000/_next/static/chunks/5d2cf_next_dist_4ad02d79._.js:2297
[ 5765894ms] [LOG] [Fast Refresh] rebuilding @ http://localhost:3000/_next/static/chunks/5d2cf_next_dist_4ad02d79._.js:2297
[ 5766121ms] [LOG] [Fast Refresh] done in 61ms @ http://localhost:3000/_next/static/chunks/5d2cf_next_dist_4ad02d79._.js:2297
[ 5766496ms] [LOG] [Fast Refresh] rebuilding @ http://localhost:3000/_next/static/chunks/5d2cf_next_dist_4ad02d79._.js:2297
[ 5766529ms] [LOG] [Fast Refresh] done in 135ms @ http://localhost:3000/_next/static/chunks/5d2cf_next_dist_4ad02d79._.js:2297
[ 5766850ms] [LOG] [Fast Refresh] rebuilding @ http://localhost:3000/_next/static/chunks/5d2cf_next_dist_4ad02d79._.js:2297
[ 5766899ms] [LOG] [Fast Refresh] done in 149ms @ http://localhost:3000/_next/static/chunks/5d2cf_next_dist_4ad02d79._.js:2297
[ 5767025ms] [LOG] [Fast Refresh] rebuilding @ http://localhost:3000/_next/static/chunks/5d2cf_next_dist_4ad02d79._.js:2297
[ 5767094ms] [LOG] [Fast Refresh] done in 169ms @ http://localhost:3000/_next/static/chunks/5d2cf_next_dist_4ad02d79._.js:2297
[ 5767211ms] [LOG] [Fast Refresh] rebuilding @ http://localhost:3000/_next/static/chunks/5d2cf_next_dist_4ad02d79._.js:2297
[ 5767348ms] [LOG] [Fast Refresh] done in 250ms @ http://localhost:3000/_next/static/chunks/5d2cf_next_dist_4ad02d79._.js:2297
[ 5790341ms] [LOG] [Fast Refresh] rebuilding @ http://localhost:3000/_next/static/chunks/5d2cf_next_dist_4ad02d79._.js:2297
[ 5790624ms] [LOG] [Fast Refresh] done in 77ms @ http://localhost:3000/_next/static/chunks/5d2cf_next_dist_4ad02d79._.js:2297
[ 5791012ms] [LOG] [Fast Refresh] rebuilding @ http://localhost:3000/_next/static/chunks/5d2cf_next_dist_4ad02d79._.js:2297
[ 5791127ms] [LOG] [Fast Refresh] done in 216ms @ http://localhost:3000/_next/static/chunks/5d2cf_next_dist_4ad02d79._.js:2297
[ 5791385ms] [LOG] [Fast Refresh] rebuilding @ http://localhost:3000/_next/static/chunks/5d2cf_next_dist_4ad02d79._.js:2297
[ 5791464ms] [LOG] [Fast Refresh] done in 180ms @ http://localhost:3000/_next/static/chunks/5d2cf_next_dist_4ad02d79._.js:2297
[ 5791761ms] [LOG] [Fast Refresh] rebuilding @ http://localhost:3000/_next/static/chunks/5d2cf_next_dist_4ad02d79._.js:2297
[ 5791799ms] [LOG] [Fast Refresh] done in 159ms @ http://localhost:3000/_next/static/chunks/5d2cf_next_dist_4ad02d79._.js:2297
[ 5791903ms] [LOG] [Fast Refresh] rebuilding @ http://localhost:3000/_next/static/chunks/5d2cf_next_dist_4ad02d79._.js:2297
[ 5792046ms] [LOG] [Fast Refresh] done in 246ms @ http://localhost:3000/_next/static/chunks/5d2cf_next_dist_4ad02d79._.js:2297
[ 5794380ms] [LOG] [Fast Refresh] rebuilding @ http://localhost:3000/_next/static/chunks/5d2cf_next_dist_4ad02d79._.js:2297
[ 5794483ms] [LOG] [Fast Refresh] done in 68ms @ http://localhost:3000/_next/static/chunks/5d2cf_next_dist_4ad02d79._.js:2297
[ 5794611ms] [LOG] [Fast Refresh] rebuilding @ http://localhost:3000/_next/static/chunks/5d2cf_next_dist_4ad02d79._.js:2297
[ 5794659ms] [LOG] [Fast Refresh] done in 147ms @ http://localhost:3000/_next/static/chunks/5d2cf_next_dist_4ad02d79._.js:2297
[ 5794914ms] [LOG] [Fast Refresh] rebuilding @ http://localhost:3000/_next/static/chunks/5d2cf_next_dist_4ad02d79._.js:2297
[ 5794952ms] [LOG] [Fast Refresh] done in 155ms @ http://localhost:3000/_next/static/chunks/5d2cf_next_dist_4ad02d79._.js:2297
[ 5795769ms] [LOG] [Fast Refresh] rebuilding @ http://localhost:3000/_next/static/chunks/5d2cf_next_dist_4ad02d79._.js:2297
[ 5796032ms] [LOG] [Fast Refresh] done in 360ms @ http://localhost:3000/_next/static/chunks/5d2cf_next_dist_4ad02d79._.js:2297
[ 5796694ms] [INFO] %cDownload the React DevTools for a better development experience: https://react.dev/link/react-devtools font-weight:bold @ http://localhost:3000/_next/static/chunks/5d2cf_next_dist_4ad02d79._.js:2297
[ 5796728ms] [LOG] [HMR] connected @ http://localhost:3000/_next/static/chunks/5d2cf_next_dist_4ad02d79._.js:2297
[ 5799281ms] [LOG] [Fast Refresh] rebuilding @ http://localhost:3000/_next/static/chunks/5d2cf_next_dist_4ad02d79._.js:2297
[ 5799414ms] [ERROR] ./components/app-sidebar.tsx:66:28
Parsing ecmascript source code failed
  64 |       title: "Settings",
  65 |       url: "/settings",
> 66 |       icon: <Settings2Icon />,
     |                            ^
  67 |     },
  68 |   ],
  69 | }

Expected ',', got '/'

Import trace:
  Server Component:
    ./components/app-sidebar.tsx
    ./app/dashboard/page.tsx @ http://localhost:3000/_next/static/chunks/5d2cf_next_dist_4ad02d79._.js:3127
[ 5804980ms] [LOG] [Fast Refresh] rebuilding @ http://localhost:3000/_next/static/chunks/5d2cf_next_dist_4ad02d79._.js:2297
[ 5805001ms] [WARNING] [HMR] Invalid message: {"isTrusted":true}
TypeError: Cannot convert undefined or null to object
    at Object.keys (<anonymous>)
    at extractModulesFromTurbopackMessage (http://localhost:3000/_next/static/chunks/5d2cf_next_dist_client_a690c487._.js:11210:39)
    at TurbopackHmr.onTurbopackMessage (http://localhost:3000/_next/static/chunks/5d2cf_next_dist_client_a690c487._.js:11157:32)
    at processMessage (http://localhost:3000/_next/static/chunks/5d2cf_next_dist_client_a690c487._.js:11589:30)
    at WebSocket.handleMessage (http://localhost:3000/_next/static/chunks/5d2cf_next_dist_client_a690c487._.js:10914:52) @ http://localhost:3000/_next/static/chunks/5d2cf_next_dist_4ad02d79._.js:2297
[ 5805086ms] [LOG] [Fast Refresh] done in 107ms @ http://localhost:3000/_next/static/chunks/5d2cf_next_dist_4ad02d79._.js:2297
[ 5805200ms] [LOG] [Fast Refresh] rebuilding @ http://localhost:3000/_next/static/chunks/5d2cf_next_dist_4ad02d79._.js:2297
[ 5805297ms] [LOG] [Fast Refresh] done in 197ms @ http://localhost:3000/_next/static/chunks/5d2cf_next_dist_4ad02d79._.js:2297
[ 5805492ms] [LOG] [Fast Refresh] rebuilding @ http://localhost:3000/_next/static/chunks/5d2cf_next_dist_4ad02d79._.js:2297
[ 5805563ms] [LOG] [Fast Refresh] done in 172ms @ http://localhost:3000/_next/static/chunks/5d2cf_next_dist_4ad02d79._.js:2297
[ 5808948ms] [LOG] [Fast Refresh] rebuilding @ http://localhost:3000/_next/static/chunks/5d2cf_next_dist_4ad02d79._.js:2297
[ 5808962ms] ReferenceError: data is not defined
    at AppSidebar (http://localhost:3000/_next/static/chunks/_dcb14797._.js?id=%255Bproject%255D%252Fcomponents%252Fapp-sidebar.tsx+%255Bapp-client%255D+%2528ecmascript%2529:206:27)
    at Object.react_stack_bottom_frame (http://localhost:3000/_next/static/chunks/5d2cf_next_dist_compiled_react-dom_8e8691bf._.js:14826:24)
    at renderWithHooks (http://localhost:3000/_next/static/chunks/5d2cf_next_dist_compiled_react-dom_8e8691bf._.js:4651:24)
    at updateFunctionComponent (http://localhost:3000/_next/static/chunks/5d2cf_next_dist_compiled_react-dom_8e8691bf._.js:6112:21)
    at beginWork (http://localhost:3000/_next/static/chunks/5d2cf_next_dist_compiled_react-dom_8e8691bf._.js:6708:24)
    at runWithFiberInDEV (http://localhost:3000/_next/static/chunks/5d2cf_next_dist_compiled_react-dom_8e8691bf._.js:965:74)
    at performUnitOfWork (http://localhost:3000/_next/static/chunks/5d2cf_next_dist_compiled_react-dom_8e8691bf._.js:9562:97)
    at workLoopSync (http://localhost:3000/_next/static/chunks/5d2cf_next_dist_compiled_react-dom_8e8691bf._.js:9456:40)
    at renderRootSync (http://localhost:3000/_next/static/chunks/5d2cf_next_dist_compiled_react-dom_8e8691bf._.js:9440:13)
    at performWorkOnRoot (http://localhost:3000/_next/static/chunks/5d2cf_next_dist_compiled_react-dom_8e8691bf._.js:9105:47)
    at performSyncWorkOnRoot (http://localhost:3000/_next/static/chunks/5d2cf_next_dist_compiled_react-dom_8e8691bf._.js:10238:9)
    at flushSyncWorkAcrossRoots_impl (http://localhost:3000/_next/static/chunks/5d2cf_next_dist_compiled_react-dom_8e8691bf._.js:10154:316)
    at flushSyncWork$1 (http://localhost:3000/_next/static/chunks/5d2cf_next_dist_compiled_react-dom_8e8691bf._.js:9237:86)
    at Object.scheduleRefresh (http://localhost:3000/_next/static/chunks/5d2cf_next_dist_compiled_react-dom_8e8691bf._.js:299:13)
    at http://localhost:3000/_next/static/chunks/5d2cf_next_dist_compiled_24abeeee._.js:391:33
    at Set.forEach (<anonymous>)
    at Object.performReactRefresh (http://localhost:3000/_next/static/chunks/5d2cf_next_dist_compiled_24abeeee._.js:384:38)
    at applyUpdate (http://localhost:3000/_next/static/chunks/5d2cf_next_dist_compiled_24abeeee._.js:878:31)
    at http://localhost:3000/_next/static/chunks/5d2cf_next_dist_compiled_24abeeee._.js:886:13
[ 5808979ms] [LOG] [Fast Refresh] done in 75ms @ http://localhost:3000/_next/static/chunks/5d2cf_next_dist_4ad02d79._.js:2297
[ 5810895ms] [LOG] [Fast Refresh] rebuilding @ http://localhost:3000/_next/static/chunks/5d2cf_next_dist_4ad02d79._.js:2297
[ 5810898ms] [WARNING] [Fast Refresh] performing full reload because your application had an unrecoverable error @ http://localhost:3000/_next/static/chunks/5d2cf_next_dist_4ad02d79._.js:2297
[ 5811084ms] [LOG] [Fast Refresh] done in 49ms @ http://localhost:3000/_next/static/chunks/5d2cf_next_dist_4ad02d79._.js:2297
[ 5811585ms] [INFO] %cDownload the React DevTools for a better development experience: https://react.dev/link/react-devtools font-weight:bold @ http://localhost:3000/_next/static/chunks/5d2cf_next_dist_4ad02d79._.js:2297
[ 5811617ms] [LOG] [HMR] connected @ http://localhost:3000/_next/static/chunks/5d2cf_next_dist_4ad02d79._.js:2297
[ 5817064ms] [LOG] [Fast Refresh] rebuilding @ http://localhost:3000/_next/static/chunks/5d2cf_next_dist_4ad02d79._.js:2297
[ 5817074ms] ReferenceError: CreditCardIcon is not defined
    at NavUser (http://localhost:3000/_next/static/chunks/_dcb14797._.js?id=%255Bproject%255D%252Fcomponents%252Fnav-user.tsx+%255Bapp-client%255D+%2528ecmascript%2529:198:409)
    at Object.react_stack_bottom_frame (http://localhost:3000/_next/static/chunks/5d2cf_next_dist_compiled_react-dom_8e8691bf._.js:14826:24)
    at renderWithHooks (http://localhost:3000/_next/static/chunks/5d2cf_next_dist_compiled_react-dom_8e8691bf._.js:4651:24)
    at updateFunctionComponent (http://localhost:3000/_next/static/chunks/5d2cf_next_dist_compiled_react-dom_8e8691bf._.js:6112:21)
    at beginWork (http://localhost:3000/_next/static/chunks/5d2cf_next_dist_compiled_react-dom_8e8691bf._.js:6708:24)
    at runWithFiberInDEV (http://localhost:3000/_next/static/chunks/5d2cf_next_dist_compiled_react-dom_8e8691bf._.js:965:74)
    at performUnitOfWork (http://localhost:3000/_next/static/chunks/5d2cf_next_dist_compiled_react-dom_8e8691bf._.js:9562:97)
    at workLoopSync (http://localhost:3000/_next/static/chunks/5d2cf_next_dist_compiled_react-dom_8e8691bf._.js:9456:40)
    at renderRootSync (http://localhost:3000/_next/static/chunks/5d2cf_next_dist_compiled_react-dom_8e8691bf._.js:9440:13)
    at performWorkOnRoot (http://localhost:3000/_next/static/chunks/5d2cf_next_dist_compiled_react-dom_8e8691bf._.js:9105:47)
    at performSyncWorkOnRoot (http://localhost:3000/_next/static/chunks/5d2cf_next_dist_compiled_react-dom_8e8691bf._.js:10238:9)
    at flushSyncWorkAcrossRoots_impl (http://localhost:3000/_next/static/chunks/5d2cf_next_dist_compiled_react-dom_8e8691bf._.js:10154:316)
    at flushSyncWork$1 (http://localhost:3000/_next/static/chunks/5d2cf_next_dist_compiled_react-dom_8e8691bf._.js:9237:86)
    at Object.scheduleRefresh (http://localhost:3000/_next/static/chunks/5d2cf_next_dist_compiled_react-dom_8e8691bf._.js:299:13)
    at http://localhost:3000/_next/static/chunks/5d2cf_next_dist_compiled_24abeeee._.js:391:33
    at Set.forEach (<anonymous>)
    at Object.performReactRefresh (http://localhost:3000/_next/static/chunks/5d2cf_next_dist_compiled_24abeeee._.js:384:38)
    at applyUpdate (http://localhost:3000/_next/static/chunks/5d2cf_next_dist_compiled_24abeeee._.js:878:31)
    at http://localhost:3000/_next/static/chunks/5d2cf_next_dist_compiled_24abeeee._.js:886:13
[ 5817077ms] [WARNING] [Fast Refresh] performing full reload because your application had an unrecoverable error @ http://localhost:3000/_next/static/chunks/5d2cf_next_dist_4ad02d79._.js:2297
[ 5817175ms] [LOG] [Fast Refresh] done in 101ms @ http://localhost:3000/_next/static/chunks/5d2cf_next_dist_4ad02d79._.js:2297
[ 5817343ms] [ERROR] Failed to load resource: the server responded with a status of 500 (Internal Server Error) @ http://localhost:3000/dashboard:0
[ 5817382ms] [INFO] %cDownload the React DevTools for a better development experience: https://react.dev/link/react-devtools font-weight:bold @ http://localhost:3000/_next/static/chunks/5d2cf_next_dist_4ad02d79._.js:2297
[ 5817411ms] [LOG] [HMR] connected @ http://localhost:3000/_next/static/chunks/5d2cf_next_dist_4ad02d79._.js:2297
[ 5817473ms] ReferenceError: CreditCardIcon is not defined
    at NavUser (http://localhost:3000/_next/static/chunks/_dcb14797._.js:1942:409)
    at Object.react_stack_bottom_frame (http://localhost:3000/_next/static/chunks/5d2cf_next_dist_compiled_react-dom_8e8691bf._.js:14826:24)
    at renderWithHooks (http://localhost:3000/_next/static/chunks/5d2cf_next_dist_compiled_react-dom_8e8691bf._.js:4651:24)
    at updateFunctionComponent (http://localhost:3000/_next/static/chunks/5d2cf_next_dist_compiled_react-dom_8e8691bf._.js:6112:21)
    at beginWork (http://localhost:3000/_next/static/chunks/5d2cf_next_dist_compiled_react-dom_8e8691bf._.js:6708:24)
    at runWithFiberInDEV (http://localhost:3000/_next/static/chunks/5d2cf_next_dist_compiled_react-dom_8e8691bf._.js:965:74)
    at performUnitOfWork (http://localhost:3000/_next/static/chunks/5d2cf_next_dist_compiled_react-dom_8e8691bf._.js:9562:97)
    at workLoopSync (http://localhost:3000/_next/static/chunks/5d2cf_next_dist_compiled_react-dom_8e8691bf._.js:9456:40)
    at renderRootSync (http://localhost:3000/_next/static/chunks/5d2cf_next_dist_compiled_react-dom_8e8691bf._.js:9440:13)
    at performWorkOnRoot (http://localhost:3000/_next/static/chunks/5d2cf_next_dist_compiled_react-dom_8e8691bf._.js:9105:47)
    at performWorkOnRootViaSchedulerTask (http://localhost:3000/_next/static/chunks/5d2cf_next_dist_compiled_react-dom_8e8691bf._.js:10230:9)
    at MessagePort.performWorkUntilDeadline (http://localhost:3000/_next/static/chunks/5d2cf_next_dist_compiled_24abeeee._.js:2647:64)
[ 5819768ms] [LOG] [Fast Refresh] rebuilding @ http://localhost:3000/_next/static/chunks/5d2cf_next_dist_4ad02d79._.js:2297
[ 5819770ms] [WARNING] [Fast Refresh] performing full reload because your application had an unrecoverable error @ http://localhost:3000/_next/static/chunks/5d2cf_next_dist_4ad02d79._.js:2297
[ 5819776ms] [WARNING] [Fast Refresh] performing full reload because your application had an unrecoverable error @ http://localhost:3000/_next/static/chunks/5d2cf_next_dist_4ad02d79._.js:2297
[ 5819887ms] [LOG] [Fast Refresh] done in 91ms @ http://localhost:3000/_next/static/chunks/5d2cf_next_dist_4ad02d79._.js:2297
[ 5820000ms] [ERROR] Failed to load resource: the server responded with a status of 500 (Internal Server Error) @ http://localhost:3000/dashboard:0
[ 5820348ms] [INFO] %cDownload the React DevTools for a better development experience: https://react.dev/link/react-devtools font-weight:bold @ http://localhost:3000/_next/static/chunks/5d2cf_next_dist_4ad02d79._.js:2297
[ 5820384ms] [LOG] [HMR] connected @ http://localhost:3000/_next/static/chunks/5d2cf_next_dist_4ad02d79._.js:2297
[ 5820464ms] ReferenceError: CreditCardIcon is not defined
    at NavUser (http://localhost:3000/_next/static/chunks/_dcb14797._.js:1953:409)
    at Object.react_stack_bottom_frame (http://localhost:3000/_next/static/chunks/5d2cf_next_dist_compiled_react-dom_8e8691bf._.js:14826:24)
    at renderWithHooks (http://localhost:3000/_next/static/chunks/5d2cf_next_dist_compiled_react-dom_8e8691bf._.js:4651:24)
    at updateFunctionComponent (http://localhost:3000/_next/static/chunks/5d2cf_next_dist_compiled_react-dom_8e8691bf._.js:6112:21)
    at beginWork (http://localhost:3000/_next/static/chunks/5d2cf_next_dist_compiled_react-dom_8e8691bf._.js:6708:24)
    at runWithFiberInDEV (http://localhost:3000/_next/static/chunks/5d2cf_next_dist_compiled_react-dom_8e8691bf._.js:965:74)
    at performUnitOfWork (http://localhost:3000/_next/static/chunks/5d2cf_next_dist_compiled_react-dom_8e8691bf._.js:9562:97)
    at workLoopSync (http://localhost:3000/_next/static/chunks/5d2cf_next_dist_compiled_react-dom_8e8691bf._.js:9456:40)
    at renderRootSync (http://localhost:3000/_next/static/chunks/5d2cf_next_dist_compiled_react-dom_8e8691bf._.js:9440:13)
    at performWorkOnRoot (http://localhost:3000/_next/static/chunks/5d2cf_next_dist_compiled_react-dom_8e8691bf._.js:9105:47)
    at performWorkOnRootViaSchedulerTask (http://localhost:3000/_next/static/chunks/5d2cf_next_dist_compiled_react-dom_8e8691bf._.js:10230:9)
    at MessagePort.performWorkUntilDeadline (http://localhost:3000/_next/static/chunks/5d2cf_next_dist_compiled_24abeeee._.js:2647:64)
[ 5822378ms] [LOG] [Fast Refresh] rebuilding @ http://localhost:3000/_next/static/chunks/5d2cf_next_dist_4ad02d79._.js:2297
[ 5822380ms] [WARNING] [Fast Refresh] performing full reload because your application had an unrecoverable error @ http://localhost:3000/_next/static/chunks/5d2cf_next_dist_4ad02d79._.js:2297
[ 5822488ms] [LOG] [Fast Refresh] done in 41ms @ http://localhost:3000/_next/static/chunks/5d2cf_next_dist_4ad02d79._.js:2297
[ 5822612ms] [ERROR] Failed to load resource: the server responded with a status of 500 (Internal Server Error) @ http://localhost:3000/dashboard:0
[ 5822942ms] [INFO] %cDownload the React DevTools for a better development experience: https://react.dev/link/react-devtools font-weight:bold @ http://localhost:3000/_next/static/chunks/5d2cf_next_dist_4ad02d79._.js:2297
[ 5822975ms] [LOG] [HMR] connected @ http://localhost:3000/_next/static/chunks/5d2cf_next_dist_4ad02d79._.js:2297
[ 5823040ms] ReferenceError: CreditCardIcon is not defined
    at NavUser (http://localhost:3000/_next/static/chunks/_dcb14797._.js:1953:409)
    at Object.react_stack_bottom_frame (http://localhost:3000/_next/static/chunks/5d2cf_next_dist_compiled_react-dom_8e8691bf._.js:14826:24)
    at renderWithHooks (http://localhost:3000/_next/static/chunks/5d2cf_next_dist_compiled_react-dom_8e8691bf._.js:4651:24)
    at updateFunctionComponent (http://localhost:3000/_next/static/chunks/5d2cf_next_dist_compiled_react-dom_8e8691bf._.js:6112:21)
    at beginWork (http://localhost:3000/_next/static/chunks/5d2cf_next_dist_compiled_react-dom_8e8691bf._.js:6708:24)
    at runWithFiberInDEV (http://localhost:3000/_next/static/chunks/5d2cf_next_dist_compiled_react-dom_8e8691bf._.js:965:74)
    at performUnitOfWork (http://localhost:3000/_next/static/chunks/5d2cf_next_dist_compiled_react-dom_8e8691bf._.js:9562:97)
    at workLoopSync (http://localhost:3000/_next/static/chunks/5d2cf_next_dist_compiled_react-dom_8e8691bf._.js:9456:40)
    at renderRootSync (http://localhost:3000/_next/static/chunks/5d2cf_next_dist_compiled_react-dom_8e8691bf._.js:9440:13)
    at performWorkOnRoot (http://localhost:3000/_next/static/chunks/5d2cf_next_dist_compiled_react-dom_8e8691bf._.js:9105:47)
    at performWorkOnRootViaSchedulerTask (http://localhost:3000/_next/static/chunks/5d2cf_next_dist_compiled_react-dom_8e8691bf._.js:10230:9)
    at MessagePort.performWorkUntilDeadline (http://localhost:3000/_next/static/chunks/5d2cf_next_dist_compiled_24abeeee._.js:2647:64)
[ 5824204ms] [LOG] [Fast Refresh] rebuilding @ http://localhost:3000/_next/static/chunks/5d2cf_next_dist_4ad02d79._.js:2297
[ 5824206ms] [WARNING] [Fast Refresh] performing full reload because your application had an unrecoverable error @ http://localhost:3000/_next/static/chunks/5d2cf_next_dist_4ad02d79._.js:2297
[ 5824315ms] [LOG] [Fast Refresh] done in 40ms @ http://localhost:3000/_next/static/chunks/5d2cf_next_dist_4ad02d79._.js:2297
[ 5824431ms] [ERROR] Failed to load resource: the server responded with a status of 500 (Internal Server Error) @ http://localhost:3000/dashboard:0
[ 5824801ms] [INFO] %cDownload the React DevTools for a better development experience: https://react.dev/link/react-devtools font-weight:bold @ http://localhost:3000/_next/static/chunks/5d2cf_next_dist_4ad02d79._.js:2297
[ 5824831ms] [LOG] [HMR] connected @ http://localhost:3000/_next/static/chunks/5d2cf_next_dist_4ad02d79._.js:2297
[ 5824894ms] ReferenceError: CreditCardIcon is not defined
    at NavUser (http://localhost:3000/_next/static/chunks/_dcb14797._.js:1953:409)
    at Object.react_stack_bottom_frame (http://localhost:3000/_next/static/chunks/5d2cf_next_dist_compiled_react-dom_8e8691bf._.js:14826:24)
    at renderWithHooks (http://localhost:3000/_next/static/chunks/5d2cf_next_dist_compiled_react-dom_8e8691bf._.js:4651:24)
    at updateFunctionComponent (http://localhost:3000/_next/static/chunks/5d2cf_next_dist_compiled_react-dom_8e8691bf._.js:6112:21)
    at beginWork (http://localhost:3000/_next/static/chunks/5d2cf_next_dist_compiled_react-dom_8e8691bf._.js:6708:24)
    at runWithFiberInDEV (http://localhost:3000/_next/static/chunks/5d2cf_next_dist_compiled_react-dom_8e8691bf._.js:965:74)
    at performUnitOfWork (http://localhost:3000/_next/static/chunks/5d2cf_next_dist_compiled_react-dom_8e8691bf._.js:9562:97)
    at workLoopSync (http://localhost:3000/_next/static/chunks/5d2cf_next_dist_compiled_react-dom_8e8691bf._.js:9456:40)
    at renderRootSync (http://localhost:3000/_next/static/chunks/5d2cf_next_dist_compiled_react-dom_8e8691bf._.js:9440:13)
    at performWorkOnRoot (http://localhost:3000/_next/static/chunks/5d2cf_next_dist_compiled_react-dom_8e8691bf._.js:9105:47)
    at performWorkOnRootViaSchedulerTask (http://localhost:3000/_next/static/chunks/5d2cf_next_dist_compiled_react-dom_8e8691bf._.js:10230:9)
    at MessagePort.performWorkUntilDeadline (http://localhost:3000/_next/static/chunks/5d2cf_next_dist_compiled_24abeeee._.js:2647:64)
[ 5827916ms] [WARNING] The resource http://localhost:3000/_next/static/chunks/%5Broot-of-the-server%5D__c9eb753c._.css was preloaded using link preload but not used within a few seconds from the window's load event. Please make sure it has an appropriate `as` value and it is preloaded intentionally. @ http://localhost:3000/dashboard:0
[ 5828311ms] [LOG] [Fast Refresh] rebuilding @ http://localhost:3000/_next/static/chunks/5d2cf_next_dist_4ad02d79._.js:2297
[ 5828375ms] [WARNING] [Fast Refresh] performing full reload because your application had an unrecoverable error @ http://localhost:3000/_next/static/chunks/5d2cf_next_dist_4ad02d79._.js:2297
[ 5828382ms] Error: No link element found for chunk /_next/static/chunks/%5Broot-of-the-server%5D__c9eb753c._.css
    at http://localhost:3000/_next/static/chunks/turbopack-_7690c545._.js:1801:28
    at new Promise (<anonymous>)
    at Object.reloadChunk (http://localhost:3000/_next/static/chunks/turbopack-_7690c545._.js:1793:20)
    at applyChunkListUpdate (http://localhost:3000/_next/static/chunks/turbopack-_7690c545._.js:1174:46)
    at applyUpdate (http://localhost:3000/_next/static/chunks/turbopack-_7690c545._.js:1148:13)
    at handleApply (http://localhost:3000/_next/static/chunks/turbopack-_7690c545._.js:1368:17)
    at triggerUpdate (http://localhost:3000/_next/static/chunks/%5Bturbopack%5D_browser_dev_hmr-client_hmr-client_ts_c8c997ce._.js:452:9)
    at applyAggregatedUpdates (http://localhost:3000/_next/static/chunks/%5Bturbopack%5D_browser_dev_hmr-client_hmr-client_ts_c8c997ce._.js:98:9)
    at http://localhost:3000/_next/static/chunks/%5Bturbopack%5D_browser_dev_hmr-client_hmr-client_ts_c8c997ce._.js:32:21
    at processTurbopackMessage (http://localhost:3000/_next/static/chunks/5d2cf_next_dist_client_a690c487._.js:10950:13)
    at processMessage (http://localhost:3000/_next/static/chunks/5d2cf_next_dist_client_a690c487._.js:11591:17)
    at WebSocket.handleMessage (http://localhost:3000/_next/static/chunks/5d2cf_next_dist_client_a690c487._.js:10914:52)
[ 5828694ms] [LOG] [Fast Refresh] done in 164ms @ http://localhost:3000/_next/static/chunks/5d2cf_next_dist_4ad02d79._.js:2297
[ 5828828ms] [WARNING] [Fast Refresh] performing full reload because your application had an unrecoverable error @ http://localhost:3000/_next/static/chunks/5d2cf_next_dist_4ad02d79._.js:2297
[ 5828980ms] [INFO] %cDownload the React DevTools for a better development experience: https://react.dev/link/react-devtools font-weight:bold @ http://localhost:3000/_next/static/chunks/5d2cf_next_dist_4ad02d79._.js:2297
[ 5829022ms] [LOG] [HMR] connected @ http://localhost:3000/_next/static/chunks/5d2cf_next_dist_4ad02d79._.js:2297
[ 5830956ms] [LOG] [Fast Refresh] rebuilding @ http://localhost:3000/_next/static/chunks/5d2cf_next_dist_4ad02d79._.js:2297
[ 5830984ms] [LOG] [Fast Refresh] done in 43ms @ http://localhost:3000/_next/static/chunks/5d2cf_next_dist_4ad02d79._.js:2297
[ 5832314ms] [LOG] [Fast Refresh] rebuilding @ http://localhost:3000/_next/static/chunks/5d2cf_next_dist_4ad02d79._.js:2297
[ 5832348ms] [LOG] [Fast Refresh] done in 69ms @ http://localhost:3000/_next/static/chunks/5d2cf_next_dist_4ad02d79._.js:2297
[ 5836309ms] [LOG] [Fast Refresh] rebuilding @ http://localhost:3000/_next/static/chunks/5d2cf_next_dist_4ad02d79._.js:2297
[ 5836337ms] [LOG] [Fast Refresh] done in 44ms @ http://localhost:3000/_next/static/chunks/5d2cf_next_dist_4ad02d79._.js:2297
[ 5837165ms] [LOG] [Fast Refresh] rebuilding @ http://localhost:3000/_next/static/chunks/5d2cf_next_dist_4ad02d79._.js:2297
[ 5837910ms] [WARNING] [Fast Refresh] performing full reload

Fast Refresh will perform a full reload when you edit a file that's imported by modules outside of the React rendering tree.
You might have a file which exports a React component but also exports a value that is imported by a non-React component file.
Consider migrating the non-React component export to a separate file and importing it into both files.

It is also possible the parent component of the component you edited is a class component, which disables Fast Refresh.
Fast Refresh requires at least one parent function component in your React tree. @ http://localhost:3000/_next/static/chunks/5d2cf_next_dist_4ad02d79._.js:2297
[ 5837912ms] [LOG] [Fast Refresh] done in 757ms @ http://localhost:3000/_next/static/chunks/5d2cf_next_dist_4ad02d79._.js:2297
[ 5838026ms] [LOG] [Fast Refresh] rebuilding @ http://localhost:3000/_next/static/chunks/5d2cf_next_dist_4ad02d79._.js:2297
[ 5838062ms] [LOG] [Fast Refresh] done in 136ms @ http://localhost:3000/_next/static/chunks/5d2cf_next_dist_4ad02d79._.js:2297
[ 5838345ms] [INFO] %cDownload the React DevTools for a better development experience: https://react.dev/link/react-devtools font-weight:bold @ http://localhost:3000/_next/static/chunks/5d2cf_next_dist_4ad02d79._.js:2297
[ 5838375ms] [LOG] [HMR] connected @ http://localhost:3000/_next/static/chunks/5d2cf_next_dist_4ad02d79._.js:2297
[ 6343942ms] [ERROR] WebSocket connection to 'ws://localhost:3000/_next/webpack-hmr?id=IoCbkdmbVsE8APMF1A1wx' failed: Error in connection establishment: net::ERR_CONNECTION_REFUSED @ http://localhost:3000/_next/static/chunks/5d2cf_next_dist_client_a690c487._.js:10878
[ 6344944ms] [ERROR] WebSocket connection to 'ws://localhost:3000/_next/webpack-hmr?id=IoCbkdmbVsE8APMF1A1wx' failed: Error in connection establishment: net::ERR_CONNECTION_REFUSED @ http://localhost:3000/_next/static/chunks/5d2cf_next_dist_client_a690c487._.js:10878
[ 6345946ms] [ERROR] WebSocket connection to 'ws://localhost:3000/_next/webpack-hmr?id=IoCbkdmbVsE8APMF1A1wx' failed: Error in connection establishment: net::ERR_CONNECTION_REFUSED @ http://localhost:3000/_next/static/chunks/5d2cf_next_dist_client_a690c487._.js:10878
[ 6346948ms] [ERROR] WebSocket connection to 'ws://localhost:3000/_next/webpack-hmr?id=IoCbkdmbVsE8APMF1A1wx' failed: Error in connection establishment: net::ERR_CONNECTION_REFUSED @ http://localhost:3000/_next/static/chunks/5d2cf_next_dist_client_a690c487._.js:10878
[ 6347952ms] [ERROR] WebSocket connection to 'ws://localhost:3000/_next/webpack-hmr?id=IoCbkdmbVsE8APMF1A1wx' failed: Error in connection establishment: net::ERR_CONNECTION_REFUSED @ http://localhost:3000/_next/static/chunks/5d2cf_next_dist_client_a690c487._.js:10878
[ 6352955ms] [LOG] [HMR] connected @ http://localhost:3000/_next/static/chunks/5d2cf_next_dist_4ad02d79._.js:2297
[ 6353180ms] [INFO] %cDownload the React DevTools for a better development experience: https://react.dev/link/react-devtools font-weight:bold @ http://localhost:3000/_next/static/chunks/5d2cf_next_dist_4ad02d79._.js:2297
[ 6353207ms] [LOG] [HMR] connected @ http://localhost:3000/_next/static/chunks/5d2cf_next_dist_4ad02d79._.js:2297
[ 6371272ms] [LOG] [Fast Refresh] rebuilding @ http://localhost:3000/_next/static/chunks/5d2cf_next_dist_4ad02d79._.js:2297
[ 6372243ms] [LOG] [Fast Refresh] done in 1071ms @ http://localhost:3000/_next/static/chunks/5d2cf_next_dist_4ad02d79._.js:2297
[ 6442402ms] [LOG] [Fast Refresh] rebuilding @ http://localhost:3000/_next/static/chunks/5d2cf_next_dist_4ad02d79._.js:2297
[ 6442787ms] [LOG] [Fast Refresh] done in 450ms @ http://localhost:3000/_next/static/chunks/5d2cf_next_dist_4ad02d79._.js:2297
[ 6456854ms] [LOG] [Fast Refresh] rebuilding @ http://localhost:3000/_next/static/chunks/5d2cf_next_dist_4ad02d79._.js:2297
[ 6457053ms] [LOG] [Fast Refresh] done in 70ms @ http://localhost:3000/_next/static/chunks/5d2cf_next_dist_4ad02d79._.js:2297
[ 6614120ms] [LOG] [Fast Refresh] rebuilding @ http://localhost:3000/_next/static/chunks/5d2cf_next_dist_4ad02d79._.js:2297
[ 6614132ms] [LOG] [Fast Refresh] done in 112ms @ http://localhost:3000/_next/static/chunks/5d2cf_next_dist_4ad02d79._.js:2297
[ 6616374ms] [LOG] [Fast Refresh] rebuilding @ http://localhost:3000/_next/static/chunks/5d2cf_next_dist_4ad02d79._.js:2297
[ 6616544ms] [LOG] [Fast Refresh] done in 270ms @ http://localhost:3000/_next/static/chunks/5d2cf_next_dist_4ad02d79._.js:2297
[ 6665782ms] [LOG] [Fast Refresh] rebuilding @ http://localhost:3000/_next/static/chunks/5d2cf_next_dist_4ad02d79._.js:2297
[ 6665811ms] [LOG] [Fast Refresh] done in 60ms @ http://localhost:3000/_next/static/chunks/5d2cf_next_dist_4ad02d79._.js:2297
[ 6714354ms] [LOG] [Fast Refresh] rebuilding @ http://localhost:3000/_next/static/chunks/5d2cf_next_dist_4ad02d79._.js:2297
[ 6714362ms] [LOG] [Fast Refresh] done in 108ms @ http://localhost:3000/_next/static/chunks/5d2cf_next_dist_4ad02d79._.js:2297
[ 6838151ms] [LOG] [Fast Refresh] rebuilding @ http://localhost:3000/_next/static/chunks/5d2cf_next_dist_4ad02d79._.js:2297
[ 6838180ms] [LOG] [Fast Refresh] done in 58ms @ http://localhost:3000/_next/static/chunks/5d2cf_next_dist_4ad02d79._.js:2297
[ 6876396ms] [LOG] [Fast Refresh] rebuilding @ http://localhost:3000/_next/static/chunks/5d2cf_next_dist_4ad02d79._.js:2297
[ 6876809ms] [LOG] [Fast Refresh] done in 514ms @ http://localhost:3000/_next/static/chunks/5d2cf_next_dist_4ad02d79._.js:2297
[ 6876910ms] [LOG] [Fast Refresh] rebuilding @ http://localhost:3000/_next/static/chunks/5d2cf_next_dist_4ad02d79._.js:2297
[ 6876915ms] [LOG] [Fast Refresh] done in 106ms @ http://localhost:3000/_next/static/chunks/5d2cf_next_dist_4ad02d79._.js:2297
[ 6884819ms] [LOG] [Fast Refresh] rebuilding @ http://localhost:3000/_next/static/chunks/5d2cf_next_dist_4ad02d79._.js:2297
[ 6885088ms] [LOG] [Fast Refresh] done in 369ms @ http://localhost:3000/_next/static/chunks/5d2cf_next_dist_4ad02d79._.js:2297
[ 7435996ms] [LOG] [Fast Refresh] rebuilding @ http://localhost:3000/_next/static/chunks/5d2cf_next_dist_4ad02d79._.js:2297
[ 7436292ms] [LOG] [Fast Refresh] done in 396ms @ http://localhost:3000/_next/static/chunks/5d2cf_next_dist_4ad02d79._.js:2297
[ 7437601ms] [LOG] [Fast Refresh] rebuilding @ http://localhost:3000/_next/static/chunks/5d2cf_next_dist_4ad02d79._.js:2297
[ 7437611ms] [LOG] [Fast Refresh] done in 111ms @ http://localhost:3000/_next/static/chunks/5d2cf_next_dist_4ad02d79._.js:2297
[ 7453629ms] [LOG] [Fast Refresh] rebuilding @ http://localhost:3000/_next/static/chunks/5d2cf_next_dist_4ad02d79._.js:2297
[ 7453705ms] [WARNING] [Fast Refresh] performing full reload

Fast Refresh will perform a full reload when you edit a file that's imported by modules outside of the React rendering tree.
You might have a file which exports a React component but also exports a value that is imported by a non-React component file.
Consider migrating the non-React component export to a separate file and importing it into both files.

It is also possible the parent component of the component you edited is a class component, which disables Fast Refresh.
Fast Refresh requires at least one parent function component in your React tree. @ http://localhost:3000/_next/static/chunks/5d2cf_next_dist_4ad02d79._.js:2297
[ 7453726ms] [LOG] [Fast Refresh] done in 175ms @ http://localhost:3000/_next/static/chunks/5d2cf_next_dist_4ad02d79._.js:2297
[ 7453920ms] [LOG] [Fast Refresh] rebuilding @ http://localhost:3000/_next/static/chunks/5d2cf_next_dist_4ad02d79._.js:2297
[ 7454114ms] [LOG] [Fast Refresh] done in 294ms @ http://localhost:3000/_next/static/chunks/5d2cf_next_dist_4ad02d79._.js:2297
[ 7454818ms] [INFO] %cDownload the React DevTools for a better development experience: https://react.dev/link/react-devtools font-weight:bold @ http://localhost:3000/_next/static/chunks/5d2cf_next_dist_4ad02d79._.js:2297
[ 7454874ms] [LOG] [HMR] connected @ http://localhost:3000/_next/static/chunks/5d2cf_next_dist_4ad02d79._.js:2297
[ 7455418ms] [LOG] [Fast Refresh] rebuilding @ http://localhost:3000/_next/static/chunks/5d2cf_next_dist_4ad02d79._.js:2297
[ 7455730ms] [LOG] [Fast Refresh] done in 214ms @ http://localhost:3000/_next/static/chunks/5d2cf_next_dist_4ad02d79._.js:2297
[ 7457575ms] [LOG] [Fast Refresh] rebuilding @ http://localhost:3000/_next/static/chunks/5d2cf_next_dist_4ad02d79._.js:2297
[ 7458135ms] [LOG] [Fast Refresh] done in 541ms @ http://localhost:3000/_next/static/chunks/5d2cf_next_dist_4ad02d79._.js:2297
[ 7458239ms] [LOG] [Fast Refresh] rebuilding @ http://localhost:3000/_next/static/chunks/5d2cf_next_dist_4ad02d79._.js:2297
[ 7458242ms] [LOG] [Fast Refresh] done in 102ms @ http://localhost:3000/_next/static/chunks/5d2cf_next_dist_4ad02d79._.js:2297
[ 7459268ms] [LOG] [Fast Refresh] rebuilding @ http://localhost:3000/_next/static/chunks/5d2cf_next_dist_4ad02d79._.js:2297
[ 7459294ms] [LOG] [Fast Refresh] done in 47ms @ http://localhost:3000/_next/static/chunks/5d2cf_next_dist_4ad02d79._.js:2297
[ 7486309ms] [LOG] [Fast Refresh] rebuilding @ http://localhost:3000/_next/static/chunks/5d2cf_next_dist_4ad02d79._.js:2297
[ 7486628ms] [LOG] [Fast Refresh] done in 71ms @ http://localhost:3000/_next/static/chunks/5d2cf_next_dist_4ad02d79._.js:2297
[ 7486890ms] [LOG] [Fast Refresh] rebuilding @ http://localhost:3000/_next/static/chunks/5d2cf_next_dist_4ad02d79._.js:2297
[ 7487113ms] [LOG] [Fast Refresh] done in 322ms @ http://localhost:3000/_next/static/chunks/5d2cf_next_dist_4ad02d79._.js:2297
[ 7487299ms] [LOG] [Fast Refresh] rebuilding @ http://localhost:3000/_next/static/chunks/5d2cf_next_dist_4ad02d79._.js:2297
[ 7487434ms] [LOG] [Fast Refresh] done in 235ms @ http://localhost:3000/_next/static/chunks/5d2cf_next_dist_4ad02d79._.js:2297
[ 7487545ms] [LOG] [Fast Refresh] rebuilding @ http://localhost:3000/_next/static/chunks/5d2cf_next_dist_4ad02d79._.js:2297
[ 7487550ms] [LOG] [Fast Refresh] done in 115ms @ http://localhost:3000/_next/static/chunks/5d2cf_next_dist_4ad02d79._.js:2297
[ 7487650ms] [LOG] [Fast Refresh] rebuilding @ http://localhost:3000/_next/static/chunks/5d2cf_next_dist_4ad02d79._.js:2297
[ 7487722ms] [LOG] [Fast Refresh] done in 172ms @ http://localhost:3000/_next/static/chunks/5d2cf_next_dist_4ad02d79._.js:2297
[ 7487826ms] [LOG] [Fast Refresh] rebuilding @ http://localhost:3000/_next/static/chunks/5d2cf_next_dist_4ad02d79._.js:2297
[ 7487916ms] [LOG] [Fast Refresh] done in 193ms @ http://localhost:3000/_next/static/chunks/5d2cf_next_dist_4ad02d79._.js:2297
[ 7553142ms] [LOG] [Fast Refresh] rebuilding @ http://localhost:3000/_next/static/chunks/5d2cf_next_dist_4ad02d79._.js:2297
[ 7553142ms] [LOG] [Fast Refresh] done in 101ms @ http://localhost:3000/_next/static/chunks/5d2cf_next_dist_4ad02d79._.js:2297
[ 7582402ms] [LOG] [Fast Refresh] rebuilding @ http://localhost:3000/_next/static/chunks/5d2cf_next_dist_4ad02d79._.js:2297
[ 7582917ms] [LOG] [Fast Refresh] done in 615ms @ http://localhost:3000/_next/static/chunks/5d2cf_next_dist_4ad02d79._.js:2297
[ 7583183ms] [LOG] [Fast Refresh] rebuilding @ http://localhost:3000/_next/static/chunks/5d2cf_next_dist_4ad02d79._.js:2297
[ 7583185ms] [LOG] [Fast Refresh] done in 102ms @ http://localhost:3000/_next/static/chunks/5d2cf_next_dist_4ad02d79._.js:2297
[ 7598721ms] [LOG] [Fast Refresh] rebuilding @ http://localhost:3000/_next/static/chunks/5d2cf_next_dist_4ad02d79._.js:2297
[ 7598724ms] [LOG] [Fast Refresh] done in 103ms @ http://localhost:3000/_next/static/chunks/5d2cf_next_dist_4ad02d79._.js:2297
[ 7647998ms] [LOG] [Fast Refresh] rebuilding @ http://localhost:3000/_next/static/chunks/5d2cf_next_dist_4ad02d79._.js:2297
[ 7648254ms] [LOG] [Fast Refresh] done in 355ms @ http://localhost:3000/_next/static/chunks/5d2cf_next_dist_4ad02d79._.js:2297
[ 7649230ms] [LOG] [Fast Refresh] rebuilding @ http://localhost:3000/_next/static/chunks/5d2cf_next_dist_4ad02d79._.js:2297
[ 7649323ms] [LOG] [Fast Refresh] done in 193ms @ http://localhost:3000/_next/static/chunks/5d2cf_next_dist_4ad02d79._.js:2297
[ 7650070ms] [LOG] [Fast Refresh] rebuilding @ http://localhost:3000/_next/static/chunks/5d2cf_next_dist_4ad02d79._.js:2297
[ 7650174ms] [LOG] [Fast Refresh] done in 204ms @ http://localhost:3000/_next/static/chunks/5d2cf_next_dist_4ad02d79._.js:2297
[ 7651960ms] [LOG] [Fast Refresh] rebuilding @ http://localhost:3000/_next/static/chunks/5d2cf_next_dist_4ad02d79._.js:2297
[ 7652108ms] [LOG] [Fast Refresh] done in 248ms @ http://localhost:3000/_next/static/chunks/5d2cf_next_dist_4ad02d79._.js:2297
[ 7739979ms] [LOG] [Fast Refresh] rebuilding @ http://localhost:3000/_next/static/chunks/5d2cf_next_dist_4ad02d79._.js:2297
[ 7739980ms] [WARNING] [Fast Refresh] performing full reload

Fast Refresh will perform a full reload when you edit a file that's imported by modules outside of the React rendering tree.
You might have a file which exports a React component but also exports a value that is imported by a non-React component file.
Consider migrating the non-React component export to a separate file and importing it into both files.

It is also possible the parent component of the component you edited is a class component, which disables Fast Refresh.
Fast Refresh requires at least one parent function component in your React tree. @ http://localhost:3000/_next/static/chunks/5d2cf_next_dist_4ad02d79._.js:2297
[ 7740089ms] [LOG] [Fast Refresh] done in 56ms @ http://localhost:3000/_next/static/chunks/5d2cf_next_dist_4ad02d79._.js:2297
[ 7740420ms] [INFO] %cDownload the React DevTools for a better development experience: https://react.dev/link/react-devtools font-weight:bold @ http://localhost:3000/_next/static/chunks/5d2cf_next_dist_4ad02d79._.js:2297
[ 7740450ms] [LOG] [HMR] connected @ http://localhost:3000/_next/static/chunks/5d2cf_next_dist_4ad02d79._.js:2297
[ 7744147ms] [LOG] [Fast Refresh] rebuilding @ http://localhost:3000/_next/static/chunks/5d2cf_next_dist_4ad02d79._.js:2297
[ 7744297ms] [LOG] [Fast Refresh] done in 228ms @ http://localhost:3000/_next/static/chunks/5d2cf_next_dist_4ad02d79._.js:2297
