[     205ms] [INFO] %cDownload the React DevTools for a better development experience: https://react.dev/link/react-devtools font-weight:bold @ http://localhost:3000/_next/static/chunks/5d2cf_next_dist_4ad02d79._.js:2297
[     295ms] [LOG] [HMR] connected @ http://localhost:3000/_next/static/chunks/5d2cf_next_dist_4ad02d79._.js:2297
[   78288ms] [LOG] [Fast Refresh] rebuilding @ http://localhost:3000/_next/static/chunks/5d2cf_next_dist_4ad02d79._.js:2297
[   78695ms] [WARNING] [Fast Refresh] performing full reload

Fast Refresh will perform a full reload when you edit a file that's imported by modules outside of the React rendering tree.
You might have a file which exports a React component but also exports a value that is imported by a non-React component file.
Consider migrating the non-React component export to a separate file and importing it into both files.

It is also possible the parent component of the component you edited is a class component, which disables Fast Refresh.
Fast Refresh requires at least one parent function component in your React tree. @ http://localhost:3000/_next/static/chunks/5d2cf_next_dist_4ad02d79._.js:2297
[   78909ms] [LOG] [Fast Refresh] done in 437ms @ http://localhost:3000/_next/static/chunks/5d2cf_next_dist_4ad02d79._.js:2297
[   79024ms] [LOG] [Fast Refresh] rebuilding @ http://localhost:3000/_next/static/chunks/5d2cf_next_dist_4ad02d79._.js:2297
[   79079ms] [LOG] [Fast Refresh] done in 155ms @ http://localhost:3000/_next/static/chunks/5d2cf_next_dist_4ad02d79._.js:2297
[   79206ms] [INFO] %cDownload the React DevTools for a better development experience: https://react.dev/link/react-devtools font-weight:bold @ http://localhost:3000/_next/static/chunks/5d2cf_next_dist_4ad02d79._.js:2297
[   79228ms] [LOG] [HMR] connected @ http://localhost:3000/_next/static/chunks/5d2cf_next_dist_4ad02d79._.js:2297
[   83448ms] [ERROR] WebSocket connection to 'ws://localhost:3000/_next/webpack-hmr?id=XthVnFTboF8tsGW8PrBqs' failed: Error in connection establishment: net::ERR_CONNECTION_REFUSED @ http://localhost:3000/_next/static/chunks/5d2cf_next_dist_client_a690c487._.js:10878
[   84451ms] [ERROR] WebSocket connection to 'ws://localhost:3000/_next/webpack-hmr?id=XthVnFTboF8tsGW8PrBqs' failed: Error in connection establishment: net::ERR_CONNECTION_REFUSED @ http://localhost:3000/_next/static/chunks/5d2cf_next_dist_client_a690c487._.js:10878
[   85452ms] [ERROR] WebSocket connection to 'ws://localhost:3000/_next/webpack-hmr?id=XthVnFTboF8tsGW8PrBqs' failed: Error in connection establishment: net::ERR_CONNECTION_REFUSED @ http://localhost:3000/_next/static/chunks/5d2cf_next_dist_client_a690c487._.js:10878
[   86454ms] [ERROR] WebSocket connection to 'ws://localhost:3000/_next/webpack-hmr?id=XthVnFTboF8tsGW8PrBqs' failed: Error in connection establishment: net::ERR_CONNECTION_REFUSED @ http://localhost:3000/_next/static/chunks/5d2cf_next_dist_client_a690c487._.js:10878
[   87457ms] [ERROR] WebSocket connection to 'ws://localhost:3000/_next/webpack-hmr?id=XthVnFTboF8tsGW8PrBqs' failed: Error in connection establishment: net::ERR_CONNECTION_REFUSED @ http://localhost:3000/_next/static/chunks/5d2cf_next_dist_client_a690c487._.js:10878
[   92460ms] [ERROR] WebSocket connection to 'ws://localhost:3000/_next/webpack-hmr?id=XthVnFTboF8tsGW8PrBqs' failed: Error in connection establishment: net::ERR_CONNECTION_REFUSED @ http://localhost:3000/_next/static/chunks/5d2cf_next_dist_client_a690c487._.js:10878
[   97461ms] [ERROR] WebSocket connection to 'ws://localhost:3000/_next/webpack-hmr?id=XthVnFTboF8tsGW8PrBqs' failed: Error in connection establishment: net::ERR_CONNECTION_REFUSED @ http://localhost:3000/_next/static/chunks/5d2cf_next_dist_client_a690c487._.js:10878
[  102462ms] [ERROR] WebSocket connection to 'ws://localhost:3000/_next/webpack-hmr?id=XthVnFTboF8tsGW8PrBqs' failed: Error in connection establishment: net::ERR_CONNECTION_REFUSED @ http://localhost:3000/_next/static/chunks/5d2cf_next_dist_client_a690c487._.js:10878
[  107463ms] [ERROR] WebSocket connection to 'ws://localhost:3000/_next/webpack-hmr?id=XthVnFTboF8tsGW8PrBqs' failed: Error in connection establishment: net::ERR_CONNECTION_REFUSED @ http://localhost:3000/_next/static/chunks/5d2cf_next_dist_client_a690c487._.js:10878
[  112464ms] [ERROR] WebSocket connection to 'ws://localhost:3000/_next/webpack-hmr?id=XthVnFTboF8tsGW8PrBqs' failed: Error in connection establishment: net::ERR_CONNECTION_REFUSED @ http://localhost:3000/_next/static/chunks/5d2cf_next_dist_client_a690c487._.js:10878
[  117465ms] [ERROR] WebSocket connection to 'ws://localhost:3000/_next/webpack-hmr?id=XthVnFTboF8tsGW8PrBqs' failed: Error in connection establishment: net::ERR_CONNECTION_REFUSED @ http://localhost:3000/_next/static/chunks/5d2cf_next_dist_client_a690c487._.js:10878
[  122552ms] [LOG] [HMR] connected @ http://localhost:3000/_next/static/chunks/5d2cf_next_dist_4ad02d79._.js:2297
[  122751ms] [INFO] %cDownload the React DevTools for a better development experience: https://react.dev/link/react-devtools font-weight:bold @ http://localhost:3000/_next/static/chunks/5d2cf_next_dist_4ad02d79._.js:2297
[  122771ms] [LOG] [HMR] connected @ http://localhost:3000/_next/static/chunks/5d2cf_next_dist_4ad02d79._.js:2297
