[      99ms] [INFO] %cDownload the React DevTools for a better development experience: https://react.dev/link/react-devtools font-weight:bold @ http://localhost:3001/_next/static/chunks/5d2cf_next_dist_4ad02d79._.js:2297
[     121ms] [LOG] [HMR] connected @ http://localhost:3001/_next/static/chunks/5d2cf_next_dist_4ad02d79._.js:2297
[  936061ms] [LOG] [Fast Refresh] rebuilding @ http://localhost:3001/_next/static/chunks/5d2cf_next_dist_4ad02d79._.js:2297
[  936104ms] [LOG] [Fast Refresh] done in 113ms @ http://localhost:3001/_next/static/chunks/5d2cf_next_dist_4ad02d79._.js:2297
[  963495ms] [LOG] [Fast Refresh] rebuilding @ http://localhost:3001/_next/static/chunks/5d2cf_next_dist_4ad02d79._.js:2297
[  963496ms] [WARNING] [Fast Refresh] performing full reload

Fast Refresh will perform a full reload when you edit a file that's imported by modules outside of the React rendering tree.
You might have a file which exports a React component but also exports a value that is imported by a non-React component file.
Consider migrating the non-React component export to a separate file and importing it into both files.

It is also possible the parent component of the component you edited is a class component, which disables Fast Refresh.
Fast Refresh requires at least one parent function component in your React tree. @ http://localhost:3001/_next/static/chunks/5d2cf_next_dist_4ad02d79._.js:2297
[  963628ms] [LOG] [Fast Refresh] done in 51ms @ http://localhost:3001/_next/static/chunks/5d2cf_next_dist_4ad02d79._.js:2297
[  963755ms] [INFO] %cDownload the React DevTools for a better development experience: https://react.dev/link/react-devtools font-weight:bold @ http://localhost:3001/_next/static/chunks/5d2cf_next_dist_4ad02d79._.js:2297
[  963775ms] [LOG] [HMR] connected @ http://localhost:3001/_next/static/chunks/5d2cf_next_dist_4ad02d79._.js:2297
[  975424ms] [LOG] [Fast Refresh] rebuilding @ http://localhost:3001/_next/static/chunks/5d2cf_next_dist_4ad02d79._.js:2297
[  975454ms] [LOG] [Fast Refresh] done in 97ms @ http://localhost:3001/_next/static/chunks/5d2cf_next_dist_4ad02d79._.js:2297
[ 1301847ms] [LOG] [Fast Refresh] rebuilding @ http://localhost:3001/_next/static/chunks/5d2cf_next_dist_4ad02d79._.js:2297
[ 1301944ms] [LOG] [Fast Refresh] done in 168ms @ http://localhost:3001/_next/static/chunks/5d2cf_next_dist_4ad02d79._.js:2297
[ 1338530ms] [LOG] [Fast Refresh] rebuilding @ http://localhost:3001/_next/static/chunks/5d2cf_next_dist_4ad02d79._.js:2297
[ 1338573ms] [LOG] [Fast Refresh] done in 114ms @ http://localhost:3001/_next/static/chunks/5d2cf_next_dist_4ad02d79._.js:2297
[ 1691253ms] [LOG] [Fast Refresh] rebuilding @ http://localhost:3001/_next/static/chunks/5d2cf_next_dist_4ad02d79._.js:2297
[ 1691289ms] [LOG] [Fast Refresh] done in 107ms @ http://localhost:3001/_next/static/chunks/5d2cf_next_dist_4ad02d79._.js:2297
[ 1720462ms] [LOG] [Fast Refresh] rebuilding @ http://localhost:3001/_next/static/chunks/5d2cf_next_dist_4ad02d79._.js:2297
[ 1720570ms] [LOG] [Fast Refresh] done in 179ms @ http://localhost:3001/_next/static/chunks/5d2cf_next_dist_4ad02d79._.js:2297
[ 1879039ms] [LOG] [Fast Refresh] rebuilding @ http://localhost:3001/_next/static/chunks/5d2cf_next_dist_4ad02d79._.js:2297
[ 1879039ms] [WARNING] [Fast Refresh] performing full reload

Fast Refresh will perform a full reload when you edit a file that's imported by modules outside of the React rendering tree.
You might have a file which exports a React component but also exports a value that is imported by a non-React component file.
Consider migrating the non-React component export to a separate file and importing it into both files.

It is also possible the parent component of the component you edited is a class component, which disables Fast Refresh.
Fast Refresh requires at least one parent function component in your React tree. @ http://localhost:3001/_next/static/chunks/5d2cf_next_dist_4ad02d79._.js:2297
[ 1879156ms] [LOG] [Fast Refresh] done in 55ms @ http://localhost:3001/_next/static/chunks/5d2cf_next_dist_4ad02d79._.js:2297
[ 1879237ms] [ERROR] Failed to load resource: the server responded with a status of 500 (Internal Server Error) @ http://localhost:3001/login:0
[ 1879280ms] [INFO] %cDownload the React DevTools for a better development experience: https://react.dev/link/react-devtools font-weight:bold @ http://localhost:3001/_next/static/chunks/5d2cf_next_dist_4ad02d79._.js:2297
[ 1879301ms] [LOG] [HMR] connected @ http://localhost:3001/_next/static/chunks/5d2cf_next_dist_4ad02d79._.js:2297
[ 1879318ms] ReferenceError: useState is not defined
    at TaskProvider (http://localhost:3001/_next/static/chunks/_f3ad4c16._.js:732:31)
    at Object.react_stack_bottom_frame (http://localhost:3001/_next/static/chunks/5d2cf_next_dist_compiled_react-dom_8e8691bf._.js:14826:24)
    at renderWithHooks (http://localhost:3001/_next/static/chunks/5d2cf_next_dist_compiled_react-dom_8e8691bf._.js:4651:24)
    at updateFunctionComponent (http://localhost:3001/_next/static/chunks/5d2cf_next_dist_compiled_react-dom_8e8691bf._.js:6112:21)
    at beginWork (http://localhost:3001/_next/static/chunks/5d2cf_next_dist_compiled_react-dom_8e8691bf._.js:6687:639)
    at runWithFiberInDEV (http://localhost:3001/_next/static/chunks/5d2cf_next_dist_compiled_react-dom_8e8691bf._.js:965:74)
    at performUnitOfWork (http://localhost:3001/_next/static/chunks/5d2cf_next_dist_compiled_react-dom_8e8691bf._.js:9562:97)
    at workLoopSync (http://localhost:3001/_next/static/chunks/5d2cf_next_dist_compiled_react-dom_8e8691bf._.js:9456:40)
    at renderRootSync (http://localhost:3001/_next/static/chunks/5d2cf_next_dist_compiled_react-dom_8e8691bf._.js:9440:13)
    at performWorkOnRoot (http://localhost:3001/_next/static/chunks/5d2cf_next_dist_compiled_react-dom_8e8691bf._.js:9105:47)
    at performWorkOnRootViaSchedulerTask (http://localhost:3001/_next/static/chunks/5d2cf_next_dist_compiled_react-dom_8e8691bf._.js:10230:9)
    at MessagePort.performWorkUntilDeadline (http://localhost:3001/_next/static/chunks/5d2cf_next_dist_compiled_24abeeee._.js:2647:64)
[ 1881459ms] [LOG] [Fast Refresh] rebuilding @ http://localhost:3001/_next/static/chunks/5d2cf_next_dist_4ad02d79._.js:2297
[ 1881461ms] [WARNING] [Fast Refresh] performing full reload

Fast Refresh will perform a full reload when you edit a file that's imported by modules outside of the React rendering tree.
You might have a file which exports a React component but also exports a value that is imported by a non-React component file.
Consider migrating the non-React component export to a separate file and importing it into both files.

It is also possible the parent component of the component you edited is a class component, which disables Fast Refresh.
Fast Refresh requires at least one parent function component in your React tree. @ http://localhost:3001/_next/static/chunks/5d2cf_next_dist_4ad02d79._.js:2297
[ 1881461ms] [WARNING] [Fast Refresh] performing full reload because your application had an unrecoverable error @ http://localhost:3001/_next/static/chunks/5d2cf_next_dist_4ad02d79._.js:2297
[ 1881562ms] [LOG] [Fast Refresh] done in 49ms @ http://localhost:3001/_next/static/chunks/5d2cf_next_dist_4ad02d79._.js:2297
[ 1881697ms] [INFO] %cDownload the React DevTools for a better development experience: https://react.dev/link/react-devtools font-weight:bold @ http://localhost:3001/_next/static/chunks/5d2cf_next_dist_4ad02d79._.js:2297
[ 1881713ms] [LOG] [HMR] connected @ http://localhost:3001/_next/static/chunks/5d2cf_next_dist_4ad02d79._.js:2297
[ 1899831ms] [LOG] [Fast Refresh] rebuilding @ http://localhost:3001/_next/static/chunks/5d2cf_next_dist_4ad02d79._.js:2297
[ 1899860ms] [LOG] [Fast Refresh] done in 92ms @ http://localhost:3001/_next/static/chunks/5d2cf_next_dist_4ad02d79._.js:2297
[ 1919683ms] [LOG] [Fast Refresh] rebuilding @ http://localhost:3001/_next/static/chunks/5d2cf_next_dist_4ad02d79._.js:2297
[ 1919810ms] [LOG] [Fast Refresh] done in 48ms @ http://localhost:3001/_next/static/chunks/5d2cf_next_dist_4ad02d79._.js:2297
[ 1947845ms] [LOG] [Fast Refresh] rebuilding @ http://localhost:3001/_next/static/chunks/5d2cf_next_dist_4ad02d79._.js:2297
[ 1947971ms] [LOG] [Fast Refresh] done in 108ms @ http://localhost:3001/_next/static/chunks/5d2cf_next_dist_4ad02d79._.js:2297
[ 1947999ms] [LOG] [Fast Refresh] rebuilding @ http://localhost:3001/_next/static/chunks/5d2cf_next_dist_4ad02d79._.js:2297
[ 1948022ms] [LOG] [Fast Refresh] done in 28ms @ http://localhost:3001/_next/static/chunks/5d2cf_next_dist_4ad02d79._.js:2297
[ 1948124ms] [LOG] [Fast Refresh] rebuilding @ http://localhost:3001/_next/static/chunks/5d2cf_next_dist_4ad02d79._.js:2297
[ 1948224ms] [LOG] [Fast Refresh] done in 170ms @ http://localhost:3001/_next/static/chunks/5d2cf_next_dist_4ad02d79._.js:2297
[ 1948276ms] [LOG] [Fast Refresh] rebuilding @ http://localhost:3001/_next/static/chunks/5d2cf_next_dist_4ad02d79._.js:2297
[ 1948305ms] [LOG] [Fast Refresh] done in 51ms @ http://localhost:3001/_next/static/chunks/5d2cf_next_dist_4ad02d79._.js:2297
[ 1948400ms] [LOG] [Fast Refresh] rebuilding @ http://localhost:3001/_next/static/chunks/5d2cf_next_dist_4ad02d79._.js:2297
[ 1948400ms] [WARNING] [Fast Refresh] performing full reload

Fast Refresh will perform a full reload when you edit a file that's imported by modules outside of the React rendering tree.
You might have a file which exports a React component but also exports a value that is imported by a non-React component file.
Consider migrating the non-React component export to a separate file and importing it into both files.

It is also possible the parent component of the component you edited is a class component, which disables Fast Refresh.
Fast Refresh requires at least one parent function component in your React tree. @ http://localhost:3001/_next/static/chunks/5d2cf_next_dist_4ad02d79._.js:2297
[ 1948516ms] [LOG] [Fast Refresh] done in 46ms @ http://localhost:3001/_next/static/chunks/5d2cf_next_dist_4ad02d79._.js:2297
[ 1948697ms] [INFO] %cDownload the React DevTools for a better development experience: https://react.dev/link/react-devtools font-weight:bold @ http://localhost:3001/_next/static/chunks/5d2cf_next_dist_4ad02d79._.js:2297
[ 1948717ms] [LOG] [HMR] connected @ http://localhost:3001/_next/static/chunks/5d2cf_next_dist_4ad02d79._.js:2297
[ 1948725ms] [ERROR] ./app/layout.tsx:9:10
Ecmascript file had an error
   7 | import { TaskProvider } from "@/contexts/task-context"
   8 | import { CommandPalette } from "@/components/command-palette"
>  9 | import { CommandPalette } from "@/components/command-palette"
     |          ^^^^^^^^^^^^^^
  10 | import { TeamProvider } from "@/contexts/team-context"
  11 | import { cn } from "@/lib/utils"
  12 |

the name `CommandPalette` is defined multiple times @ http://localhost:3001/_next/static/chunks/5d2cf_next_dist_4ad02d79._.js:3127
[ 1948725ms] [ERROR] ./app/layout.tsx:9:10
Ecmascript file had an error
   7 | import { TaskProvider } from "@/contexts/task-context"
   8 | import { CommandPalette } from "@/components/command-palette"
>  9 | import { CommandPalette } from "@/components/command-palette"
     |          ^^^^^^^^^^^^^^
  10 | import { TeamProvider } from "@/contexts/team-context"
  11 | import { cn } from "@/lib/utils"
  12 |

the name `CommandPalette` is defined multiple times @ http://localhost:3001/_next/static/chunks/5d2cf_next_dist_4ad02d79._.js:3127
[ 1948762ms] [ERROR] ./app/layout.tsx:9:10
Ecmascript file had an error
   7 | import { TaskProvider } from "@/contexts/task-context"
   8 | import { CommandPalette } from "@/components/command-palette"
>  9 | import { CommandPalette } from "@/components/command-palette"
     |          ^^^^^^^^^^^^^^
  10 | import { TeamProvider } from "@/contexts/team-context"
  11 | import { cn } from "@/lib/utils"
  12 |

the name `CommandPalette` is defined multiple times @ http://localhost:3001/_next/static/chunks/5d2cf_next_dist_4ad02d79._.js:3127
[ 1964732ms] [LOG] [Fast Refresh] rebuilding @ http://localhost:3001/_next/static/chunks/5d2cf_next_dist_4ad02d79._.js:2297
[ 1964839ms] [LOG] [Fast Refresh] done in 66ms @ http://localhost:3001/_next/static/chunks/5d2cf_next_dist_4ad02d79._.js:2297
[ 2003184ms] [LOG] [Fast Refresh] rebuilding @ http://localhost:3001/_next/static/chunks/5d2cf_next_dist_4ad02d79._.js:2297
[ 2003211ms] [LOG] [Fast Refresh] done in 127ms @ http://localhost:3001/_next/static/chunks/5d2cf_next_dist_4ad02d79._.js:2297
[ 6709187ms] [LOG] [Fast Refresh] rebuilding @ http://localhost:3001/_next/static/chunks/5d2cf_next_dist_4ad02d79._.js:2297
[ 6709390ms] [WARNING] [Fast Refresh] performing full reload

Fast Refresh will perform a full reload when you edit a file that's imported by modules outside of the React rendering tree.
You might have a file which exports a React component but also exports a value that is imported by a non-React component file.
Consider migrating the non-React component export to a separate file and importing it into both files.

It is also possible the parent component of the component you edited is a class component, which disables Fast Refresh.
Fast Refresh requires at least one parent function component in your React tree. @ http://localhost:3001/_next/static/chunks/5d2cf_next_dist_4ad02d79._.js:2297
[ 6709415ms] [LOG] [Fast Refresh] done in 301ms @ http://localhost:3001/_next/static/chunks/5d2cf_next_dist_4ad02d79._.js:2297
[ 6709687ms] [LOG] [Fast Refresh] rebuilding @ http://localhost:3001/_next/static/chunks/5d2cf_next_dist_4ad02d79._.js:2297
[ 6709839ms] [LOG] [Fast Refresh] done in 252ms @ http://localhost:3001/_next/static/chunks/5d2cf_next_dist_4ad02d79._.js:2297
[ 6710205ms] [INFO] %cDownload the React DevTools for a better development experience: https://react.dev/link/react-devtools font-weight:bold @ http://localhost:3001/_next/static/chunks/5d2cf_next_dist_4ad02d79._.js:2297
[ 6710243ms] [LOG] [HMR] connected @ http://localhost:3001/_next/static/chunks/5d2cf_next_dist_4ad02d79._.js:2297
[ 6722237ms] [LOG] [Fast Refresh] rebuilding @ http://localhost:3001/_next/static/chunks/5d2cf_next_dist_4ad02d79._.js:2297
[ 6722238ms] [WARNING] [Fast Refresh] performing full reload

Fast Refresh will perform a full reload when you edit a file that's imported by modules outside of the React rendering tree.
You might have a file which exports a React component but also exports a value that is imported by a non-React component file.
Consider migrating the non-React component export to a separate file and importing it into both files.

It is also possible the parent component of the component you edited is a class component, which disables Fast Refresh.
Fast Refresh requires at least one parent function component in your React tree. @ http://localhost:3001/_next/static/chunks/5d2cf_next_dist_4ad02d79._.js:2297
[ 6722343ms] [LOG] [Fast Refresh] done in 56ms @ http://localhost:3001/_next/static/chunks/5d2cf_next_dist_4ad02d79._.js:2297
[ 6722490ms] [INFO] %cDownload the React DevTools for a better development experience: https://react.dev/link/react-devtools font-weight:bold @ http://localhost:3001/_next/static/chunks/5d2cf_next_dist_4ad02d79._.js:2297
[ 6722506ms] [LOG] [HMR] connected @ http://localhost:3001/_next/static/chunks/5d2cf_next_dist_4ad02d79._.js:2297
