[     112ms] [LOG] [Fast Refresh] rebuilding @ http://localhost:3000/_next/static/chunks/5d2cf_next_dist_4ad02d79._.js:2297
[     581ms] [LOG] [Fast Refresh] done in 568ms @ http://localhost:3000/_next/static/chunks/5d2cf_next_dist_4ad02d79._.js:2297
[     680ms] [INFO] %cDownload the React DevTools for a better development experience: https://react.dev/link/react-devtools font-weight:bold @ http://localhost:3000/_next/static/chunks/5d2cf_next_dist_4ad02d79._.js:2297
[     703ms] [LOG] [HMR] connected @ http://localhost:3000/_next/static/chunks/5d2cf_next_dist_4ad02d79._.js:2297
[     802ms] Error: Hydration failed because the server rendered HTML didn't match the client. As a result this tree will be regenerated on the client. This can happen if a SSR-ed Client Component used:

- A server/client branch `if (typeof window !== 'undefined')`.
- Variable input such as `Date.now()` or `Math.random()` which changes each time it's called.
- Date formatting in a user's locale which doesn't match the server.
- External changing data without sending a snapshot of it along with the HTML.
- Invalid HTML tag nesting.

It can also happen if the client has a browser extension installed which messes with the HTML before React loaded.

https://react.dev/link/hydration-mismatch

  ...
    <InnerLayoutRouter url="/settings" tree={[...]} params={{}} cacheNode={{rsc:<Fragment>, ...}} segmentPath={[...]} ...>
      <SegmentViewNode type="page" pagePath="settings/p...">
        <SegmentTrieNode>
        <ClientPageRoot Component={function SettingsPage} serverProvidedParams={{...}}>
          <SettingsPage params={Promise} searchParams={Promise}>
            <SidebarProvider style={{...}}>
              <div data-slot="sidebar-wr..." style={{...}} className="group/side...">
                <AppSidebar>
                <SidebarInset>
                  <main data-slot="sidebar-inset" className="relative f...">
                    <SiteHeader>
                    <main className="flex flex-...">
                      <div className="mx-auto w-...">
                        <div>
                        <div className="space-y-4">
                          <div>
                          <div className="grid grid-...">
                            <button
                              onClick={function onClick}
+                             className="group relative flex flex-col gap-3 rounded-xl border-2 p-4 text-left transiti..."
-                             className="group relative flex flex-col gap-3 rounded-xl border-2 p-4 text-left transiti..."
                            >
                              <div>
                              <div className="flex items...">
                                <div>
+                               <div
+                                 className="flex size-5 shrink-0 items-center justify-center rounded-full bg-primary"
+                               >
                            ...
      ...

    at throwOnHydrationMismatch (http://localhost:3000/_next/static/chunks/5d2cf_next_dist_compiled_react-dom_8e8691bf._.js:3348:56)
    at beginWork (http://localhost:3000/_next/static/chunks/5d2cf_next_dist_compiled_react-dom_8e8691bf._.js:6775:918)
    at runWithFiberInDEV (http://localhost:3000/_next/static/chunks/5d2cf_next_dist_compiled_react-dom_8e8691bf._.js:965:74)
    at performUnitOfWork (http://localhost:3000/_next/static/chunks/5d2cf_next_dist_compiled_react-dom_8e8691bf._.js:9562:97)
    at workLoopConcurrentByScheduler (http://localhost:3000/_next/static/chunks/5d2cf_next_dist_compiled_react-dom_8e8691bf._.js:9558:58)
    at renderRootConcurrent (http://localhost:3000/_next/static/chunks/5d2cf_next_dist_compiled_react-dom_8e8691bf._.js:9541:71)
    at performWorkOnRoot (http://localhost:3000/_next/static/chunks/5d2cf_next_dist_compiled_react-dom_8e8691bf._.js:9068:150)
    at performWorkOnRootViaSchedulerTask (http://localhost:3000/_next/static/chunks/5d2cf_next_dist_compiled_react-dom_8e8691bf._.js:10230:9)
    at MessagePort.performWorkUntilDeadline (http://localhost:3000/_next/static/chunks/5d2cf_next_dist_compiled_24abeeee._.js:2647:64)
