[     119ms] [LOG] [Fast Refresh] rebuilding @ http://localhost:3000/_next/static/chunks/5d2cf_next_dist_4ad02d79._.js:2297
[     138ms] [LOG] [Fast Refresh] done in 119ms @ http://localhost:3000/_next/static/chunks/5d2cf_next_dist_4ad02d79._.js:2297
[     297ms] [INFO] %cDownload the React DevTools for a better development experience: https://react.dev/link/react-devtools font-weight:bold @ http://localhost:3000/_next/static/chunks/5d2cf_next_dist_4ad02d79._.js:2297
[     313ms] [LOG] [HMR] connected @ http://localhost:3000/_next/static/chunks/5d2cf_next_dist_4ad02d79._.js:2297
[  166192ms] [LOG] [Fast Refresh] rebuilding @ http://localhost:3000/_next/static/chunks/5d2cf_next_dist_4ad02d79._.js:2297
[  166210ms] [LOG] [Fast Refresh] done in 117ms @ http://localhost:3000/_next/static/chunks/5d2cf_next_dist_4ad02d79._.js:2297
[  422573ms] [LOG] [Fast Refresh] rebuilding @ http://localhost:3000/_next/static/chunks/5d2cf_next_dist_4ad02d79._.js:2297
[  422643ms] [LOG] [Fast Refresh] done in 105ms @ http://localhost:3000/_next/static/chunks/5d2cf_next_dist_4ad02d79._.js:2297
[  442530ms] [LOG] [Fast Refresh] rebuilding @ http://localhost:3000/_next/static/chunks/5d2cf_next_dist_4ad02d79._.js:2297
[  442611ms] [ERROR] ./components/files/file-grid.tsx:15:1
Export moveItem doesn't exist in target module
  13 | import { toast } from "sonner"
  14 | import { useRouter } from "next/navigation"
> 15 | import { getFileIcon, isImageFile, moveItem } from "./file-utils"
     | ^^^^^^^^^^^^^^^^^^^^^^^^^^^^^^^^^^^^^^^^^^^^^^^^^^^^^^^^^^^^^^^^^
  16 |
  17 | interface FileGridProps {
  18 |   items: FileItem[]

The export moveItem was not found in module [project]/components/files/file-utils.tsx [app-client] (ecmascript).
Did you mean to import isTextFile?
All exports of the module are statically known (It doesn't have dynamic exports). So it's known statically that the requested export doesn't exist.

Import traces:
  Client Component Browser:
    ./components/files/file-grid.tsx [Client Component Browser]
    ./components/files/file-explorer.tsx [Client Component Browser]
    ./components/files/file-client-page.tsx [Client Component Browser]
    ./components/files/file-client-page.tsx [Server Component]
    ./app/files/[[...path]]/page.tsx [Server Component]

  Client Component SSR:
    ./components/files/file-grid.tsx [Client Component SSR]
    ./components/files/file-explorer.tsx [Client Component SSR]
    ./components/files/file-client-page.tsx [Client Component SSR]
    ./components/files/file-client-page.tsx [Server Component]
    ./app/files/[[...path]]/page.tsx [Server Component] @ http://localhost:3000/_next/static/chunks/5d2cf_next_dist_4ad02d79._.js:3127
[  442612ms] [ERROR] ./components/files/file-grid.tsx:15:1
Export moveItem doesn't exist in target module
  13 | import { toast } from "sonner"
  14 | import { useRouter } from "next/navigation"
> 15 | import { getFileIcon, isImageFile, moveItem } from "./file-utils"
     | ^^^^^^^^^^^^^^^^^^^^^^^^^^^^^^^^^^^^^^^^^^^^^^^^^^^^^^^^^^^^^^^^^
  16 |
  17 | interface FileGridProps {
  18 |   items: FileItem[]

The export moveItem was not found in module [project]/components/files/file-utils.tsx [app-ssr] (ecmascript).
Did you mean to import isTextFile?
All exports of the module are statically known (It doesn't have dynamic exports). So it's known statically that the requested export doesn't exist.

Import traces:
  Client Component Browser:
    ./components/files/file-grid.tsx [Client Component Browser]
    ./components/files/file-explorer.tsx [Client Component Browser]
    ./components/files/file-client-page.tsx [Client Component Browser]
    ./components/files/file-client-page.tsx [Server Component]
    ./app/files/[[...path]]/page.tsx [Server Component]

  Client Component SSR:
    ./components/files/file-grid.tsx [Client Component SSR]
    ./components/files/file-explorer.tsx [Client Component SSR]
    ./components/files/file-client-page.tsx [Client Component SSR]
    ./components/files/file-client-page.tsx [Server Component]
    ./app/files/[[...path]]/page.tsx [Server Component] @ http://localhost:3000/_next/static/chunks/5d2cf_next_dist_4ad02d79._.js:3127
[  453612ms] [ERROR] ./components/files/file-grid.tsx:15:1
Export moveItem doesn't exist in target module
  13 | import { toast } from "sonner"
  14 | import { useRouter } from "next/navigation"
> 15 | import { getFileIcon, isImageFile, moveItem } from "./file-utils"
     | ^^^^^^^^^^^^^^^^^^^^^^^^^^^^^^^^^^^^^^^^^^^^^^^^^^^^^^^^^^^^^^^^^
  16 |
  17 | interface FileGridProps {
  18 |   items: FileItem[]

The export moveItem was not found in module [project]/components/files/file-utils.tsx [app-client] (ecmascript).
Did you mean to import isTextFile?
All exports of the module are statically known (It doesn't have dynamic exports). So it's known statically that the requested export doesn't exist.

Import traces:
  Client Component Browser:
    ./components/files/file-grid.tsx [Client Component Browser]
    ./components/files/file-explorer.tsx [Client Component Browser]
    ./components/files/file-client-page.tsx [Client Component Browser]
    ./components/files/file-client-page.tsx [Server Component]
    ./app/files/[[...path]]/page.tsx [Server Component]

  Client Component SSR:
    ./components/files/file-grid.tsx [Client Component SSR]
    ./components/files/file-explorer.tsx [Client Component SSR]
    ./components/files/file-client-page.tsx [Client Component SSR]
    ./components/files/file-client-page.tsx [Server Component]
    ./app/files/[[...path]]/page.tsx [Server Component] @ http://localhost:3000/_next/static/chunks/5d2cf_next_dist_4ad02d79._.js:3127
[  453613ms] [ERROR] ./components/files/file-grid.tsx:15:1
Export moveItem doesn't exist in target module
  13 | import { toast } from "sonner"
  14 | import { useRouter } from "next/navigation"
> 15 | import { getFileIcon, isImageFile, moveItem } from "./file-utils"
     | ^^^^^^^^^^^^^^^^^^^^^^^^^^^^^^^^^^^^^^^^^^^^^^^^^^^^^^^^^^^^^^^^^
  16 |
  17 | interface FileGridProps {
  18 |   items: FileItem[]

The export moveItem was not found in module [project]/components/files/file-utils.tsx [app-ssr] (ecmascript).
Did you mean to import isTextFile?
All exports of the module are statically known (It doesn't have dynamic exports). So it's known statically that the requested export doesn't exist.

Import traces:
  Client Component Browser:
    ./components/files/file-grid.tsx [Client Component Browser]
    ./components/files/file-explorer.tsx [Client Component Browser]
    ./components/files/file-client-page.tsx [Client Component Browser]
    ./components/files/file-client-page.tsx [Server Component]
    ./app/files/[[...path]]/page.tsx [Server Component]

  Client Component SSR:
    ./components/files/file-grid.tsx [Client Component SSR]
    ./components/files/file-explorer.tsx [Client Component SSR]
    ./components/files/file-client-page.tsx [Client Component SSR]
    ./components/files/file-client-page.tsx [Server Component]
    ./app/files/[[...path]]/page.tsx [Server Component] @ http://localhost:3000/_next/static/chunks/5d2cf_next_dist_4ad02d79._.js:3127
[  453626ms] [LOG] [Fast Refresh] rebuilding @ http://localhost:3000/_next/static/chunks/5d2cf_next_dist_4ad02d79._.js:2297
[  470274ms] [ERROR] ./components/files/file-grid.tsx:15:1
Export moveItem doesn't exist in target module
  13 | import { toast } from "sonner"
  14 | import { useRouter } from "next/navigation"
> 15 | import { getFileIcon, isImageFile, moveItem } from "./file-utils"
     | ^^^^^^^^^^^^^^^^^^^^^^^^^^^^^^^^^^^^^^^^^^^^^^^^^^^^^^^^^^^^^^^^^
  16 |
  17 | interface FileGridProps {
  18 |   items: FileItem[]

The export moveItem was not found in module [project]/components/files/file-utils.tsx [app-client] (ecmascript).
Did you mean to import isTextFile?
All exports of the module are statically known (It doesn't have dynamic exports). So it's known statically that the requested export doesn't exist.

Import traces:
  Client Component Browser:
    ./components/files/file-grid.tsx [Client Component Browser]
    ./components/files/file-explorer.tsx [Client Component Browser]
    ./components/files/file-client-page.tsx [Client Component Browser]
    ./components/files/file-client-page.tsx [Server Component]
    ./app/files/[[...path]]/page.tsx [Server Component]

  Client Component SSR:
    ./components/files/file-grid.tsx [Client Component SSR]
    ./components/files/file-explorer.tsx [Client Component SSR]
    ./components/files/file-client-page.tsx [Client Component SSR]
    ./components/files/file-client-page.tsx [Server Component]
    ./app/files/[[...path]]/page.tsx [Server Component] @ http://localhost:3000/_next/static/chunks/5d2cf_next_dist_4ad02d79._.js:3127
[  470275ms] [ERROR] ./components/files/file-grid.tsx:15:1
Export moveItem doesn't exist in target module
  13 | import { toast } from "sonner"
  14 | import { useRouter } from "next/navigation"
> 15 | import { getFileIcon, isImageFile, moveItem } from "./file-utils"
     | ^^^^^^^^^^^^^^^^^^^^^^^^^^^^^^^^^^^^^^^^^^^^^^^^^^^^^^^^^^^^^^^^^
  16 |
  17 | interface FileGridProps {
  18 |   items: FileItem[]

The export moveItem was not found in module [project]/components/files/file-utils.tsx [app-ssr] (ecmascript).
Did you mean to import isTextFile?
All exports of the module are statically known (It doesn't have dynamic exports). So it's known statically that the requested export doesn't exist.

Import traces:
  Client Component Browser:
    ./components/files/file-grid.tsx [Client Component Browser]
    ./components/files/file-explorer.tsx [Client Component Browser]
    ./components/files/file-client-page.tsx [Client Component Browser]
    ./components/files/file-client-page.tsx [Server Component]
    ./app/files/[[...path]]/page.tsx [Server Component]

  Client Component SSR:
    ./components/files/file-grid.tsx [Client Component SSR]
    ./components/files/file-explorer.tsx [Client Component SSR]
    ./components/files/file-client-page.tsx [Client Component SSR]
    ./components/files/file-client-page.tsx [Server Component]
    ./app/files/[[...path]]/page.tsx [Server Component] @ http://localhost:3000/_next/static/chunks/5d2cf_next_dist_4ad02d79._.js:3127
[  470286ms] [LOG] [Fast Refresh] rebuilding @ http://localhost:3000/_next/static/chunks/5d2cf_next_dist_4ad02d79._.js:2297
[  475959ms] [ERROR] ./components/files/file-grid.tsx:15:1
Export moveItem doesn't exist in target module
  13 | import { toast } from "sonner"
  14 | import { useRouter } from "next/navigation"
> 15 | import { getFileIcon, isImageFile, moveItem } from "./file-utils"
     | ^^^^^^^^^^^^^^^^^^^^^^^^^^^^^^^^^^^^^^^^^^^^^^^^^^^^^^^^^^^^^^^^^
  16 |
  17 | interface FileGridProps {
  18 |   items: FileItem[]

The export moveItem was not found in module [project]/components/files/file-utils.tsx [app-client] (ecmascript).
Did you mean to import isTextFile?
All exports of the module are statically known (It doesn't have dynamic exports). So it's known statically that the requested export doesn't exist.

Import traces:
  Client Component Browser:
    ./components/files/file-grid.tsx [Client Component Browser]
    ./components/files/file-explorer.tsx [Client Component Browser]
    ./components/files/file-client-page.tsx [Client Component Browser]
    ./components/files/file-client-page.tsx [Server Component]
    ./app/files/[[...path]]/page.tsx [Server Component]

  Client Component SSR:
    ./components/files/file-grid.tsx [Client Component SSR]
    ./components/files/file-explorer.tsx [Client Component SSR]
    ./components/files/file-client-page.tsx [Client Component SSR]
    ./components/files/file-client-page.tsx [Server Component]
    ./app/files/[[...path]]/page.tsx [Server Component] @ http://localhost:3000/_next/static/chunks/5d2cf_next_dist_4ad02d79._.js:3127
[  475960ms] [ERROR] ./components/files/file-grid.tsx:15:1
Export moveItem doesn't exist in target module
  13 | import { toast } from "sonner"
  14 | import { useRouter } from "next/navigation"
> 15 | import { getFileIcon, isImageFile, moveItem } from "./file-utils"
     | ^^^^^^^^^^^^^^^^^^^^^^^^^^^^^^^^^^^^^^^^^^^^^^^^^^^^^^^^^^^^^^^^^
  16 |
  17 | interface FileGridProps {
  18 |   items: FileItem[]

The export moveItem was not found in module [project]/components/files/file-utils.tsx [app-ssr] (ecmascript).
Did you mean to import isTextFile?
All exports of the module are statically known (It doesn't have dynamic exports). So it's known statically that the requested export doesn't exist.

Import traces:
  Client Component Browser:
    ./components/files/file-grid.tsx [Client Component Browser]
    ./components/files/file-explorer.tsx [Client Component Browser]
    ./components/files/file-client-page.tsx [Client Component Browser]
    ./components/files/file-client-page.tsx [Server Component]
    ./app/files/[[...path]]/page.tsx [Server Component]

  Client Component SSR:
    ./components/files/file-grid.tsx [Client Component SSR]
    ./components/files/file-explorer.tsx [Client Component SSR]
    ./components/files/file-client-page.tsx [Client Component SSR]
    ./components/files/file-client-page.tsx [Server Component]
    ./app/files/[[...path]]/page.tsx [Server Component] @ http://localhost:3000/_next/static/chunks/5d2cf_next_dist_4ad02d79._.js:3127
[  475977ms] [LOG] [Fast Refresh] rebuilding @ http://localhost:3000/_next/static/chunks/5d2cf_next_dist_4ad02d79._.js:2297
[  496157ms] [LOG] [Fast Refresh] rebuilding @ http://localhost:3000/_next/static/chunks/5d2cf_next_dist_4ad02d79._.js:2297
[  496212ms] [ERROR] ./components/files/file-grid.tsx:15:1
Export moveItem doesn't exist in target module
  13 | import { toast } from "sonner"
  14 | import { useRouter } from "next/navigation"
> 15 | import { getFileIcon, isImageFile, moveItem } from "./file-utils"
     | ^^^^^^^^^^^^^^^^^^^^^^^^^^^^^^^^^^^^^^^^^^^^^^^^^^^^^^^^^^^^^^^^^
  16 |
  17 | interface FileGridProps {
  18 |   items: FileItem[]

The export moveItem was not found in module [project]/components/files/file-utils.tsx [app-client] (ecmascript).
Did you mean to import isTextFile?
All exports of the module are statically known (It doesn't have dynamic exports). So it's known statically that the requested export doesn't exist.

Import traces:
  Client Component Browser:
    ./components/files/file-grid.tsx [Client Component Browser]
    ./components/files/file-explorer.tsx [Client Component Browser]
    ./components/files/file-client-page.tsx [Client Component Browser]
    ./components/files/file-client-page.tsx [Server Component]
    ./app/files/[[...path]]/page.tsx [Server Component]

  Client Component SSR:
    ./components/files/file-grid.tsx [Client Component SSR]
    ./components/files/file-explorer.tsx [Client Component SSR]
    ./components/files/file-client-page.tsx [Client Component SSR]
    ./components/files/file-client-page.tsx [Server Component]
    ./app/files/[[...path]]/page.tsx [Server Component] @ http://localhost:3000/_next/static/chunks/5d2cf_next_dist_4ad02d79._.js:3127
[  496212ms] [ERROR] ./components/files/file-grid.tsx:15:1
Export moveItem doesn't exist in target module
  13 | import { toast } from "sonner"
  14 | import { useRouter } from "next/navigation"
> 15 | import { getFileIcon, isImageFile, moveItem } from "./file-utils"
     | ^^^^^^^^^^^^^^^^^^^^^^^^^^^^^^^^^^^^^^^^^^^^^^^^^^^^^^^^^^^^^^^^^
  16 |
  17 | interface FileGridProps {
  18 |   items: FileItem[]

The export moveItem was not found in module [project]/components/files/file-utils.tsx [app-ssr] (ecmascript).
Did you mean to import isTextFile?
All exports of the module are statically known (It doesn't have dynamic exports). So it's known statically that the requested export doesn't exist.

Import traces:
  Client Component Browser:
    ./components/files/file-grid.tsx [Client Component Browser]
    ./components/files/file-explorer.tsx [Client Component Browser]
    ./components/files/file-client-page.tsx [Client Component Browser]
    ./components/files/file-client-page.tsx [Server Component]
    ./app/files/[[...path]]/page.tsx [Server Component]

  Client Component SSR:
    ./components/files/file-grid.tsx [Client Component SSR]
    ./components/files/file-explorer.tsx [Client Component SSR]
    ./components/files/file-client-page.tsx [Client Component SSR]
    ./components/files/file-client-page.tsx [Server Component]
    ./app/files/[[...path]]/page.tsx [Server Component] @ http://localhost:3000/_next/static/chunks/5d2cf_next_dist_4ad02d79._.js:3127
[  499322ms] [LOG] [Fast Refresh] rebuilding @ http://localhost:3000/_next/static/chunks/5d2cf_next_dist_4ad02d79._.js:2297
[  499368ms] [LOG] [Fast Refresh] done in 84ms @ http://localhost:3000/_next/static/chunks/5d2cf_next_dist_4ad02d79._.js:2297
[  709218ms] [LOG] [Fast Refresh] rebuilding @ http://localhost:3000/_next/static/chunks/5d2cf_next_dist_4ad02d79._.js:2297
[  709270ms] [LOG] [Fast Refresh] done in 122ms @ http://localhost:3000/_next/static/chunks/5d2cf_next_dist_4ad02d79._.js:2297
[  714606ms] [LOG] [Fast Refresh] rebuilding @ http://localhost:3000/_next/static/chunks/5d2cf_next_dist_4ad02d79._.js:2297
[  714611ms] [LOG] [Fast Refresh] done in 104ms @ http://localhost:3000/_next/static/chunks/5d2cf_next_dist_4ad02d79._.js:2297
[  738991ms] [LOG] [Fast Refresh] rebuilding @ http://localhost:3000/_next/static/chunks/5d2cf_next_dist_4ad02d79._.js:2297
[  739008ms] [WARNING] [Fast Refresh] performing full reload

Fast Refresh will perform a full reload when you edit a file that's imported by modules outside of the React rendering tree.
You might have a file which exports a React component but also exports a value that is imported by a non-React component file.
Consider migrating the non-React component export to a separate file and importing it into both files.

It is also possible the parent component of the component you edited is a class component, which disables Fast Refresh.
Fast Refresh requires at least one parent function component in your React tree. @ http://localhost:3000/_next/static/chunks/5d2cf_next_dist_4ad02d79._.js:2297
[  739112ms] [LOG] [Fast Refresh] done in 68ms @ http://localhost:3000/_next/static/chunks/5d2cf_next_dist_4ad02d79._.js:2297
[  739213ms] [LOG] [Fast Refresh] rebuilding @ http://localhost:3000/_next/static/chunks/5d2cf_next_dist_4ad02d79._.js:2297
[  739230ms] [LOG] [Fast Refresh] done in 117ms @ http://localhost:3000/_next/static/chunks/5d2cf_next_dist_4ad02d79._.js:2297
[  739347ms] [LOG] [Fast Refresh] rebuilding @ http://localhost:3000/_next/static/chunks/5d2cf_next_dist_4ad02d79._.js:2297
[  739535ms] [LOG] [Fast Refresh] done in 288ms @ http://localhost:3000/_next/static/chunks/5d2cf_next_dist_4ad02d79._.js:2297
[  739636ms] [LOG] [Fast Refresh] rebuilding @ http://localhost:3000/_next/static/chunks/5d2cf_next_dist_4ad02d79._.js:2297
[  739677ms] [LOG] [Fast Refresh] done in 141ms @ http://localhost:3000/_next/static/chunks/5d2cf_next_dist_4ad02d79._.js:2297
[  739779ms] [INFO] %cDownload the React DevTools for a better development experience: https://react.dev/link/react-devtools font-weight:bold @ http://localhost:3000/_next/static/chunks/5d2cf_next_dist_4ad02d79._.js:2297
[  739812ms] [LOG] [HMR] connected @ http://localhost:3000/_next/static/chunks/5d2cf_next_dist_4ad02d79._.js:2297
