[     125ms] [INFO] %cDownload the React DevTools for a better development experience: https://react.dev/link/react-devtools font-weight:bold @ http://localhost:3777/_next/static/chunks/5d2cf_next_dist_4ad02d79._.js:2297
[     142ms] [LOG] [HMR] connected @ http://localhost:3777/_next/static/chunks/5d2cf_next_dist_4ad02d79._.js:2297
[     442ms] [ERROR] Access to fetch at 'http://localhost:8000/team' from origin 'http://localhost:3777' has been blocked by CORS policy: Response to preflight request doesn't pass access control check: No 'Access-Control-Allow-Origin' header is present on the requested resource. @ http://localhost:3777/dashboard:0
[     442ms] [ERROR] Failed to load resource: net::ERR_FAILED @ http://localhost:8000/team:0
[     442ms] [ERROR] Access to fetch at 'http://localhost:8000/tasks' from origin 'http://localhost:3777' has been blocked by CORS policy: Response to preflight request doesn't pass access control check: No 'Access-Control-Allow-Origin' header is present on the requested resource. @ http://localhost:3777/dashboard:0
[     442ms] [ERROR] Failed to load resource: net::ERR_FAILED @ http://localhost:8000/tasks:0
[     442ms] [ERROR] Access to fetch at 'http://localhost:8000/activity?limit=200' from origin 'http://localhost:3777' has been blocked by CORS policy: Response to preflight request doesn't pass access control check: No 'Access-Control-Allow-Origin' header is present on the requested resource. @ http://localhost:3777/dashboard:0
[     442ms] [ERROR] Failed to load resource: net::ERR_FAILED @ http://localhost:8000/activity?limit=200:0
[   75353ms] [ERROR] WebSocket connection to 'ws://localhost:3777/_next/webpack-hmr?id=AFWNcwKT7nAl8TnNpgXfe' failed: Error in connection establishment: net::ERR_CONNECTION_REFUSED @ http://localhost:3777/_next/static/chunks/5d2cf_next_dist_client_a690c487._.js:10878
[   76355ms] [ERROR] WebSocket connection to 'ws://localhost:3777/_next/webpack-hmr?id=AFWNcwKT7nAl8TnNpgXfe' failed: Error in connection establishment: net::ERR_CONNECTION_REFUSED @ http://localhost:3777/_next/static/chunks/5d2cf_next_dist_client_a690c487._.js:10878
[   77358ms] [ERROR] WebSocket connection to 'ws://localhost:3777/_next/webpack-hmr?id=AFWNcwKT7nAl8TnNpgXfe' failed: Error in connection establishment: net::ERR_CONNECTION_REFUSED @ http://localhost:3777/_next/static/chunks/5d2cf_next_dist_client_a690c487._.js:10878
[   78359ms] [ERROR] WebSocket connection to 'ws://localhost:3777/_next/webpack-hmr?id=AFWNcwKT7nAl8TnNpgXfe' failed: Error in connection establishment: net::ERR_CONNECTION_REFUSED @ http://localhost:3777/_next/static/chunks/5d2cf_next_dist_client_a690c487._.js:10878
[   79360ms] [ERROR] WebSocket connection to 'ws://localhost:3777/_next/webpack-hmr?id=AFWNcwKT7nAl8TnNpgXfe' failed: Error in connection establishment: net::ERR_CONNECTION_REFUSED @ http://localhost:3777/_next/static/chunks/5d2cf_next_dist_client_a690c487._.js:10878
[   84363ms] [ERROR] WebSocket connection to 'ws://localhost:3777/_next/webpack-hmr?id=AFWNcwKT7nAl8TnNpgXfe' failed: Error in connection establishment: net::ERR_CONNECTION_REFUSED @ http://localhost:3777/_next/static/chunks/5d2cf_next_dist_client_a690c487._.js:10878
[   89364ms] [ERROR] WebSocket connection to 'ws://localhost:3777/_next/webpack-hmr?id=AFWNcwKT7nAl8TnNpgXfe' failed: Error in connection establishment: net::ERR_CONNECTION_REFUSED @ http://localhost:3777/_next/static/chunks/5d2cf_next_dist_client_a690c487._.js:10878
[   94367ms] [ERROR] WebSocket connection to 'ws://localhost:3777/_next/webpack-hmr?id=AFWNcwKT7nAl8TnNpgXfe' failed: Error in connection establishment: net::ERR_CONNECTION_REFUSED @ http://localhost:3777/_next/static/chunks/5d2cf_next_dist_client_a690c487._.js:10878
[   99369ms] [ERROR] WebSocket connection to 'ws://localhost:3777/_next/webpack-hmr?id=AFWNcwKT7nAl8TnNpgXfe' failed: Error in connection establishment: net::ERR_CONNECTION_REFUSED @ http://localhost:3777/_next/static/chunks/5d2cf_next_dist_client_a690c487._.js:10878
[  104372ms] [ERROR] WebSocket connection to 'ws://localhost:3777/_next/webpack-hmr?id=AFWNcwKT7nAl8TnNpgXfe' failed: Error in connection establishment: net::ERR_CONNECTION_REFUSED @ http://localhost:3777/_next/static/chunks/5d2cf_next_dist_client_a690c487._.js:10878
[  109373ms] [ERROR] WebSocket connection to 'ws://localhost:3777/_next/webpack-hmr?id=AFWNcwKT7nAl8TnNpgXfe' failed: Error in connection establishment: net::ERR_CONNECTION_REFUSED @ http://localhost:3777/_next/static/chunks/5d2cf_next_dist_client_a690c487._.js:10878
[  114374ms] [ERROR] WebSocket connection to 'ws://localhost:3777/_next/webpack-hmr?id=AFWNcwKT7nAl8TnNpgXfe' failed: Error in connection establishment: net::ERR_CONNECTION_REFUSED @ http://localhost:3777/_next/static/chunks/5d2cf_next_dist_client_a690c487._.js:10878
