[     126ms] [LOG] [Fast Refresh] rebuilding @ http://localhost:3777/_next/static/chunks/5d2cf_next_dist_4ad02d79._.js:2297
[     132ms] [LOG] [Fast Refresh] done in 107ms @ http://localhost:3777/_next/static/chunks/5d2cf_next_dist_4ad02d79._.js:2297
[     259ms] [INFO] %cDownload the React DevTools for a better development experience: https://react.dev/link/react-devtools font-weight:bold @ http://localhost:3777/_next/static/chunks/5d2cf_next_dist_4ad02d79._.js:2297
[     277ms] [LOG] [HMR] connected @ http://localhost:3777/_next/static/chunks/5d2cf_next_dist_4ad02d79._.js:2297
[     555ms] [ERROR] Access to fetch at 'http://localhost:8000/team' from origin 'http://localhost:3777' has been blocked by CORS policy: Response to preflight request doesn't pass access control check: No 'Access-Control-Allow-Origin' header is present on the requested resource. @ http://localhost:3777/tasks:0
[     555ms] [ERROR] Failed to load resource: net::ERR_FAILED @ http://localhost:8000/team:0
[     555ms] [ERROR] Access to fetch at 'http://localhost:8000/tasks' from origin 'http://localhost:3777' has been blocked by CORS policy: Response to preflight request doesn't pass access control check: No 'Access-Control-Allow-Origin' header is present on the requested resource. @ http://localhost:3777/tasks:0
[     556ms] [ERROR] Failed to load resource: net::ERR_FAILED @ http://localhost:8000/tasks:0
[     556ms] [ERROR] Access to fetch at 'http://localhost:8000/activity?limit=200' from origin 'http://localhost:3777' has been blocked by CORS policy: Response to preflight request doesn't pass access control check: No 'Access-Control-Allow-Origin' header is present on the requested resource. @ http://localhost:3777/tasks:0
[     556ms] [ERROR] Failed to load resource: net::ERR_FAILED @ http://localhost:8000/activity?limit=200:0
[   17272ms] [ERROR] Access to fetch at 'http://localhost:8000/tasks' from origin 'http://localhost:3777' has been blocked by CORS policy: Response to preflight request doesn't pass access control check: No 'Access-Control-Allow-Origin' header is present on the requested resource. @ http://localhost:3777/tasks:0
[   17272ms] [ERROR] Failed to load resource: net::ERR_FAILED @ http://localhost:8000/tasks:0
[   17275ms] [ERROR] Access to fetch at 'http://localhost:8000/tasks' from origin 'http://localhost:3777' has been blocked by CORS policy: Response to preflight request doesn't pass access control check: No 'Access-Control-Allow-Origin' header is present on the requested resource. @ http://localhost:3777/tasks:0
[   17275ms] [ERROR] Failed to load resource: net::ERR_FAILED @ http://localhost:8000/tasks:0
[   44104ms] [WARNING] Warning: Missing `Description` or `aria-describedby={undefined}` for {DialogContent}. @ http://localhost:3777/_next/static/chunks/5d2cf_next_dist_4ad02d79._.js:2297
[   44106ms] [WARNING] Warning: Missing `Description` or `aria-describedby={undefined}` for {DialogContent}. @ http://localhost:3777/_next/static/chunks/5d2cf_next_dist_4ad02d79._.js:2297
[  121932ms] [ERROR] Access to fetch at 'http://localhost:8000/tasks' from origin 'http://localhost:3777' has been blocked by CORS policy: Response to preflight request doesn't pass access control check: No 'Access-Control-Allow-Origin' header is present on the requested resource. @ http://localhost:3777/tasks:0
[  121932ms] [ERROR] Failed to load resource: net::ERR_FAILED @ http://localhost:8000/tasks:0
[  121936ms] [ERROR] Access to fetch at 'http://localhost:8000/tasks' from origin 'http://localhost:3777' has been blocked by CORS policy: Response to preflight request doesn't pass access control check: No 'Access-Control-Allow-Origin' header is present on the requested resource. @ http://localhost:3777/tasks:0
[  121936ms] [ERROR] Failed to load resource: net::ERR_FAILED @ http://localhost:8000/tasks:0
