[      99ms] [INFO] %cDownload the React DevTools for a better development experience: https://react.dev/link/react-devtools font-weight:bold @ http://localhost:3000/_next/static/chunks/5d2cf_next_dist_4ad02d79._.js:2297
[     123ms] [LOG] [HMR] connected @ http://localhost:3000/_next/static/chunks/5d2cf_next_dist_4ad02d79._.js:2297
[   37975ms] [LOG] [Fast Refresh] rebuilding @ http://localhost:3000/_next/static/chunks/5d2cf_next_dist_4ad02d79._.js:2297
[   38078ms] [LOG] [Fast Refresh] done in 111ms @ http://localhost:3000/_next/static/chunks/5d2cf_next_dist_4ad02d79._.js:2297
[   41963ms] [LOG] [Fast Refresh] rebuilding @ http://localhost:3000/_next/static/chunks/5d2cf_next_dist_4ad02d79._.js:2297
[   41985ms] [LOG] [Fast Refresh] done in 65ms @ http://localhost:3000/_next/static/chunks/5d2cf_next_dist_4ad02d79._.js:2297
[  315197ms] [LOG] [Fast Refresh] rebuilding @ http://localhost:3000/_next/static/chunks/5d2cf_next_dist_4ad02d79._.js:2297
[  315198ms] [WARNING] [Fast Refresh] performing full reload

Fast Refresh will perform a full reload when you edit a file that's imported by modules outside of the React rendering tree.
You might have a file which exports a React component but also exports a value that is imported by a non-React component file.
Consider migrating the non-React component export to a separate file and importing it into both files.

It is also possible the parent component of the component you edited is a class component, which disables Fast Refresh.
Fast Refresh requires at least one parent function component in your React tree. @ http://localhost:3000/_next/static/chunks/5d2cf_next_dist_4ad02d79._.js:2297
[  315316ms] [LOG] [Fast Refresh] done in 60ms @ http://localhost:3000/_next/static/chunks/5d2cf_next_dist_4ad02d79._.js:2297
[  315696ms] [INFO] %cDownload the React DevTools for a better development experience: https://react.dev/link/react-devtools font-weight:bold @ http://localhost:3000/_next/static/chunks/5d2cf_next_dist_4ad02d79._.js:2297
[  315726ms] [LOG] [HMR] connected @ http://localhost:3000/_next/static/chunks/5d2cf_next_dist_4ad02d79._.js:2297
[  373106ms] [LOG] [Fast Refresh] rebuilding @ http://localhost:3000/_next/static/chunks/5d2cf_next_dist_4ad02d79._.js:2297
[  373180ms] [LOG] [Fast Refresh] done in 144ms @ http://localhost:3000/_next/static/chunks/5d2cf_next_dist_4ad02d79._.js:2297
[  470923ms] [LOG] [Fast Refresh] rebuilding @ http://localhost:3000/_next/static/chunks/5d2cf_next_dist_4ad02d79._.js:2297
[  471371ms] [LOG] [Fast Refresh] done in 549ms @ http://localhost:3000/_next/static/chunks/5d2cf_next_dist_4ad02d79._.js:2297
[  471568ms] [LOG] [Fast Refresh] rebuilding @ http://localhost:3000/_next/static/chunks/5d2cf_next_dist_4ad02d79._.js:2297
[  471720ms] [LOG] [Fast Refresh] done in 251ms @ http://localhost:3000/_next/static/chunks/5d2cf_next_dist_4ad02d79._.js:2297
[  625040ms] [LOG] [Fast Refresh] rebuilding @ http://localhost:3000/_next/static/chunks/5d2cf_next_dist_4ad02d79._.js:2297
[  625869ms] [LOG] [Fast Refresh] done in 928ms @ http://localhost:3000/_next/static/chunks/5d2cf_next_dist_4ad02d79._.js:2297
[  626728ms] [LOG] [Fast Refresh] rebuilding @ http://localhost:3000/_next/static/chunks/5d2cf_next_dist_4ad02d79._.js:2297
[  626741ms] [LOG] [Fast Refresh] done in 114ms @ http://localhost:3000/_next/static/chunks/5d2cf_next_dist_4ad02d79._.js:2297
[  632130ms] [LOG] [Fast Refresh] rebuilding @ http://localhost:3000/_next/static/chunks/5d2cf_next_dist_4ad02d79._.js:2297
[  632137ms] [LOG] [Fast Refresh] done in 106ms @ http://localhost:3000/_next/static/chunks/5d2cf_next_dist_4ad02d79._.js:2297
[  671856ms] [LOG] [Fast Refresh] rebuilding @ http://localhost:3000/_next/static/chunks/5d2cf_next_dist_4ad02d79._.js:2297
[  671882ms] [LOG] [Fast Refresh] done in 126ms @ http://localhost:3000/_next/static/chunks/5d2cf_next_dist_4ad02d79._.js:2297
[  673316ms] [LOG] [Fast Refresh] rebuilding @ http://localhost:3000/_next/static/chunks/5d2cf_next_dist_4ad02d79._.js:2297
[  673321ms] [LOG] [Fast Refresh] done in 105ms @ http://localhost:3000/_next/static/chunks/5d2cf_next_dist_4ad02d79._.js:2297
[  743474ms] [LOG] [Fast Refresh] rebuilding @ http://localhost:3000/_next/static/chunks/5d2cf_next_dist_4ad02d79._.js:2297
[  743482ms] [LOG] [Fast Refresh] done in 107ms @ http://localhost:3000/_next/static/chunks/5d2cf_next_dist_4ad02d79._.js:2297
[  758623ms] [LOG] [Fast Refresh] rebuilding @ http://localhost:3000/_next/static/chunks/5d2cf_next_dist_4ad02d79._.js:2297
[  758625ms] [LOG] [Fast Refresh] done in 103ms @ http://localhost:3000/_next/static/chunks/5d2cf_next_dist_4ad02d79._.js:2297
[  819833ms] [LOG] [Fast Refresh] rebuilding @ http://localhost:3000/_next/static/chunks/5d2cf_next_dist_4ad02d79._.js:2297
[  819882ms] [LOG] [Fast Refresh] done in 150ms @ http://localhost:3000/_next/static/chunks/5d2cf_next_dist_4ad02d79._.js:2297
[  860696ms] [LOG] [Fast Refresh] rebuilding @ http://localhost:3000/_next/static/chunks/5d2cf_next_dist_4ad02d79._.js:2297
[  860723ms] [LOG] [Fast Refresh] done in 127ms @ http://localhost:3000/_next/static/chunks/5d2cf_next_dist_4ad02d79._.js:2297
[ 1904319ms] [LOG] [Fast Refresh] rebuilding @ http://localhost:3000/_next/static/chunks/5d2cf_next_dist_4ad02d79._.js:2297
[ 1904413ms] [WARNING] [Fast Refresh] performing full reload

Fast Refresh will perform a full reload when you edit a file that's imported by modules outside of the React rendering tree.
You might have a file which exports a React component but also exports a value that is imported by a non-React component file.
Consider migrating the non-React component export to a separate file and importing it into both files.

It is also possible the parent component of the component you edited is a class component, which disables Fast Refresh.
Fast Refresh requires at least one parent function component in your React tree. @ http://localhost:3000/_next/static/chunks/5d2cf_next_dist_4ad02d79._.js:2297
[ 1904507ms] [LOG] [Fast Refresh] done in 194ms @ http://localhost:3000/_next/static/chunks/5d2cf_next_dist_4ad02d79._.js:2297
[ 1905938ms] [INFO] %cDownload the React DevTools for a better development experience: https://react.dev/link/react-devtools font-weight:bold @ http://localhost:3000/_next/static/chunks/5d2cf_next_dist_4ad02d79._.js:2297
[ 1905963ms] [LOG] [HMR] connected @ http://localhost:3000/_next/static/chunks/5d2cf_next_dist_4ad02d79._.js:2297
[ 1916054ms] [LOG] [Fast Refresh] rebuilding @ http://localhost:3000/_next/static/chunks/5d2cf_next_dist_4ad02d79._.js:2297
[ 1916120ms] [WARNING] [Fast Refresh] performing full reload

Fast Refresh will perform a full reload when you edit a file that's imported by modules outside of the React rendering tree.
You might have a file which exports a React component but also exports a value that is imported by a non-React component file.
Consider migrating the non-React component export to a separate file and importing it into both files.

It is also possible the parent component of the component you edited is a class component, which disables Fast Refresh.
Fast Refresh requires at least one parent function component in your React tree. @ http://localhost:3000/_next/static/chunks/5d2cf_next_dist_4ad02d79._.js:2297
[ 1916122ms] [WARNING] [Fast Refresh] performing full reload

Fast Refresh will perform a full reload when you edit a file that's imported by modules outside of the React rendering tree.
You might have a file which exports a React component but also exports a value that is imported by a non-React component file.
Consider migrating the non-React component export to a separate file and importing it into both files.

It is also possible the parent component of the component you edited is a class component, which disables Fast Refresh.
Fast Refresh requires at least one parent function component in your React tree. @ http://localhost:3000/_next/static/chunks/5d2cf_next_dist_4ad02d79._.js:2297
[ 1916254ms] [LOG] [Fast Refresh] done in 169ms @ http://localhost:3000/_next/static/chunks/5d2cf_next_dist_4ad02d79._.js:2297
[ 1917604ms] [INFO] %cDownload the React DevTools for a better development experience: https://react.dev/link/react-devtools font-weight:bold @ http://localhost:3000/_next/static/chunks/5d2cf_next_dist_4ad02d79._.js:2297
[ 1917624ms] [LOG] [HMR] connected @ http://localhost:3000/_next/static/chunks/5d2cf_next_dist_4ad02d79._.js:2297
